Archive member included because of file (symbol)

contiki-z1.a(contiki-z1-plat)
                              obj_z1/contiki-z1-main.o (init_platform)
contiki-z1.a(msp430.o)        obj_z1/contiki-z1-main.o (splhigh_)
contiki-z1.a(leds.o)          obj_z1/contiki-z1-main.o (leds_init)
contiki-z1.a(watchdog.o)      obj_z1/contiki-z1-main.o (watchdog_start)
contiki-z1.a(xmem.o)          obj_z1/contiki-z1-main.o (xmem_init)
contiki-z1.a(spi.o)           contiki-z1.a(xmem.o) (spi_init)
contiki-z1.a(cc2420.o)        obj_z1/contiki-z1-main.o (cc2420_set_pan_addr)
contiki-z1.a(cc2420-arch.o)   contiki-z1.a(cc2420.o) (cc2420_arch_init)
contiki-z1.a(node-id.o)       obj_z1/contiki-z1-main.o (node_id_restore)
contiki-z1.a(sensors.o)       contiki-z1.a(contiki-z1-plat) (sensors_process)
contiki-z1.a(button-sensor.o)
                              obj_z1/contiki-z1-main.o (button_sensor)
contiki-z1.a(uart0.o)         obj_z1/contiki-z1-main.o (uart0_active)
contiki-z1.a(uart0-putchar.o)
                              udp-client.co (putchar)
contiki-z1.a(adxl345.o)       obj_z1/contiki-z1-main.o (accm_init)
contiki-z1.a(clock.o)         obj_z1/contiki-z1-main.o (clock_init)
contiki-z1.a(leds-arch.o)     contiki-z1.a(leds.o) (leds_arch_init)
contiki-z1.a(rtimer-arch.o)   obj_z1/contiki-z1-main.o (rtimer_arch_now)
contiki-z1.a(autostart.o)     obj_z1/contiki-z1-main.o (autostart_start)
contiki-z1.a(ctimer.o)        obj_z1/contiki-z1-main.o (ctimer_init)
contiki-z1.a(energest.o)      obj_z1/contiki-z1-main.o (energest_init)
contiki-z1.a(etimer.o)        contiki-z1.a(clock.o) (etimer_request_poll)
contiki-z1.a(process.o)       udp-client.co (process_current)
contiki-z1.a(rtimer.o)        obj_z1/contiki-z1-main.o (rtimer_init)
contiki-z1.a(timer.o)         contiki-z1.a(button-sensor.o) (timer_set)
contiki-z1.a(list.o)          contiki-z1.a(ctimer.o) (list_init)
contiki-z1.a(random.o)        udp-client.co (random_rand)
contiki-z1.a(sicslowpan.o)    obj_z1/contiki-z1-main.o (sicslowpan_driver)
contiki-z1.a(uip6.o)          contiki-z1.a(sicslowpan.o) (uip_aligned_buf)
contiki-z1.a(uip-ds6.o)       contiki-z1.a(uip6.o) (uip_ds6_is_addr_onlink)
contiki-z1.a(uip-ds6-nbr.o)   contiki-z1.a(uip-ds6.o) (uip_ds6_neighbors_init)
contiki-z1.a(uip-ds6-route.o)
                              contiki-z1.a(uip-ds6.o) (uip_ds6_route_init)
contiki-z1.a(uip-icmp6.o)     contiki-z1.a(uip6.o) (uip_icmp6_input)
contiki-z1.a(uip-nd6.o)       contiki-z1.a(uip-ds6-nbr.o) (uip_nd6_ns_output)
contiki-z1.a(tcpip.o)         contiki-z1.a(sicslowpan.o) (tcpip_set_outputfunc)
contiki-z1.a(uip-debug.o)     udp-client.co (uip_debug_ipaddr_print)
contiki-z1.a(uip-udp-packet.)
                              udp-client.co (uip_udp_packet_sendto)
contiki-z1.a(rpl.o)           contiki-z1.a(uip-ds6-nbr.o) (rpl_link_neighbor_callback)
contiki-z1.a(rpl-dag.o)       contiki-z1.a(rpl.o) (default_instance)
contiki-z1.a(rpl-ext-header.)
                              contiki-z1.a(uip6.o) (rpl_verify_header)
contiki-z1.a(rpl-icmp6.o)     contiki-z1.a(rpl.o) (dao_output_target)
contiki-z1.a(rpl-mrhof.o)     contiki-z1.a(rpl.o) (rpl_mrhof)
contiki-z1.a(rpl-timers.o)    contiki-z1.a(rpl.o) (rpl_reset_periodic_timer)
contiki-z1.a(linkaddr.o)      obj_z1/contiki-z1-main.o (linkaddr_copy)
contiki-z1.a(nbr-table.o)     contiki-z1.a(uip-ds6-nbr.o) (nbr_table_register)
contiki-z1.a(packetbuf.o)     contiki-z1.a(cc2420.o) (packetbuf_set_datalen)
contiki-z1.a(queuebuf.o)      obj_z1/contiki-z1-main.o (queuebuf_init)
contiki-z1.a(csma.o)          obj_z1/contiki-z1-main.o (csma_driver)
contiki-z1.a(framer-802154.o)
                              contiki-z1.a(sicslowpan.o) (framer_802154)
contiki-z1.a(framer.o)        contiki-z1.a(framer-802154.o) (framer_canonical_create_and_secure)
contiki-z1.a(mac.o)           contiki-z1.a(csma.o) (mac_call_sent_callback)
contiki-z1.a(contikimac.o)    obj_z1/contiki-z1-main.o (contikimac_driver)
contiki-z1.a(nullsec.o)       contiki-z1.a(sicslowpan.o) (nullsec_driver)
contiki-z1.a(i2cmaster.o)     contiki-z1.a(adxl345.o) (i2c_receiveinit)
contiki-z1.a(stimer.o)        contiki-z1.a(uip-ds6.o) (stimer_set)
contiki-z1.a(memb.o)          contiki-z1.a(uip-ds6-route.o) (memb_init)
contiki-z1.a(frame802154.o)   contiki-z1.a(framer-802154.o) (frame802154_hdrlen)
contiki-z1.a(mac-sequence.o)  contiki-z1.a(contikimac.o) (mac_sequence_is_duplicate)
/usr/local/msp430/bin/../lib/gcc/msp430/4.7.0/mcpu-430x/mmpy-16/msr20/mc20/libgcc.a(_mulsi3.o)
                              contiki-z1.a(rpl-timers.o) (__mulsi3)
/usr/local/msp430/bin/../lib/gcc/msp430/4.7.0/mcpu-430x/mmpy-16/msr20/mc20/libgcc.a(_udivmod16.o)
                              contiki-z1.a(rpl-dag.o) (__udivhi3)
/usr/local/msp430/bin/../lib/gcc/msp430/4.7.0/mcpu-430x/mmpy-16/msr20/mc20/libgcc.a(_divmod16.o)
                              contiki-z1.a(sicslowpan.o) (__divhi3)
/usr/local/msp430/bin/../lib/gcc/msp430/4.7.0/mcpu-430x/mmpy-16/msr20/mc20/libgcc.a(_udivmod32.o)
[...]
Memory Configuration

Name             Origin             Length             Attributes
sfr              0x00000000         0x00000010
peripheral_8bit  0x00000010         0x000000f0
peripheral_16bit 0x00000100         0x00000100
ram_mirror       0x00000200         0x00000800         xw
infomem          0x00001000         0x00000100
infod            0x00001000         0x00000040
infoc            0x00001040         0x00000040
infob            0x00001080         0x00000040
infoa            0x000010c0         0x00000040
ram              0x00001100         0x00002000         xw
rom              0x00003100         0x0000cebe         xr
vectors          0x0000ffc0         0x00000040
far_rom          0x00010000         0x0000a000
bsl              0x00000000         0x00000000
ram2             0x00000000         0x00000000         xw
usbram           0x00000000         0x00000000         xw
*default*        0x00000000         0xffffffff

Linker script and memory map

LOAD /usr/local/msp430/bin/../lib/gcc/msp430/4.7.0/mcpu-430x/mmpy-16/msr20/mc20/crt0ivtbl32.o
                0x00000041                __P1SEL2 = 0x41
                0x00000045                __P5SEL2 = 0x45
LOAD udp-client.co
LOAD obj_z1/contiki-z1-main.o
LOAD contiki-z1.a
LOAD /usr/local/msp430/bin/../lib/gcc/msp430/4.7.0/mcpu-430x/mmpy-16/msr20/mc20/libgcc.a
LOAD /usr/local/msp430/bin/../lib/gcc/msp430/4.7.0/../../../../msp430/lib/mcpu-430x/mmpy-16/msr20/mc20/libc.a
LOAD /usr/local/msp430/bin/../lib/gcc/msp430/4.7.0/mcpu-430x/mmpy-16/msr20/mc20/libgcc.a
LOAD /usr/local/msp430/bin/../lib/gcc/msp430/4.7.0/mcpu-430x/mmpy-16/msr20/mc20/libcrt0.a
                0x00000040                PROVIDE (__info_segment_size, 0x40)
                0x00001000                PROVIDE (__infod, 0x1000)
                0x00001040                PROVIDE (__infoc, 0x1040)
                0x00001080                PROVIDE (__infob, 0x1080)
                0x000010c0                PROVIDE (__infoa, 0x10c0)
                0x00000000                __IE1 = 0x0
                0x00000002                __IFG1 = 0x2
                0x00000001                __IE2 = 0x1
                0x00000003                __IFG2 = 0x3
                0x00000006                __UC1IE = 0x6
                0x00000007                __UC1IFG = 0x7
                0x000001a0                __ADC12CTL0 = 0x1a0
                0x000001a2                __ADC12CTL1 = 0x1a2
                0x000001a4                __ADC12IFG = 0x1a4
                0x000001a6                __ADC12IE = 0x1a6
                0x000001a8                __ADC12IV = 0x1a8
                0x00000140                __ADC12MEM0 = 0x140
                0x00000142                __ADC12MEM1 = 0x142
                0x00000144                __ADC12MEM2 = 0x144
                0x00000146                __ADC12MEM3 = 0x146
                0x00000148                __ADC12MEM4 = 0x148
                0x0000014a                __ADC12MEM5 = 0x14a
                0x0000014c                __ADC12MEM6 = 0x14c
                0x0000014e                __ADC12MEM7 = 0x14e
                0x00000150                __ADC12MEM8 = 0x150
                0x00000152                __ADC12MEM9 = 0x152
                0x00000154                __ADC12MEM10 = 0x154
                0x00000156                __ADC12MEM11 = 0x156
                0x00000158                __ADC12MEM12 = 0x158
                0x0000015a                __ADC12MEM13 = 0x15a
                0x0000015c                __ADC12MEM14 = 0x15c
                0x0000015e                __ADC12MEM15 = 0x15e
                0x00000080                __ADC12MCTL0 = 0x80
                0x00000081                __ADC12MCTL1 = 0x81
                0x00000082                __ADC12MCTL2 = 0x82
                0x00000083                __ADC12MCTL3 = 0x83
                0x00000084                __ADC12MCTL4 = 0x84
                0x00000085                __ADC12MCTL5 = 0x85
                0x00000086                __ADC12MCTL6 = 0x86
                0x00000087                __ADC12MCTL7 = 0x87
                0x00000088                __ADC12MCTL8 = 0x88
                0x00000089                __ADC12MCTL9 = 0x89
                0x0000008a                __ADC12MCTL10 = 0x8a
                0x0000008b                __ADC12MCTL11 = 0x8b
                0x0000008c                __ADC12MCTL12 = 0x8c
                0x0000008d                __ADC12MCTL13 = 0x8d
                0x0000008e                __ADC12MCTL14 = 0x8e
                0x0000008f                __ADC12MCTL15 = 0x8f
                0x00000056                __DCOCTL = 0x56
                0x00000057                __BCSCTL1 = 0x57
                0x00000058                __BCSCTL2 = 0x58
                0x00000053                __BCSCTL3 = 0x53
                0x00000059                __CACTL1 = 0x59
                0x0000005a                __CACTL2 = 0x5a
                0x0000005b                __CAPD = 0x5b
                0x000001c0                __DAC12_0CTL = 0x1c0
                0x000001c2                __DAC12_1CTL = 0x1c2
                0x000001c8                __DAC12_0DAT = 0x1c8
                0x000001ca                __DAC12_1DAT = 0x1ca
                0x00000122                __DMACTL0 = 0x122
                0x00000124                __DMACTL1 = 0x124
                0x00000126                __DMAIV = 0x126
                0x000001d0                __DMA0CTL = 0x1d0
                0x000001dc                __DMA1CTL = 0x1dc
                0x000001e8                __DMA2CTL = 0x1e8
                0x000001d2                __DMA0SA = 0x1d2
                0x000001d2                __DMA0SAL = 0x1d2
                0x000001d6                __DMA0DA = 0x1d6
                0x000001d6                __DMA0DAL = 0x1d6
                0x000001da                __DMA0SZ = 0x1da
                0x000001de                __DMA1SA = 0x1de
                0x000001de                __DMA1SAL = 0x1de
                0x000001e2                __DMA1DA = 0x1e2
                0x000001e2                __DMA1DAL = 0x1e2
                0x000001e6                __DMA1SZ = 0x1e6
                0x000001ea                __DMA2SA = 0x1ea
                0x000001ea                __DMA2SAL = 0x1ea
                0x000001ee                __DMA2DA = 0x1ee
                0x000001ee                __DMA2DAL = 0x1ee
                0x000001f2                __DMA2SZ = 0x1f2
                0x00000128                __FCTL1 = 0x128
                0x0000012a                __FCTL2 = 0x12a
                0x0000012c                __FCTL3 = 0x12c
                0x000001be                __FCTL4 = 0x1be
                0x00000130                __MPY = 0x130
                0x00000132                __MPYS = 0x132
                0x00000134                __MAC = 0x134
                0x00000136                __MACS = 0x136
                0x00000138                __OP2 = 0x138
                0x0000013a                __RESLO = 0x13a
                0x0000013c                __RESHI = 0x13c
                0x0000013e                __SUMEXT = 0x13e
                0x00000020                __P1IN = 0x20
                0x00000021                __P1OUT = 0x21
                0x00000022                __P1DIR = 0x22
                0x00000023                __P1IFG = 0x23
                0x00000024                __P1IES = 0x24
                0x00000025                __P1IE = 0x25
                0x00000026                __P1SEL = 0x26
                0x00000027                __P1REN = 0x27
                0x00000028                __P2IN = 0x28
                0x00000029                __P2OUT = 0x29
                0x0000002a                __P2DIR = 0x2a
                0x0000002b                __P2IFG = 0x2b
                0x0000002c                __P2IES = 0x2c
                0x0000002d                __P2IE = 0x2d
                0x0000002e                __P2SEL = 0x2e
                0x0000002f                __P2REN = 0x2f
                0x00000018                __P3IN = 0x18
                0x00000019                __P3OUT = 0x19
                0x0000001a                __P3DIR = 0x1a
                0x0000001b                __P3SEL = 0x1b
                0x00000010                __P3REN = 0x10
                0x0000001c                __P4IN = 0x1c
                0x0000001d                __P4OUT = 0x1d
                0x0000001e                __P4DIR = 0x1e
                0x0000001f                __P4SEL = 0x1f
                0x00000011                __P4REN = 0x11
                0x00000030                __P5IN = 0x30
                0x00000031                __P5OUT = 0x31
                0x00000032                __P5DIR = 0x32
                0x00000033                __P5SEL = 0x33
                0x00000012                __P5REN = 0x12
                0x00000034                __P6IN = 0x34
                0x00000035                __P6OUT = 0x35
                0x00000036                __P6DIR = 0x36
                0x00000037                __P6SEL = 0x37
                0x00000013                __P6REN = 0x13
                0x00000038                __P7IN = 0x38
                0x0000003a                __P7OUT = 0x3a
                0x0000003c                __P7DIR = 0x3c
                0x0000003e                __P7SEL = 0x3e
                0x00000014                __P7REN = 0x14
                0x00000039                __P8IN = 0x39
                0x0000003b                __P8OUT = 0x3b
                0x0000003d                __P8DIR = 0x3d
                0x0000003f                __P8SEL = 0x3f
                0x00000015                __P8REN = 0x15
                0x00000038                __PAIN = 0x38
                0x0000003a                __PAOUT = 0x3a
                0x0000003c                __PADIR = 0x3c
                0x0000003e                __PASEL = 0x3e
                0x00000014                __PAREN = 0x14
                0x00000055                __SVSCTL = 0x55
                0x0000012e                __TAIV = 0x12e
                0x00000160                __TACTL = 0x160
                0x00000162                __TACCTL0 = 0x162
                0x00000164                __TACCTL1 = 0x164
                0x00000166                __TACCTL2 = 0x166
                0x00000170                __TAR = 0x170
                0x00000172                __TACCR0 = 0x172
                0x00000174                __TACCR1 = 0x174
                0x00000176                __TACCR2 = 0x176
                0x0000011e                __TBIV = 0x11e
                0x00000180                __TBCTL = 0x180
                0x00000182                __TBCCTL0 = 0x182
                0x00000184                __TBCCTL1 = 0x184
                0x00000186                __TBCCTL2 = 0x186
                0x00000188                __TBCCTL3 = 0x188
                0x0000018a                __TBCCTL4 = 0x18a
                0x0000018c                __TBCCTL5 = 0x18c
                0x0000018e                __TBCCTL6 = 0x18e
                0x00000190                __TBR = 0x190
                0x00000192                __TBCCR0 = 0x192
                0x00000194                __TBCCR1 = 0x194
                0x00000196                __TBCCR2 = 0x196
                0x00000198                __TBCCR3 = 0x198
                0x0000019a                __TBCCR4 = 0x19a
                0x0000019c                __TBCCR5 = 0x19c
                0x0000019e                __TBCCR6 = 0x19e
                0x00000060                __UCA0CTL0 = 0x60
                0x00000061                __UCA0CTL1 = 0x61
                0x00000062                __UCA0BR0 = 0x62
                0x00000063                __UCA0BR1 = 0x63
                0x00000064                __UCA0MCTL = 0x64
                0x00000065                __UCA0STAT = 0x65
                0x00000066                __UCA0RXBUF = 0x66
                0x00000067                __UCA0TXBUF = 0x67
                0x0000005d                __UCA0ABCTL = 0x5d
                0x0000005e                __UCA0IRTCTL = 0x5e
                0x0000005f                __UCA0IRRCTL = 0x5f
                0x00000068                __UCB0CTL0 = 0x68
                0x00000069                __UCB0CTL1 = 0x69
                0x0000006a                __UCB0BR0 = 0x6a
                0x0000006b                __UCB0BR1 = 0x6b
                0x0000006c                __UCB0I2CIE = 0x6c
                0x0000006d                __UCB0STAT = 0x6d
                0x0000006e                __UCB0RXBUF = 0x6e
                0x0000006f                __UCB0TXBUF = 0x6f
                0x00000118                __UCB0I2COA = 0x118
                0x0000011a                __UCB0I2CSA = 0x11a
                0x000000d0                __UCA1CTL0 = 0xd0
                0x000000d1                __UCA1CTL1 = 0xd1
                0x000000d2                __UCA1BR0 = 0xd2
                0x000000d3                __UCA1BR1 = 0xd3
                0x000000d4                __UCA1MCTL = 0xd4
                0x000000d5                __UCA1STAT = 0xd5
                0x000000d6                __UCA1RXBUF = 0xd6
                0x000000d7                __UCA1TXBUF = 0xd7
                0x000000cd                __UCA1ABCTL = 0xcd
                0x000000ce                __UCA1IRTCTL = 0xce
                0x000000cf                __UCA1IRRCTL = 0xcf
                0x000000d8                __UCB1CTL0 = 0xd8
                0x000000d9                __UCB1CTL1 = 0xd9
                0x000000da                __UCB1BR0 = 0xda
                0x000000db                __UCB1BR1 = 0xdb
                0x000000dc                __UCB1I2CIE = 0xdc
                0x000000dd                __UCB1STAT = 0xdd
                0x000000de                __UCB1RXBUF = 0xde
                0x000000df                __UCB1TXBUF = 0xdf
                0x0000017c                __UCB1I2COA = 0x17c
                0x0000017e                __UCB1I2CSA = 0x17e
                0x00000120                __WDTCTL = 0x120
                0x000010c0                __TLV_CHECKSUM = 0x10c0
                0x000010f6                __TLV_DCO_30_TAG = 0x10f6
                0x000010f7                __TLV_DCO_30_LEN = 0x10f7
                0x000010da                __TLV_ADC12_1_TAG = 0x10da
                0x000010db                __TLV_ADC12_1_LEN = 0x10db
                0x000010f8                __CALDCO_16MHZ = 0x10f8
                0x000010f9                __CALBC1_16MHZ = 0x10f9
                0x000010fa                __CALDCO_12MHZ = 0x10fa
                0x000010fb                __CALBC1_12MHZ = 0x10fb
                0x000010fc                __CALDCO_8MHZ = 0x10fc
                0x000010fd                __CALBC1_8MHZ = 0x10fd
                0x000010fe                __CALDCO_1MHZ = 0x10fe
                0x000010ff                __CALBC1_1MHZ = 0x10ff

.hash
 *(.hash)

.dynsym
 *(.dynsym)

.dynstr
 *(.dynstr)

.gnu.version
 *(.gnu.version)

.gnu.version_d
 *(.gnu.version_d)

.gnu.version_r
 *(.gnu.version_r)

.rel.init
 *(.rel.init)

.rela.init
 *(.rela.init)

.rel.fini
 *(.rel.fini)

.rela.fini
 *(.rela.fini)

.rel.text
 *(.rel.text .rel.text.* .rel.gnu.linkonce.t.*)

.rela.text
 *(.rela.text .rela.text.* .rela.gnu.linkonce.t.*)

.rel.rodata
 *(.rel.rodata .rel.rodata.* .rel.gnu.linkonce.r.*)

.rela.rodata
 *(.rela.rodata .rela.rodata.* .rela.gnu.linkonce.r.*)

.rel.data
 *(.rel.data .rel.data.* .rel.gnu.linkonce.d.*)

.rela.data
 *(.rela.data .rela.data.* .rela.gnu.linkonce.d.*)

.rel.bss
 *(.rel.bss .rel.bss.* .rel.gnu.linkonce.b.*)

.rela.bss
 *(.rela.bss .rela.bss.* .rela.gnu.linkonce.b.*)

.rel.ctors
 *(.rel.ctors)

.rela.ctors
 *(.rela.ctors)

.rel.dtors
 *(.rel.dtors)

.rela.dtors
 *(.rela.dtors)

.rel.got
 *(.rel.got)

.rela.got
 *(.rela.got)

.rel.plt
 *(.rel.plt)

.rela.plt
 *(.rela.plt)

.text           0x00003100     0xa588
                0x00003100                . = ALIGN (0x2)
 *(.init .init.*)
 *(.init0)
 .init0         0x00003100        0x0 /usr/local/msp430/bin/../lib/gcc/msp430/4.7.0/mcpu-430x/mmpy-16/msr20/mc20/libcrt0.a(_reset_vector__.o)
                0x00003100                _reset_vector__
 *(.init1)
 .init1         0x00003100        0xc /usr/local/msp430/bin/../lib/gcc/msp430/4.7.0/mcpu-430x/mmpy-16/msr20/mc20/libcrt0.a(__watchdog_support.o)
                0x00003100                __watchdog_support
 *(.init2)
 .init2         0x0000310c        0x4 /usr/local/msp430/bin/../lib/gcc/msp430/4.7.0/mcpu-430x/mmpy-16/msr20/mc20/libcrt0.a(__init_stack.o)
                0x0000310c                __init_stack
 *(.init3)
 .init3         0x00003110        0x0 /usr/local/msp430/bin/../lib/gcc/msp430/4.7.0/mcpu-430x/mmpy-16/msr20/mc20/libcrt0.a(__low_level_init.o)
                0x00003110                __low_level_init
 *(.init4)
 .init4         0x00003110       0x18 /usr/local/msp430/bin/../lib/gcc/msp430/4.7.0/mcpu-430x/mmpy-16/msr20/mc20/libcrt0.a(_copy_data.o)
                0x00003110                __do_copy_data
 .init4         0x00003128       0x16 /usr/local/msp430/bin/../lib/gcc/msp430/4.7.0/mcpu-430x/mmpy-16/msr20/mc20/libcrt0.a(_clear_bss.o)
                0x00003128                __do_clear_bss
 *(.init5)
 *(.init6)
 *(.init7)
 *(.init8)
 *(.init9)
 .init9         0x0000313e      0x35c obj_z1/contiki-z1-main.o
                0x0000313e                main
 *(.fini9)
 .fini9         0x0000349a        0x0 /usr/local/msp430/bin/../lib/gcc/msp430/4.7.0/mcpu-430x/mmpy-16/msr20/mc20/libcrt0.a(__stop_progExec__.o)
                0x0000349a                __stop_progExec__
 *(.fini8)
 *(.fini7)
 *(.fini6)
 *(.fini5)
 *(.fini4)
 *(.fini3)
 *(.fini2)
 *(.fini1)
 *(.fini0)
 .fini0         0x0000349a        0x6 /usr/local/msp430/bin/../lib/gcc/msp430/4.7.0/mcpu-430x/mmpy-16/msr20/mc20/libcrt0.a(_endless_loop__.o)
                0x0000349a                _endless_loop__
 *(.fini .fini.*)
                0x000034a0                . = ALIGN (0x2)
                0x000034a0                __ctors_start = .
 *(.ctors)
                0x000034a0                __ctors_end = .
                0x000034a0                __dtors_start = .
 *(.dtors)
                0x000034a0                __dtors_end = .
                0x000034a0                . = ALIGN (0x2)
 *(.text .text.* .gnu.linkonce.t.*)
 .text          0x000034a0        0x4 /usr/local/msp430/bin/../lib/gcc/msp430/4.7.0/mcpu-430x/mmpy-16/msr20/mc20/crt0ivtbl32.o
                0x000034a0                __isr_14
                0x000034a0                __isr_4
                0x000034a0                __isr_29
                0x000034a0                __isr_11
                0x000034a0                __isr_5
                0x000034a0                __isr_2
                0x000034a0                __isr_10
                0x000034a0                __isr_7
                0x000034a0                __isr_0
                0x000034a0                __isr_28
                0x000034a0                __isr_8
                0x000034a0                __isr_20
                0x000034a0                __isr_3
                0x000034a0                __isr_12
                0x000034a0                __isr_13
                0x000034a0                __isr_27
                0x000034a0                __isr_9
                0x000034a0                __isr_30
                0x000034a0                __isr_6
                0x000034a0                __isr_22
                0x000034a0                __isr_1
                0x000034a0                __isr_15
                0x000034a0                __isr_21
 .text.libgcc   0x000034a4       0x26 /usr/local/msp430/bin/../lib/gcc/msp430/4.7.0/mcpu-430x/mmpy-16/msr20/mc20/libgcc.a(_mulsi3.o)
                0x000034a4                __mulsi3
 .text.libgcc   0x000034ca       0x22 /usr/local/msp430/bin/../lib/gcc/msp430/4.7.0/mcpu-430x/mmpy-16/msr20/mc20/libgcc.a(_udivmod16.o)
                0x000034ca                __udivhi3
                0x000034ca                __ext_udivmod16
                0x000034e4                __umodhi3
 .text.libgcc   0x000034ec       0x3a /usr/local/msp430/bin/../lib/gcc/msp430/4.7.0/mcpu-430x/mmpy-16/msr20/mc20/libgcc.a(_divmod16.o)
                0x000034ec                __ext_divmod16
                0x000034ec                __divhi3
                0x0000351e                __modhi3
 .text.libgcc   0x00003526       0x38 /usr/local/msp430/bin/../lib/gcc/msp430/4.7.0/mcpu-430x/mmpy-16/msr20/mc20/libgcc.a(_udivmod32.o)
                0x00003526                __udivsi3
                0x00003526                __ext_udivmod32
                0x00003554                __umodsi3
 .text.printf   0x0000355e       0x10 /usr/local/msp430/bin/../lib/gcc/msp430/4.7.0/../../../../msp430/lib/mcpu-430x/mmpy-16/msr20/mc20/libc.a(printf.o)
                0x0000355e                printf
 .text.append   0x0000356e       0x22 /usr/local/msp430/bin/../lib/gcc/msp430/4.7.0/../../../../msp430/lib/mcpu-430x/mmpy-16/msr20/mc20/libc.a(sprintf.o)
 .text.call_vuprintf
                0x00003590       0x36 /usr/local/msp430/bin/../lib/gcc/msp430/4.7.0/../../../../msp430/lib/mcpu-430x/mmpy-16/msr20/mc20/libc.a(sprintf.o)
 .text.sprintf  0x000035c6       0x1a /usr/local/msp430/bin/../lib/gcc/msp430/4.7.0/../../../../msp430/lib/mcpu-430x/mmpy-16/msr20/mc20/libc.a(sprintf.o)
                0x000035c6                sprintf
 .text.print_field
                0x000035e0      0x176 /usr/local/msp430/bin/../lib/gcc/msp430/4.7.0/../../../../msp430/lib/mcpu-430x/mmpy-16/msr20/mc20/libc.a(vuprintf.o)
 .text.vuprintf
                0x00003756      0x74c /usr/local/msp430/bin/../lib/gcc/msp430/4.7.0/../../../../msp430/lib/mcpu-430x/mmpy-16/msr20/mc20/libc.a(vuprintf.o)
                0x00003756                vuprintf
 .text.puts     0x00003ea2       0x2c /usr/local/msp430/bin/../lib/gcc/msp430/4.7.0/../../../../msp430/lib/mcpu-430x/mmpy-16/msr20/mc20/libc.a(puts.o)
                0x00003ea2                puts
 .text.rand     0x00003ece       0x26 /usr/local/msp430/bin/../lib/gcc/msp430/4.7.0/../../../../msp430/lib/mcpu-430x/mmpy-16/msr20/mc20/libc.a(rand.o)
                0x00003ece                rand
 .text.memcmp   0x00003ef4       0x2c /usr/local/msp430/bin/../lib/gcc/msp430/4.7.0/../../../../msp430/lib/mcpu-430x/mmpy-16/msr20/mc20/libc.a(memcmp.o)
                0x00003ef4                memcmp
 .text.memcpy   0x00003f20       0xe8 /usr/local/msp430/bin/../lib/gcc/msp430/4.7.0/../../../../msp430/lib/mcpu-430x/mmpy-16/msr20/mc20/libc.a(memcpy.o)
                0x00003f20                memcpy
 .text.memmove  0x00004008       0xe8 /usr/local/msp430/bin/../lib/gcc/msp430/4.7.0/../../../../msp430/lib/mcpu-430x/mmpy-16/msr20/mc20/libc.a(memmove.o)
                0x00004008                memmove
 .text.memset   0x000040f0       0x5c /usr/local/msp430/bin/../lib/gcc/msp430/4.7.0/../../../../msp430/lib/mcpu-430x/mmpy-16/msr20/mc20/libc.a(memset.o)
                0x000040f0                memset
 .text.libgcc   0x0000414c       0xbc /usr/local/msp430/bin/../lib/gcc/msp430/4.7.0/mcpu-430x/mmpy-16/msr20/mc20/libgcc.a(_udivmod64.o)
                0x0000414c                __xabi_udivmod64
                0x0000419e                __udivdi3
                0x000041b8                __umoddi3
                0x000041da                __udivmoddi4
 .text.crt0     0x00004208        0x2 /usr/local/msp430/bin/../lib/gcc/msp430/4.7.0/mcpu-430x/mmpy-16/msr20/mc20/libcrt0.a(_unexpected_.o)
                0x00004208                _unexpected_
 *(.near.text .near.text.*)
 .near.text.watchdog_interrupt
                0x0000420a        0x6 contiki-z1.a(watchdog.o)
                0x0000420a                __isr_26
                0x0000420a                watchdog_interrupt
 .near.text.irq_p2
                0x00004210       0x76 contiki-z1.a(button-sensor.o)
                0x00004210                irq_p2
                0x00004210                __isr_19
 .near.text.uart0_rx_interrupt
                0x00004286       0x64 contiki-z1.a(uart0.o)
                0x00004286                __isr_23
                0x00004286                uart0_rx_interrupt
 .near.text.port1_isr
                0x000042ea       0xbe contiki-z1.a(adxl345.o)
                0x000042ea                port1_isr
                0x000042ea                __isr_18
 .near.text.timera1
                0x000043a8      0x10a contiki-z1.a(clock.o)
                0x000043a8                __isr_24
                0x000043a8                timera1
 .near.text.timera0
                0x000044b2       0x5c contiki-z1.a(rtimer-arch.o)
                0x000044b2                __isr_25
                0x000044b2                timera0
 .near.text.i2c_tx_interrupt
                0x0000450e       0x84 contiki-z1.a(i2cmaster.o)
                0x0000450e                __isr_16
                0x0000450e                i2c_tx_interrupt
 .near.text.i2c_rx_interrupt
                0x00004592       0x14 contiki-z1.a(i2cmaster.o)
                0x00004592                i2c_rx_interrupt
                0x00004592                __isr_17
 .any.text.process_thread_udp_client_process
                0x000045a6      0x1e6 udp-client.co
 .any.text.send_packet
                0x0000478c       0x70 udp-client.co
 .any.text.init_platform
                0x000047fc        0xc contiki-z1.a(contiki-z1-plat)
                0x000047fc                init_platform
 .any.text.msp430_init_dco
                0x00004808       0x28 contiki-z1.a(msp430.o)
                0x00004808                msp430_init_dco
 .any.text.splhigh_
                0x00004830        0x8 contiki-z1.a(msp430.o)
                0x00004830                splhigh_
 .any.text.msp430_sync_dco
                0x00004838       0x6e contiki-z1.a(msp430.o)
                0x00004838                msp430_sync_dco
 .any.text.msp430_cpu_init
                0x000048a6       0x2a contiki-z1.a(msp430.o)
                0x000048a6                msp430_cpu_init
 .any.text.show_leds
                0x000048d0       0xe8 contiki-z1.a(leds.o)
 .any.text.leds_init
                0x000049b8        0xa contiki-z1.a(leds.o)
                0x000049b8                leds_init
 .any.text.leds_on
                0x000049c2        0xa contiki-z1.a(leds.o)
                0x000049c2                leds_on
 .any.text.leds_off
                0x000049cc        0xe contiki-z1.a(leds.o)
                0x000049cc                leds_off
 .any.text.watchdog_start
                0x000049da       0x14 contiki-z1.a(watchdog.o)
                0x000049da                watchdog_start
 .any.text.watchdog_periodic
                0x000049ee       0x12 contiki-z1.a(watchdog.o)
                0x000049ee                watchdog_periodic
 .any.text.watchdog_stop
                0x00004a00       0x16 contiki-z1.a(watchdog.o)
                0x00004a00                watchdog_stop
 .any.text.watchdog_init
                0x00004a16       0x12 contiki-z1.a(watchdog.o)
                0x00004a16                watchdog_init
 .any.text.wait_ready
                0x00004a28       0x46 contiki-z1.a(xmem.o)
 .any.text.xmem_init
                0x00004a6e       0x1e contiki-z1.a(xmem.o)
                0x00004a6e                xmem_init
 .any.text.xmem_pread
                0x00004a8c       0xc2 contiki-z1.a(xmem.o)
                0x00004a8c                xmem_pread
 .any.text.spi_init
                0x00004b4e       0x32 contiki-z1.a(spi.o)
                0x00004b4e                spi_init
 .any.text.get_object
                0x00004b80        0x4 contiki-z1.a(cc2420.o)
 .any.text.set_object
                0x00004b84        0x4 contiki-z1.a(cc2420.o)
 .any.text.strobe
                0x00004b88       0x1a contiki-z1.a(cc2420.o)
 .any.text.getreg
                0x00004ba2       0x46 contiki-z1.a(cc2420.o)
 .any.text.setreg
                0x00004be8       0x44 contiki-z1.a(cc2420.o)
 .any.text.write_ram
                0x00004c2c       0x72 contiki-z1.a(cc2420.o)
 .any.text.write_fifo_buf
                0x00004c9e       0x38 contiki-z1.a(cc2420.o)
 .any.text.get_status
                0x00004cd6       0x1e contiki-z1.a(cc2420.o)
 .any.text.set_txpower
                0x00004cf4       0x24 contiki-z1.a(cc2420.o)
 .any.text.cc2420_receiving_packet
                0x00004d18        0xa contiki-z1.a(cc2420.o)
 .any.text.pending_packet
                0x00004d22        0xa contiki-z1.a(cc2420.o)
 .any.text.on   0x00004d2c       0x1e contiki-z1.a(cc2420.o)
 .any.text.wait_for_transmission
                0x00004d4a       0x22 contiki-z1.a(cc2420.o)
 .any.text.wait_for_status
                0x00004d6c       0x24 contiki-z1.a(cc2420.o)
 .any.text.getrxdata
                0x00004d90       0x4c contiki-z1.a(cc2420.o)
 .any.text.flushrx
                0x00004ddc       0x1a contiki-z1.a(cc2420.o)
 .any.text.off  0x00004df6       0x52 contiki-z1.a(cc2420.o)
 .any.text.RELEASE_LOCK
                0x00004e48       0x28 contiki-z1.a(cc2420.o)
 .any.text.cc2420_prepare
                0x00004e70       0x38 contiki-z1.a(cc2420.o)
 .any.text.cc2420_on
                0x00004ea8       0x22 contiki-z1.a(cc2420.o)
                0x00004ea8                cc2420_on
 .any.text.cc2420_off
                0x00004eca       0x30 contiki-z1.a(cc2420.o)
                0x00004eca                cc2420_off
 .any.text.cc2420_cca
                0x00004efa       0x54 contiki-z1.a(cc2420.o)
 .any.text.cc2420_read
                0x00004f4e       0xa8 contiki-z1.a(cc2420.o)
 .any.text.process_thread_cc2420_process
                0x00004ff6       0x54 contiki-z1.a(cc2420.o)
 .any.text.cc2420_set_channel
                0x0000504a       0x3a contiki-z1.a(cc2420.o)
                0x0000504a                cc2420_set_channel
 .any.text.cc2420_set_pan_addr
                0x00005084       0x4c contiki-z1.a(cc2420.o)
                0x00005084                cc2420_set_pan_addr
 .any.text.cc2420_interrupt
                0x000050d0       0x16 contiki-z1.a(cc2420.o)
                0x000050d0                cc2420_interrupt
 .any.text.cc2420_set_txpower
                0x000050e6        0xe contiki-z1.a(cc2420.o)
                0x000050e6                cc2420_set_txpower
 .any.text.cc2420_get_txpower
                0x000050f4       0x1e contiki-z1.a(cc2420.o)
                0x000050f4                cc2420_get_txpower
 .any.text.cc2420_transmit
                0x00005112      0x108 contiki-z1.a(cc2420.o)
 .any.text.cc2420_send
                0x0000521a       0x12 contiki-z1.a(cc2420.o)
 .any.text.cc2420_rssi
                0x0000522c       0x48 contiki-z1.a(cc2420.o)
                0x0000522c                cc2420_rssi
 .any.text.get_value
                0x00005274       0xa8 contiki-z1.a(cc2420.o)
 .any.text.cc2420_set_cca_threshold
                0x0000531c       0x16 contiki-z1.a(cc2420.o)
                0x0000531c                cc2420_set_cca_threshold
 .any.text.set_value
                0x00005332       0x80 contiki-z1.a(cc2420.o)
 .any.text.cc2420_init
                0x000053b2       0xd8 contiki-z1.a(cc2420.o)
                0x000053b2                cc2420_init
 .any.text.cc2420_arch_init
                0x0000548a       0x1a contiki-z1.a(cc2420-arch.o)
                0x0000548a                cc2420_arch_init
 .any.text.node_id_restore
                0x000054a4       0x4c contiki-z1.a(node-id.o)
                0x000054a4                node_id_restore
 .any.text.process_thread_sensors_process
                0x000054f0       0xc2 contiki-z1.a(sensors.o)
 .any.text.sensors_changed
                0x000055b2       0x2a contiki-z1.a(sensors.o)
                0x000055b2                sensors_changed
 .any.text.status
                0x000055dc       0x18 contiki-z1.a(button-sensor.o)
 .any.text.value
                0x000055f4       0x20 contiki-z1.a(button-sensor.o)
 .any.text.configure
                0x00005614       0x4e contiki-z1.a(button-sensor.o)
 .any.text.uart0_active
                0x00005662        0xe contiki-z1.a(uart0.o)
                0x00005662                uart0_active
 .any.text.uart0_writeb
                0x00005670       0x16 contiki-z1.a(uart0.o)
                0x00005670                uart0_writeb
 .any.text.uart0_init
                0x00005686       0x40 contiki-z1.a(uart0.o)
                0x00005686                uart0_init
 .any.text.putchar
                0x000056c6       0x10 contiki-z1.a(uart0-putchar.o)
                0x000056c6                putchar
 .any.text.accm_write_reg
                0x000056d6       0x2e contiki-z1.a(adxl345.o)
                0x000056d6                accm_write_reg
 .any.text.accm_write_stream
                0x00005704       0x2a contiki-z1.a(adxl345.o)
                0x00005704                accm_write_stream
 .any.text.accm_read_reg
                0x0000572e       0x54 contiki-z1.a(adxl345.o)
                0x0000572e                accm_read_reg
 .any.text.process_thread_accmeter_process
                0x00005782       0x56 contiki-z1.a(adxl345.o)
 .any.text.accm_init
                0x000057d8       0x8c contiki-z1.a(adxl345.o)
                0x000057d8                accm_init
 .any.text.clock_time
                0x00005864       0x1a contiki-z1.a(clock.o)
                0x00005864                clock_time
 .any.text.clock_init
                0x0000587e       0x28 contiki-z1.a(clock.o)
                0x0000587e                clock_init
 .any.text.clock_delay
                0x000058a6        0xc contiki-z1.a(clock.o)
                0x000058a6                clock_delay
 .any.text.clock_wait
                0x000058b2       0x24 contiki-z1.a(clock.o)
                0x000058b2                clock_wait
 .any.text.clock_seconds
                0x000058d6       0x1a contiki-z1.a(clock.o)
                0x000058d6                clock_seconds
 .any.text.leds_arch_init
                0x000058f0        0xe contiki-z1.a(leds-arch.o)
                0x000058f0                leds_arch_init
 .any.text.leds_arch_set
                0x000058fe       0x38 contiki-z1.a(leds-arch.o)
                0x000058fe                leds_arch_set
 .any.text.rtimer_arch_init
                0x00005936        0xe contiki-z1.a(rtimer-arch.o)
                0x00005936                rtimer_arch_init
 .any.text.rtimer_arch_now
                0x00005944        0xe contiki-z1.a(rtimer-arch.o)
                0x00005944                rtimer_arch_now
 .any.text.rtimer_arch_schedule
                0x00005952        0x6 contiki-z1.a(rtimer-arch.o)
                0x00005952                rtimer_arch_schedule
 .any.text.autostart_start
                0x00005958       0x16 contiki-z1.a(autostart.o)
                0x00005958                autostart_start
 .any.text.process_thread_ctimer_process
                0x0000596e       0xa0 contiki-z1.a(ctimer.o)
 .any.text.ctimer_init
                0x00005a0e       0x18 contiki-z1.a(ctimer.o)
                0x00005a0e                ctimer_init
 .any.text.ctimer_set
                0x00005a26       0x48 contiki-z1.a(ctimer.o)
                0x00005a26                ctimer_set
 .any.text.ctimer_reset
                0x00005a6e       0x2c contiki-z1.a(ctimer.o)
                0x00005a6e                ctimer_reset
 .any.text.ctimer_stop
                0x00005a9a       0x28 contiki-z1.a(ctimer.o)
                0x00005a9a                ctimer_stop
 .any.text.energest_init
                0x00005ac2       0x24 contiki-z1.a(energest.o)
                0x00005ac2                energest_init
 .any.text.energest_type_time
                0x00005ae6       0x3c contiki-z1.a(energest.o)
                0x00005ae6                energest_type_time
 .any.text.energest_type_set
                0x00005b22        0xc contiki-z1.a(energest.o)
                0x00005b22                energest_type_set
 .any.text.energest_flush
                0x00005b2e       0x38 contiki-z1.a(energest.o)
                0x00005b2e                energest_flush
 .any.text.update_time
                0x00005b66       0x70 contiki-z1.a(etimer.o)
 .any.text.etimer_request_poll
                0x00005bd6        0xa contiki-z1.a(etimer.o)
                0x00005bd6                etimer_request_poll
 .any.text.process_thread_etimer_process
                0x00005be0       0xc4 contiki-z1.a(etimer.o)
 .any.text.add_timer
                0x00005ca4       0x40 contiki-z1.a(etimer.o)
 .any.text.etimer_set
                0x00005ce4       0x12 contiki-z1.a(etimer.o)
                0x00005ce4                etimer_set
 .any.text.etimer_reset
                0x00005cf6       0x12 contiki-z1.a(etimer.o)
                0x00005cf6                etimer_reset
 .any.text.etimer_restart
                0x00005d08       0x12 contiki-z1.a(etimer.o)
                0x00005d08                etimer_restart
 .any.text.etimer_expired
                0x00005d1a        0xe contiki-z1.a(etimer.o)
                0x00005d1a                etimer_expired
 .any.text.etimer_expiration_time
                0x00005d28       0x14 contiki-z1.a(etimer.o)
                0x00005d28                etimer_expiration_time
 .any.text.etimer_pending
                0x00005d3c        0xc contiki-z1.a(etimer.o)
                0x00005d3c                etimer_pending
 .any.text.etimer_next_expiration_time
                0x00005d48       0x16 contiki-z1.a(etimer.o)
                0x00005d48                etimer_next_expiration_time
 .any.text.etimer_stop
                0x00005d5e       0x3e contiki-z1.a(etimer.o)
                0x00005d5e                etimer_stop
 .any.text.call_process
                0x00005d9c       0x40 contiki-z1.a(process.o)
 .any.text.exit_process
                0x00005ddc       0x88 contiki-z1.a(process.o)
 .any.text.do_poll
                0x00005e64       0x30 contiki-z1.a(process.o)
 .any.text.process_alloc_event
                0x00005e94        0xe contiki-z1.a(process.o)
                0x00005e94                process_alloc_event
 .any.text.process_init
                0x00005ea2       0x1c contiki-z1.a(process.o)
                0x00005ea2                process_init
 .any.text.process_run
                0x00005ebe       0xa4 contiki-z1.a(process.o)
                0x00005ebe                process_run
 .any.text.process_nevents
                0x00005f62        0xe contiki-z1.a(process.o)
                0x00005f62                process_nevents
 .any.text.process_post
                0x00005f70       0x50 contiki-z1.a(process.o)
                0x00005f70                process_post
 .any.text.process_post_synch
                0x00005fc0       0x12 contiki-z1.a(process.o)
                0x00005fc0                process_post_synch
 .any.text.process_start
                0x00005fd2       0x36 contiki-z1.a(process.o)
                0x00005fd2                process_start
 .any.text.process_poll
                0x00006008       0x18 contiki-z1.a(process.o)
                0x00006008                process_poll
 .any.text.rtimer_init
                0x00006020        0x6 contiki-z1.a(rtimer.o)
                0x00006020                rtimer_init
 .any.text.rtimer_set
                0x00006026       0x24 contiki-z1.a(rtimer.o)
                0x00006026                rtimer_set
 .any.text.rtimer_run_next
                0x0000604a       0x26 contiki-z1.a(rtimer.o)
                0x0000604a                rtimer_run_next
 .any.text.timer_set
                0x00006070       0x1c contiki-z1.a(timer.o)
                0x00006070                timer_set
 .any.text.timer_reset
                0x0000608c        0xe contiki-z1.a(timer.o)
                0x0000608c                timer_reset
 .any.text.timer_restart
                0x0000609a       0x14 contiki-z1.a(timer.o)
                0x0000609a                timer_restart
 .any.text.timer_expired
                0x000060ae       0x2a contiki-z1.a(timer.o)
                0x000060ae                timer_expired
 .any.text.list_init
                0x000060d8        0x6 contiki-z1.a(list.o)
                0x000060d8                list_init
 .any.text.list_head
                0x000060de        0x4 contiki-z1.a(list.o)
                0x000060de                list_head
 .any.text.list_tail
                0x000060e2       0x12 contiki-z1.a(list.o)
                0x000060e2                list_tail
 .any.text.list_remove
                0x000060f4       0x34 contiki-z1.a(list.o)
                0x000060f4                list_remove
 .any.text.list_push
                0x00006128       0x16 contiki-z1.a(list.o)
                0x00006128                list_push
 .any.text.list_add
                0x0000613e       0x26 contiki-z1.a(list.o)
                0x0000613e                list_add
 .any.text.list_length
                0x00006164       0x10 contiki-z1.a(list.o)
                0x00006164                list_length
 .any.text.list_item_next
                0x00006174        0xc contiki-z1.a(list.o)
                0x00006174                list_item_next
 .any.text.random_rand
                0x00006180        0x6 contiki-z1.a(random.o)
                0x00006180                random_rand
 .any.text.set_packet_attrs
                0x00006186       0x46 contiki-z1.a(sicslowpan.o)
 .any.text.addr_context_lookup_by_number
                0x000061cc       0x30 contiki-z1.a(sicslowpan.o)
 .any.text.compress_addr_64
                0x000061fc       0x9a contiki-z1.a(sicslowpan.o)
 .any.text.uncompress_addr
                0x00006296       0x96 contiki-z1.a(sicslowpan.o)
 .any.text.input
                0x0000632c      0x5e2 contiki-z1.a(sicslowpan.o)
 .any.text.sicslowpan_init
                0x0000690e       0x26 contiki-z1.a(sicslowpan.o)
                0x0000690e                sicslowpan_init
 .any.text.addr_context_lookup_by_prefix
                0x00006934       0x4a contiki-z1.a(sicslowpan.o)
 .any.text.packet_sent
                0x0000697e       0x22 contiki-z1.a(sicslowpan.o)
 .any.text.send_packet
                0x000069a0       0x1a contiki-z1.a(sicslowpan.o)
 .any.text.output
                0x000069ba      0x684 contiki-z1.a(sicslowpan.o)
 .any.text.chksum
                0x0000703e       0x32 contiki-z1.a(uip6.o)
 .any.text.upper_layer_chksum
                0x00007070       0x56 contiki-z1.a(uip6.o)
 .any.text.ext_hdr_options_process
                0x000070c6       0xc2 contiki-z1.a(uip6.o)
 .any.text.uip_add32
                0x00007188       0x60 contiki-z1.a(uip6.o)
                0x00007188                uip_add32
 .any.text.uip_add_rcv_nxt
                0x000071e8       0x2e contiki-z1.a(uip6.o)
 .any.text.uip_icmp6chksum
                0x00007216        0xa contiki-z1.a(uip6.o)
                0x00007216                uip_icmp6chksum
 .any.text.uip_tcpchksum
                0x00007220        0xa contiki-z1.a(uip6.o)
                0x00007220                uip_tcpchksum
 .any.text.uip_udpchksum
                0x0000722a        0xa contiki-z1.a(uip6.o)
                0x0000722a                uip_udpchksum
 .any.text.uip_init
                0x00007234       0x62 contiki-z1.a(uip6.o)
                0x00007234                uip_init
 .any.text.remove_ext_hdr
                0x00007296       0x54 contiki-z1.a(uip6.o)
                0x00007296                remove_ext_hdr
 .any.text.uip_udp_new
                0x000072ea       0xb8 contiki-z1.a(uip6.o)
                0x000072ea                uip_udp_new
 .any.text.uip_unlisten
                0x000073a2       0x2a contiki-z1.a(uip6.o)
                0x000073a2                uip_unlisten
 .any.text.uip_process
                0x000073cc      0xdfe contiki-z1.a(uip6.o)
                0x000073cc                uip_process
 .any.text.uip_htonl
                0x000081ca       0x2a contiki-z1.a(uip6.o)
                0x000081ca                uip_htonl
 .any.text.uip_ds6_list_loop
                0x000081f4       0x66 contiki-z1.a(uip-ds6.o)
                0x000081f4                uip_ds6_list_loop
 .any.text.uip_ds6_prefix_add
                0x0000825a       0x70 contiki-z1.a(uip-ds6.o)
                0x0000825a                uip_ds6_prefix_add
 .any.text.uip_ds6_is_addr_onlink
                0x000082ca       0x42 contiki-z1.a(uip-ds6.o)
                0x000082ca                uip_ds6_is_addr_onlink
 .any.text.uip_ds6_addr_lookup
                0x0000830c       0x2a contiki-z1.a(uip-ds6.o)
                0x0000830c                uip_ds6_addr_lookup
 .any.text.uip_ds6_get_link_local
                0x00008336       0x3e contiki-z1.a(uip-ds6.o)
                0x00008336                uip_ds6_get_link_local
 .any.text.uip_ds6_maddr_add
                0x00008374       0x48 contiki-z1.a(uip-ds6.o)
                0x00008374                uip_ds6_maddr_add
 .any.text.uip_ds6_addr_add
                0x000083bc       0xb4 contiki-z1.a(uip-ds6.o)
                0x000083bc                uip_ds6_addr_add
 .any.text.uip_ds6_maddr_rm
                0x00008470        0xa contiki-z1.a(uip-ds6.o)
                0x00008470                uip_ds6_maddr_rm
 .any.text.uip_ds6_maddr_lookup
                0x0000847a       0x2a contiki-z1.a(uip-ds6.o)
                0x0000847a                uip_ds6_maddr_lookup
 .any.text.uip_ds6_addr_rm
                0x000084a4       0x54 contiki-z1.a(uip-ds6.o)
                0x000084a4                uip_ds6_addr_rm
 .any.text.uip_ds6_periodic
                0x000084f8       0x4a contiki-z1.a(uip-ds6.o)
                0x000084f8                uip_ds6_periodic
 .any.text.uip_ds6_set_addr_iid
                0x00008542       0x14 contiki-z1.a(uip-ds6.o)
                0x00008542                uip_ds6_set_addr_iid
 .any.text.get_match_length
                0x00008556       0x3c contiki-z1.a(uip-ds6.o)
                0x00008556                get_match_length
 .any.text.uip_ds6_select_src
                0x00008592       0x9a contiki-z1.a(uip-ds6.o)
                0x00008592                uip_ds6_select_src
 .any.text.uip_ds6_compute_reachable_time
                0x0000862c       0x36 contiki-z1.a(uip-ds6.o)
                0x0000862c                uip_ds6_compute_reachable_time
 .any.text.uip_ds6_init
                0x00008662      0x138 contiki-z1.a(uip-ds6.o)
                0x00008662                uip_ds6_init
 .any.text.uip_ds6_nbr_rm
                0x0000879a       0x1a contiki-z1.a(uip-ds6-nbr.o)
                0x0000879a                uip_ds6_nbr_rm
 .any.text.uip_ds6_neighbors_init
                0x000087b4        0xe contiki-z1.a(uip-ds6-nbr.o)
                0x000087b4                uip_ds6_neighbors_init
 .any.text.uip_ds6_nbr_add
                0x000087c2       0x54 contiki-z1.a(uip-ds6-nbr.o)
                0x000087c2                uip_ds6_nbr_add
 .any.text.uip_ds6_nbr_get_ll
                0x00008816        0xc contiki-z1.a(uip-ds6-nbr.o)
                0x00008816                uip_ds6_nbr_get_ll
 .any.text.uip_ds6_nbr_lookup
                0x00008822       0x3e contiki-z1.a(uip-ds6-nbr.o)
                0x00008822                uip_ds6_nbr_lookup
 .any.text.uip_ds6_nbr_ll_lookup
                0x00008860        0xc contiki-z1.a(uip-ds6-nbr.o)
                0x00008860                uip_ds6_nbr_ll_lookup
 .any.text.uip_ds6_nbr_ipaddr_from_lladdr
                0x0000886c        0x6 contiki-z1.a(uip-ds6-nbr.o)
                0x0000886c                uip_ds6_nbr_ipaddr_from_lladdr
 .any.text.uip_ds6_nbr_lladdr_from_ipaddr
                0x00008872       0x12 contiki-z1.a(uip-ds6-nbr.o)
                0x00008872                uip_ds6_nbr_lladdr_from_ipaddr
 .any.text.uip_ds6_link_neighbor_callback
                0x00008884       0x26 contiki-z1.a(uip-ds6-nbr.o)
                0x00008884                uip_ds6_link_neighbor_callback
 .any.text.uip_ds6_neighbor_periodic
                0x000088aa      0x11e contiki-z1.a(uip-ds6-nbr.o)
                0x000088aa                uip_ds6_neighbor_periodic
 .any.text.call_route_callback
                0x000089c8       0x40 contiki-z1.a(uip-ds6-route.o)
 .any.text.uip_ds6_route_init
                0x00008a08       0x36 contiki-z1.a(uip-ds6-route.o)
                0x00008a08                uip_ds6_route_init
 .any.text.uip_ds6_route_nexthop
                0x00008a3e       0x1a contiki-z1.a(uip-ds6-route.o)
                0x00008a3e                uip_ds6_route_nexthop
 .any.text.uip_ds6_route_head
                0x00008a58        0xa contiki-z1.a(uip-ds6-route.o)
                0x00008a58                uip_ds6_route_head
 .any.text.uip_ds6_route_next
                0x00008a62        0xe contiki-z1.a(uip-ds6-route.o)
                0x00008a62                uip_ds6_route_next
 .any.text.uip_ds6_route_lookup
                0x00008a70       0x6e contiki-z1.a(uip-ds6-route.o)
                0x00008a70                uip_ds6_route_lookup
 .any.text.uip_ds6_route_rm
                0x00008ade       0xa2 contiki-z1.a(uip-ds6-route.o)
                0x00008ade                uip_ds6_route_rm
 .any.text.rm_routelist
                0x00008b80       0x34 contiki-z1.a(uip-ds6-route.o)
 .any.text.rm_routelist_callback
                0x00008bb4        0x6 contiki-z1.a(uip-ds6-route.o)
 .any.text.uip_ds6_route_add
                0x00008bba       0xf8 contiki-z1.a(uip-ds6-route.o)
                0x00008bba                uip_ds6_route_add
 .any.text.uip_ds6_defrt_rm
                0x00008cb2       0x44 contiki-z1.a(uip-ds6-route.o)
                0x00008cb2                uip_ds6_defrt_rm
 .any.text.uip_ds6_defrt_lookup
                0x00008cf6       0x32 contiki-z1.a(uip-ds6-route.o)
                0x00008cf6                uip_ds6_defrt_lookup
 .any.text.uip_ds6_defrt_add
                0x00008d28       0x68 contiki-z1.a(uip-ds6-route.o)
                0x00008d28                uip_ds6_defrt_add
 .any.text.uip_ds6_defrt_choose
                0x00008d90       0x36 contiki-z1.a(uip-ds6-route.o)
                0x00008d90                uip_ds6_defrt_choose
 .any.text.uip_ds6_defrt_periodic
                0x00008dc6       0x38 contiki-z1.a(uip-ds6-route.o)
                0x00008dc6                uip_ds6_defrt_periodic
 .any.text.echo_reply_input
                0x00008dfe      0x108 contiki-z1.a(uip-icmp6.o)
 .any.text.echo_request_input
                0x00008f06      0x128 contiki-z1.a(uip-icmp6.o)
 .any.text.uip_icmp6_input
                0x0000902e       0x44 contiki-z1.a(uip-icmp6.o)
                0x0000902e                uip_icmp6_input
 .any.text.uip_icmp6_register_input_handler
                0x00009072        0xc contiki-z1.a(uip-icmp6.o)
                0x00009072                uip_icmp6_register_input_handler
 .any.text.uip_icmp6_error_output
                0x0000907e      0x16c contiki-z1.a(uip-icmp6.o)
                0x0000907e                uip_icmp6_error_output
 .any.text.uip_icmp6_send
                0x000091ea       0x84 contiki-z1.a(uip-icmp6.o)
                0x000091ea                uip_icmp6_send
 .any.text.uip_icmp6_init
                0x0000926e       0x12 contiki-z1.a(uip-icmp6.o)
                0x0000926e                uip_icmp6_init
 .any.text.na_input
                0x00009280      0x1a0 contiki-z1.a(uip-nd6.o)
 .any.text.ns_input
                0x00009420      0x246 contiki-z1.a(uip-nd6.o)
 .any.text.uip_nd6_ns_output
                0x00009666      0x176 contiki-z1.a(uip-nd6.o)
                0x00009666                uip_nd6_ns_output
 .any.text.uip_nd6_init
                0x000097dc       0x12 contiki-z1.a(uip-nd6.o)
                0x000097dc                uip_nd6_init
 .any.text.start_periodic_tcp_timer
                0x000097ee       0x16 contiki-z1.a(tcpip.o)
 .any.text.tcpip_output
                0x00009804       0x10 contiki-z1.a(tcpip.o)
                0x00009804                tcpip_output
 .any.text.tcpip_set_outputfunc
                0x00009814        0x6 contiki-z1.a(tcpip.o)
                0x00009814                tcpip_set_outputfunc
 .any.text.udp_new
                0x0000981a       0x1a contiki-z1.a(tcpip.o)
                0x0000981a                udp_new
 .any.text.tcpip_input
                0x00009834       0x16 contiki-z1.a(tcpip.o)
                0x00009834                tcpip_input
 .any.text.tcpip_ipv6_output
                0x0000984a      0x14e contiki-z1.a(tcpip.o)
                0x0000984a                tcpip_ipv6_output
 .any.text.process_thread_tcpip_process
                0x00009998      0x1ba contiki-z1.a(tcpip.o)
 .any.text.tcpip_uipcall
                0x00009b52       0x70 contiki-z1.a(tcpip.o)
                0x00009b52                tcpip_uipcall
 .any.text.uip_debug_ipaddr_print
                0x00009bc2       0x72 contiki-z1.a(uip-debug.o)
                0x00009bc2                uip_debug_ipaddr_print
 .any.text.uip_udp_packet_send
                0x00009c34       0x2e contiki-z1.a(uip-udp-packet.)
                0x00009c34                uip_udp_packet_send
 .any.text.uip_udp_packet_sendto
                0x00009c62       0x56 contiki-z1.a(uip-udp-packet.)
                0x00009c62                uip_udp_packet_sendto
 .any.text.rpl_get_mode
                0x00009cb8        0x6 contiki-z1.a(rpl.o)
                0x00009cb8                rpl_get_mode
 .any.text.rpl_purge_routes
                0x00009cbe       0x96 contiki-z1.a(rpl.o)
                0x00009cbe                rpl_purge_routes
 .any.text.rpl_remove_routes
                0x00009d54       0x22 contiki-z1.a(rpl.o)
                0x00009d54                rpl_remove_routes
 .any.text.rpl_remove_routes_by_nexthop
                0x00009d76       0x3e contiki-z1.a(rpl.o)
                0x00009d76                rpl_remove_routes_by_nexthop
 .any.text.rpl_add_route
                0x00009db4       0x48 contiki-z1.a(rpl.o)
                0x00009db4                rpl_add_route
 .any.text.rpl_link_neighbor_callback
                0x00009dfc       0x74 contiki-z1.a(rpl.o)
                0x00009dfc                rpl_link_neighbor_callback
 .any.text.rpl_ipv6_neighbor_callback
                0x00009e70       0x1e contiki-z1.a(rpl.o)
                0x00009e70                rpl_ipv6_neighbor_callback
 .any.text.rpl_init
                0x00009e8e       0x4a contiki-z1.a(rpl.o)
                0x00009e8e                rpl_init
 .any.text.lollipop_greater_than
                0x00009ed8       0x3c contiki-z1.a(rpl-dag.o)
 .any.text.find_parent_any_dag_any_instance
                0x00009f14       0x14 contiki-z1.a(rpl-dag.o)
 .any.text.rpl_set_preferred_parent
                0x00009f28       0x2c contiki-z1.a(rpl-dag.o)
 .any.text.set_ip_from_prefix
                0x00009f54       0x30 contiki-z1.a(rpl-dag.o)
 .any.text.check_prefix
                0x00009f84       0x70 contiki-z1.a(rpl-dag.o)
 .any.text.rpl_get_nbr
                0x00009ff4       0x1e contiki-z1.a(rpl-dag.o)
                0x00009ff4                rpl_get_nbr
 .any.text.rpl_dag_init
                0x0000a012        0xe contiki-z1.a(rpl-dag.o)
                0x0000a012                rpl_dag_init
 .any.text.rpl_get_parent
                0x0000a020        0xc contiki-z1.a(rpl-dag.o)
                0x0000a020                rpl_get_parent
 .any.text.rpl_get_parent_ipaddr
                0x0000a02c       0x10 contiki-z1.a(rpl-dag.o)
                0x0000a02c                rpl_get_parent_ipaddr
 .any.text.rpl_set_prefix
                0x0000a03c       0x74 contiki-z1.a(rpl-dag.o)
                0x0000a03c                rpl_set_prefix
 .any.text.rpl_set_default_route
                0x0000a0b0       0x60 contiki-z1.a(rpl-dag.o)
                0x0000a0b0                rpl_set_default_route
 .any.text.rpl_alloc_instance
                0x0000a110       0x34 contiki-z1.a(rpl-dag.o)
                0x0000a110                rpl_alloc_instance
 .any.text.rpl_add_parent
                0x0000a144       0x4e contiki-z1.a(rpl-dag.o)
                0x0000a144                rpl_add_parent
 .any.text.rpl_find_parent
                0x0000a192       0x1c contiki-z1.a(rpl-dag.o)
                0x0000a192                rpl_find_parent
 .any.text.rpl_find_parent_any_dag
                0x0000a1ae       0x24 contiki-z1.a(rpl-dag.o)
                0x0000a1ae                rpl_find_parent_any_dag
 .any.text.rpl_select_parent
                0x0000a1d2       0x76 contiki-z1.a(rpl-dag.o)
                0x0000a1d2                rpl_select_parent
 .any.text.rpl_select_dag
                0x0000a248      0x196 contiki-z1.a(rpl-dag.o)
                0x0000a248                rpl_select_dag
 .any.text.rpl_nullify_parent
                0x0000a3de       0x50 contiki-z1.a(rpl-dag.o)
                0x0000a3de                rpl_nullify_parent
 .any.text.rpl_remove_parent
                0x0000a42e       0x16 contiki-z1.a(rpl-dag.o)
                0x0000a42e                rpl_remove_parent
 .any.text.nbr_callback
                0x0000a444        0x6 contiki-z1.a(rpl-dag.o)
 .any.text.remove_parents.constprop.5
                0x0000a44a       0x2e contiki-z1.a(rpl-dag.o)
 .any.text.rpl_move_parent
                0x0000a478       0x52 contiki-z1.a(rpl-dag.o)
                0x0000a478                rpl_move_parent
 .any.text.rpl_get_any_dag
                0x0000a4ca       0x16 contiki-z1.a(rpl-dag.o)
                0x0000a4ca                rpl_get_any_dag
 .any.text.rpl_get_instance
                0x0000a4e0       0x16 contiki-z1.a(rpl-dag.o)
                0x0000a4e0                rpl_get_instance
 .any.text.rpl_alloc_dag
                0x0000a4f6       0x60 contiki-z1.a(rpl-dag.o)
                0x0000a4f6                rpl_alloc_dag
 .any.text.rpl_repair_root
                0x0000a556       0x4c contiki-z1.a(rpl-dag.o)
                0x0000a556                rpl_repair_root
 .any.text.rpl_find_of
                0x0000a5a2       0x10 contiki-z1.a(rpl-dag.o)
                0x0000a5a2                rpl_find_of
 .any.text.rpl_join_instance
                0x0000a5b2      0x128 contiki-z1.a(rpl-dag.o)
                0x0000a5b2                rpl_join_instance
 .any.text.rpl_local_repair
                0x0000a6da       0x68 contiki-z1.a(rpl-dag.o)
                0x0000a6da                rpl_local_repair
 .any.text.rpl_process_parent_event
                0x0000a742       0x6c contiki-z1.a(rpl-dag.o)
                0x0000a742                rpl_process_parent_event
 .any.text.rpl_recalculate_ranks
                0x0000a7ae       0x46 contiki-z1.a(rpl-dag.o)
                0x0000a7ae                rpl_recalculate_ranks
 .any.text.rpl_add_dag
                0x0000a7f4      0x102 contiki-z1.a(rpl-dag.o)
                0x0000a7f4                rpl_add_dag
 .any.text.rpl_process_dio
                0x0000a8f6      0x2e0 contiki-z1.a(rpl-dag.o)
                0x0000a8f6                rpl_process_dio
 .any.text.rpl_lock_parent
                0x0000abd6        0xc contiki-z1.a(rpl-dag.o)
                0x0000abd6                rpl_lock_parent
 .any.text.rpl_verify_header
                0x0000abe2       0xae contiki-z1.a(rpl-ext-header.)
                0x0000abe2                rpl_verify_header
 .any.text.rpl_update_header_empty
                0x0000ac90      0x12a contiki-z1.a(rpl-ext-header.)
                0x0000ac90                rpl_update_header_empty
 .any.text.rpl_update_header_final
                0x0000adba       0x90 contiki-z1.a(rpl-ext-header.)
                0x0000adba                rpl_update_header_final
 .any.text.rpl_invert_header
                0x0000ae4a       0x74 contiki-z1.a(rpl-ext-header.)
                0x0000ae4a                rpl_invert_header
 .any.text.rpl_insert_header
                0x0000aebe       0x12 contiki-z1.a(rpl-ext-header.)
                0x0000aebe                rpl_insert_header
 .any.text.get32
                0x0000aed0       0x3e contiki-z1.a(rpl-icmp6.o)
 .any.text.set32
                0x0000af0e       0x2a contiki-z1.a(rpl-icmp6.o)
 .any.text.get16
                0x0000af38        0xe contiki-z1.a(rpl-icmp6.o)
 .any.text.set16
                0x0000af46       0x10 contiki-z1.a(rpl-icmp6.o)
 .any.text.dao_ack_input
                0x0000af56        0x6 contiki-z1.a(rpl-icmp6.o)
 .any.text.dio_input
                0x0000af5c      0x2b0 contiki-z1.a(rpl-icmp6.o)
 .any.text.dis_output
                0x0000b20c       0x50 contiki-z1.a(rpl-icmp6.o)
                0x0000b20c                dis_output
 .any.text.dio_output
                0x0000b25c      0x242 contiki-z1.a(rpl-icmp6.o)
                0x0000b25c                dio_output
 .any.text.dis_input
                0x0000b49e       0x28 contiki-z1.a(rpl-icmp6.o)
 .any.text.dao_output_target
                0x0000b4c6       0xd0 contiki-z1.a(rpl-icmp6.o)
                0x0000b4c6                dao_output_target
 .any.text.dao_output
                0x0000b596       0x68 contiki-z1.a(rpl-icmp6.o)
                0x0000b596                dao_output
 .any.text.dao_ack_output
                0x0000b5fe       0x32 contiki-z1.a(rpl-icmp6.o)
                0x0000b5fe                dao_ack_output
 .any.text.dao_input
                0x0000b630      0x288 contiki-z1.a(rpl-icmp6.o)
 .any.text.rpl_icmp6_register_handlers
                0x0000b8b8       0x22 contiki-z1.a(rpl-icmp6.o)
                0x0000b8b8                rpl_icmp6_register_handlers
 .any.text.reset
                0x0000b8da        0x2 contiki-z1.a(rpl-mrhof.o)
 .any.text.update_metric_container
                0x0000b8dc        0x6 contiki-z1.a(rpl-mrhof.o)
 .any.text.calculate_rank
                0x0000b8e2       0x3e contiki-z1.a(rpl-mrhof.o)
 .any.text.neighbor_link_callback
                0x0000b920       0x8c contiki-z1.a(rpl-mrhof.o)
 .any.text.best_dag
                0x0000b9ac       0x2e contiki-z1.a(rpl-mrhof.o)
 .any.text.best_parent
                0x0000b9da       0x68 contiki-z1.a(rpl-mrhof.o)
 .any.text.new_dio_interval
                0x0000ba42       0x8a contiki-z1.a(rpl-timers.o)
 .any.text.set_dao_lifetime_timer
                0x0000bacc       0x66 contiki-z1.a(rpl-timers.o)
 .any.text.handle_periodic_timer
                0x0000bb32       0x2e contiki-z1.a(rpl-timers.o)
 .any.text.schedule_dao
                0x0000bb60       0x72 contiki-z1.a(rpl-timers.o)
 .any.text.handle_dao_timer
                0x0000bbd2       0x64 contiki-z1.a(rpl-timers.o)
 .any.text.handle_dio_timer
                0x0000bc36       0x90 contiki-z1.a(rpl-timers.o)
 .any.text.rpl_reset_periodic_timer
                0x0000bcc6       0x54 contiki-z1.a(rpl-timers.o)
                0x0000bcc6                rpl_reset_periodic_timer
 .any.text.rpl_reset_dio_timer
                0x0000bd1a       0x18 contiki-z1.a(rpl-timers.o)
                0x0000bd1a                rpl_reset_dio_timer
 .any.text.rpl_schedule_dao
                0x0000bd32        0xc contiki-z1.a(rpl-timers.o)
                0x0000bd32                rpl_schedule_dao
 .any.text.rpl_schedule_probing
                0x0000bd3e       0x34 contiki-z1.a(rpl-timers.o)
                0x0000bd3e                rpl_schedule_probing
 .any.text.handle_probing_timer
                0x0000bd72      0x112 contiki-z1.a(rpl-timers.o)
 .any.text.linkaddr_copy
                0x0000be84        0x8 contiki-z1.a(linkaddr.o)
                0x0000be84                linkaddr_copy
 .any.text.linkaddr_cmp
                0x0000be8c       0x12 contiki-z1.a(linkaddr.o)
                0x0000be8c                linkaddr_cmp
 .any.text.linkaddr_set_node_addr
                0x0000be9e        0xc contiki-z1.a(linkaddr.o)
                0x0000be9e                linkaddr_set_node_addr
 .any.text.item_from_index
                0x0000beaa       0x2a contiki-z1.a(nbr-table.o)
 .any.text.index_from_key
                0x0000bed4       0x26 contiki-z1.a(nbr-table.o)
 .any.text.index_from_item
                0x0000befa       0x1e contiki-z1.a(nbr-table.o)
 .any.text.nbr_set_bit
                0x0000bf18       0x50 contiki-z1.a(nbr-table.o)
 .any.text.index_from_lladdr
                0x0000bf68       0x3e contiki-z1.a(nbr-table.o)
 .any.text.nbr_get_bit.constprop.0
                0x0000bfa6       0x2c contiki-z1.a(nbr-table.o)
 .any.text.nbr_table_register
                0x0000bfd2       0x26 contiki-z1.a(nbr-table.o)
                0x0000bfd2                nbr_table_register
 .any.text.nbr_table_next
                0x0000bff8       0x4c contiki-z1.a(nbr-table.o)
                0x0000bff8                nbr_table_next
 .any.text.nbr_table_head
                0x0000c044       0x36 contiki-z1.a(nbr-table.o)
                0x0000c044                nbr_table_head
 .any.text.nbr_table_add_lladdr
                0x0000c07a      0x110 contiki-z1.a(nbr-table.o)
                0x0000c07a                nbr_table_add_lladdr
 .any.text.nbr_table_get_from_lladdr
                0x0000c18a       0x28 contiki-z1.a(nbr-table.o)
                0x0000c18a                nbr_table_get_from_lladdr
 .any.text.nbr_table_remove
                0x0000c1b2       0x2a contiki-z1.a(nbr-table.o)
                0x0000c1b2                nbr_table_remove
 .any.text.nbr_table_lock
                0x0000c1dc       0x10 contiki-z1.a(nbr-table.o)
                0x0000c1dc                nbr_table_lock
 .any.text.nbr_table_unlock
                0x0000c1ec       0x10 contiki-z1.a(nbr-table.o)
                0x0000c1ec                nbr_table_unlock
 .any.text.nbr_table_get_lladdr
                0x0000c1fc       0x20 contiki-z1.a(nbr-table.o)
                0x0000c1fc                nbr_table_get_lladdr
 .any.text.packetbuf_compact
                0x0000c21c       0x2e contiki-z1.a(packetbuf.o)
                0x0000c21c                packetbuf_compact
 .any.text.packetbuf_copyto
                0x0000c24a       0x46 contiki-z1.a(packetbuf.o)
                0x0000c24a                packetbuf_copyto
 .any.text.packetbuf_hdrreduce
                0x0000c290       0x1a contiki-z1.a(packetbuf.o)
                0x0000c290                packetbuf_hdrreduce
 .any.text.packetbuf_set_datalen
                0x0000c2aa        0x6 contiki-z1.a(packetbuf.o)
                0x0000c2aa                packetbuf_set_datalen
 .any.text.packetbuf_dataptr
                0x0000c2b0        0xe contiki-z1.a(packetbuf.o)
                0x0000c2b0                packetbuf_dataptr
 .any.text.packetbuf_hdrptr
                0x0000c2be        0xa contiki-z1.a(packetbuf.o)
                0x0000c2be                packetbuf_hdrptr
 .any.text.packetbuf_datalen
                0x0000c2c8        0x6 contiki-z1.a(packetbuf.o)
                0x0000c2c8                packetbuf_datalen
 .any.text.packetbuf_hdrlen
                0x0000c2ce       0x10 contiki-z1.a(packetbuf.o)
                0x0000c2ce                packetbuf_hdrlen
 .any.text.packetbuf_totlen
                0x0000c2de        0xc contiki-z1.a(packetbuf.o)
                0x0000c2de                packetbuf_totlen
 .any.text.packetbuf_hdralloc
                0x0000c2ea       0x2a contiki-z1.a(packetbuf.o)
                0x0000c2ea                packetbuf_hdralloc
 .any.text.packetbuf_attr_clear
                0x0000c314       0x28 contiki-z1.a(packetbuf.o)
                0x0000c314                packetbuf_attr_clear
 .any.text.packetbuf_clear
                0x0000c33c       0x1a contiki-z1.a(packetbuf.o)
                0x0000c33c                packetbuf_clear
 .any.text.packetbuf_copyfrom
                0x0000c356       0x2a contiki-z1.a(packetbuf.o)
                0x0000c356                packetbuf_copyfrom
 .any.text.packetbuf_attr_copyto
                0x0000c380       0x22 contiki-z1.a(packetbuf.o)
                0x0000c380                packetbuf_attr_copyto
 .any.text.packetbuf_attr_copyfrom
                0x0000c3a2       0x24 contiki-z1.a(packetbuf.o)
                0x0000c3a2                packetbuf_attr_copyfrom
 .any.text.packetbuf_holds_broadcast
                0x0000c3c6        0xe contiki-z1.a(packetbuf.o)
                0x0000c3c6                packetbuf_holds_broadcast
 .any.text.queuebuf_init
                0x0000c3d4       0x12 contiki-z1.a(queuebuf.o)
                0x0000c3d4                queuebuf_init
 .any.text.queuebuf_numfree
                0x0000c3e6        0xa contiki-z1.a(queuebuf.o)
                0x0000c3e6                queuebuf_numfree
 .any.text.queuebuf_new_from_packetbuf
                0x0000c3f0       0x4e contiki-z1.a(queuebuf.o)
                0x0000c3f0                queuebuf_new_from_packetbuf
 .any.text.queuebuf_update_attr_from_packetbuf
                0x0000c43e       0x12 contiki-z1.a(queuebuf.o)
                0x0000c43e                queuebuf_update_attr_from_packetbuf
 .any.text.queuebuf_update_from_packetbuf
                0x0000c450       0x22 contiki-z1.a(queuebuf.o)
                0x0000c450                queuebuf_update_from_packetbuf
 .any.text.queuebuf_free
                0x0000c472       0x2a contiki-z1.a(queuebuf.o)
                0x0000c472                queuebuf_free
 .any.text.queuebuf_to_packetbuf
                0x0000c49c       0x32 contiki-z1.a(queuebuf.o)
                0x0000c49c                queuebuf_to_packetbuf
 .any.text.queuebuf_attr
                0x0000c4ce        0xe contiki-z1.a(queuebuf.o)
                0x0000c4ce                queuebuf_attr
 .any.text.input_packet
                0x0000c4dc        0x6 contiki-z1.a(csma.o)
 .any.text.on   0x0000c4e2        0x6 contiki-z1.a(csma.o)
 .any.text.off  0x0000c4e8        0x6 contiki-z1.a(csma.o)
 .any.text.channel_check_interval
                0x0000c4ee       0x10 contiki-z1.a(csma.o)
 .any.text.transmit_packet_list
                0x0000c4fe       0x24 contiki-z1.a(csma.o)
 .any.text.init
                0x0000c522       0x1a contiki-z1.a(csma.o)
 .any.text.send_packet
                0x0000c53c      0x16e contiki-z1.a(csma.o)
 .any.text.free_packet
                0x0000c6aa       0x94 contiki-z1.a(csma.o)
 .any.text.packet_sent
                0x0000c73e      0x114 contiki-z1.a(csma.o)
 .any.text.create_frame.isra.0
                0x0000c852      0x104 contiki-z1.a(framer-802154.o)
 .any.text.create
                0x0000c956        0x8 contiki-z1.a(framer-802154.o)
 .any.text.hdr_length
                0x0000c95e        0x8 contiki-z1.a(framer-802154.o)
 .any.text.parse
                0x0000c966       0xa2 contiki-z1.a(framer-802154.o)
 .any.text.framer_canonical_create_and_secure
                0x0000ca08       0x20 contiki-z1.a(framer.o)
                0x0000ca08                framer_canonical_create_and_secure
 .any.text.mac_call_sent_callback
                0x0000ca28       0x14 contiki-z1.a(mac.o)
                0x0000ca28                mac_call_sent_callback
 .any.text.duty_cycle
                0x0000ca3c        0x6 contiki-z1.a(contikimac.o)
 .any.text.init
                0x0000ca42       0x2a contiki-z1.a(contikimac.o)
 .any.text.on   0x0000ca6c       0x1a contiki-z1.a(contikimac.o)
 .any.text.off  0x0000ca86       0x22 contiki-z1.a(contikimac.o)
 .any.text.recv_burst_off
                0x0000caa8        0xa contiki-z1.a(contikimac.o)
 .any.text.powercycle_turn_radio_off
                0x0000cab2       0x14 contiki-z1.a(contikimac.o)
 .any.text.turn_off
                0x0000cac6       0x20 contiki-z1.a(contikimac.o)
 .any.text.turn_on
                0x0000cae6       0x30 contiki-z1.a(contikimac.o)
 .any.text.schedule_powercycle_fixed.part.5
                0x0000cb16       0x34 contiki-z1.a(contikimac.o)
 .any.text.input_packet
                0x0000cb4a       0x94 contiki-z1.a(contikimac.o)
 .any.text.send_packet.isra.7
                0x0000cbde      0x1d8 contiki-z1.a(contikimac.o)
 .any.text.qsend_list
                0x0000cdb6       0xb0 contiki-z1.a(contikimac.o)
 .any.text.qsend_packet
                0x0000ce66       0x28 contiki-z1.a(contikimac.o)
 .any.text.powercycle
                0x0000ce8e      0x1d2 contiki-z1.a(contikimac.o)
 .any.text.bootstrap
                0x0000d060        0x4 contiki-z1.a(nullsec.o)
 .any.text.send
                0x0000d064        0xa contiki-z1.a(nullsec.o)
 .any.text.on_frame_created
                0x0000d06e        0x4 contiki-z1.a(nullsec.o)
 .any.text.input
                0x0000d072        0x6 contiki-z1.a(nullsec.o)
 .any.text.get_overhead
                0x0000d078        0x4 contiki-z1.a(nullsec.o)
 .any.text.i2c_receiveinit
                0x0000d07c       0x36 contiki-z1.a(i2cmaster.o)
                0x0000d07c                i2c_receiveinit
 .any.text.i2c_transmitinit
                0x0000d0b2       0x30 contiki-z1.a(i2cmaster.o)
                0x0000d0b2                i2c_transmitinit
 .any.text.i2c_receive_n
                0x0000d0e2       0x3e contiki-z1.a(i2cmaster.o)
                0x0000d0e2                i2c_receive_n
 .any.text.i2c_busy
                0x0000d120        0xa contiki-z1.a(i2cmaster.o)
                0x0000d120                i2c_busy
 .any.text.i2c_enable
                0x0000d12a       0x22 contiki-z1.a(i2cmaster.o)
                0x0000d12a                i2c_enable
 .any.text.i2c_transmit_n
                0x0000d14c       0x14 contiki-z1.a(i2cmaster.o)
                0x0000d14c                i2c_transmit_n
 .any.text.stimer_set
                0x0000d160       0x1c contiki-z1.a(stimer.o)
                0x0000d160                stimer_set
 .any.text.stimer_expired
                0x0000d17c       0x30 contiki-z1.a(stimer.o)
                0x0000d17c                stimer_expired
 .any.text.memb_init
                0x0000d1ac       0x36 contiki-z1.a(memb.o)
                0x0000d1ac                memb_init
 .any.text.memb_alloc
                0x0000d1e2       0x3e contiki-z1.a(memb.o)
                0x0000d1e2                memb_alloc
 .any.text.memb_free
                0x0000d220       0x3a contiki-z1.a(memb.o)
                0x0000d220                memb_free
 .any.text.memb_inmemb
                0x0000d25a       0x2a contiki-z1.a(memb.o)
                0x0000d25a                memb_inmemb
 .any.text.memb_numfree
                0x0000d284       0x26 contiki-z1.a(memb.o)
                0x0000d284                memb_numfree
 .any.text.field_len
                0x0000d2aa       0x8c contiki-z1.a(frame802154.o)
 .any.text.frame802154_hdrlen
                0x0000d336       0x2e contiki-z1.a(frame802154.o)
                0x0000d336                frame802154_hdrlen
 .any.text.frame802154_create
                0x0000d364      0x112 contiki-z1.a(frame802154.o)
                0x0000d364                frame802154_create
 .any.text.frame802154_parse
                0x0000d476      0x16c contiki-z1.a(frame802154.o)
                0x0000d476                frame802154_parse
 .any.text.mac_sequence_is_duplicate
                0x0000d5e2       0x3c contiki-z1.a(mac-sequence.o)
                0x0000d5e2                mac_sequence_is_duplicate
 .any.text.mac_sequence_register_seqno
                0x0000d61e       0x6a contiki-z1.a(mac-sequence.o)
                0x0000d61e                mac_sequence_register_seqno

.rodata         0x0000d688      0x411
                0x0000d688                . = ALIGN (0x2)
 *(.rodata .rodata.* .gnu.linkonce.r.*)
 .rodata.process_thread_udp_client_process
                0x0000d688       0xb5 udp-client.co
 .rodata.send_packet
                0x0000d73d       0x35 udp-client.co
 .rodata.autostart_processes
                0x0000d772        0x4 udp-client.co
                0x0000d772                autostart_processes
 .rodata        0x0000d776       0x13 udp-client.co
 .rodata        0x0000d789      0x115 obj_z1/contiki-z1-main.o
 *fill*         0x0000d89e        0x2 00
 .rodata.get_value
                0x0000d8a0       0x38 contiki-z1.a(cc2420.o)
 .rodata.cc2420_driver
                0x0000d8d8       0x38 contiki-z1.a(cc2420.o)
                0x0000d8d8                cc2420_driver
 .rodata        0x0000d910        0xe contiki-z1.a(cc2420.o)
 .rodata.output_power
                0x0000d91e       0x10 contiki-z1.a(cc2420.o)
 .rodata        0x0000d92e        0x8 contiki-z1.a(sensors.o)
 .rodata        0x0000d936        0x7 contiki-z1.a(button-sensor.o)
 *fill*         0x0000d93d        0x1 00
 .rodata.button_sensor
                0x0000d93e        0xe contiki-z1.a(button-sensor.o)
                0x0000d93e                button_sensor
 .rodata        0x0000d94c       0x16 contiki-z1.a(adxl345.o)
 .rodata        0x0000d962        0xf contiki-z1.a(ctimer.o)
 .rodata        0x0000d971        0xc contiki-z1.a(etimer.o)
 .rodata        0x0000d97d        0xb contiki-z1.a(sicslowpan.o)
 .rodata.sicslowpan_driver
                0x0000d988        0xa contiki-z1.a(sicslowpan.o)
                0x0000d988                sicslowpan_driver
 .rodata.llprefix
                0x0000d992        0x2 contiki-z1.a(sicslowpan.o)
                0x0000d992                llprefix
 .rodata.unc_mxconf
                0x0000d994        0x4 contiki-z1.a(sicslowpan.o)
                0x0000d994                unc_mxconf
 .rodata.unc_ctxconf
                0x0000d998        0x4 contiki-z1.a(sicslowpan.o)
                0x0000d998                unc_ctxconf
 .rodata.unc_llconf
                0x0000d99c        0x4 contiki-z1.a(sicslowpan.o)
                0x0000d99c                unc_llconf
 .rodata.ttl_values
                0x0000d9a0        0x4 contiki-z1.a(sicslowpan.o)
 .rodata.uip_process
                0x0000d9a4       0x40 contiki-z1.a(uip6.o)
 .rodata        0x0000d9e4        0xd contiki-z1.a(tcpip.o)
 .rodata.uip_debug_ipaddr_print
                0x0000d9f1       0x15 contiki-z1.a(uip-debug.o)
 .rodata.handle_dio_timer
                0x0000da06        0xa contiki-z1.a(rpl-timers.o)
 .rodata.linkaddr_null
                0x0000da10        0x8 contiki-z1.a(linkaddr.o)
                0x0000da10                linkaddr_null
 .rodata        0x0000da18        0x5 contiki-z1.a(csma.o)
 *fill*         0x0000da1d        0x1 00
 .rodata.csma_driver
                0x0000da1e       0x1a contiki-z1.a(csma.o)
                0x0000da1e                csma_driver
 .rodata.framer_802154
                0x0000da38       0x10 contiki-z1.a(framer-802154.o)
                0x0000da38                framer_802154
 .rodata        0x0000da48        0xb contiki-z1.a(contikimac.o)
 *fill*         0x0000da53        0x1 00
 .rodata.contikimac_driver
                0x0000da54       0x1e contiki-z1.a(contikimac.o)
                0x0000da54                contikimac_driver
 .rodata        0x0000da72        0x8 contiki-z1.a(nullsec.o)
 .rodata.nullsec_driver
                0x0000da7a       0x16 contiki-z1.a(nullsec.o)
                0x0000da7a                nullsec_driver
 .rodata.CSWTCH.5
                0x0000da90        0x2 contiki-z1.a(frame802154.o)
 .rodata.vuprintf
                0x0000da92        0x7 /usr/local/msp430/bin/../lib/gcc/msp430/4.7.0/../../../../msp430/lib/mcpu-430x/mmpy-16/msr20/mc20/libc.a(vuprintf.o)
 *(.near.rodata .near.rodata.*)
                0x0000da9a                . = ALIGN (0x2)
                0x0000da9a                _etext = .

.data           0x00001100      0x13c load address 0x0000da9a
                0x00001100                . = ALIGN (0x2)
                0x00001100                __data_start = .
 *(.data .data.* .gnu.linkonce.d.*)
 .data.udp_client_process
                0x00001100        0xc udp-client.co
                0x00001100                udp_client_process
 .data.sensors  0x0000110c        0x4 obj_z1/contiki-z1-main.o
                0x0000110c                sensors
 .data.cur_break
                0x00001110        0x2 contiki-z1.a(msp430.o)
 .data.cc2420_process
                0x00001112        0xc contiki-z1.a(cc2420.o)
                0x00001112                cc2420_process
 .data.sensors_process
                0x0000111e        0xc contiki-z1.a(sensors.o)
                0x0000111e                sensors_process
 .data.accmeter_process
                0x0000112a        0xc contiki-z1.a(adxl345.o)
                0x0000112a                accmeter_process
 .data.adxl345_default_settings
                0x00001136       0x16 contiki-z1.a(adxl345.o)
 .data.ctimer_process
                0x0000114c        0xc contiki-z1.a(ctimer.o)
                0x0000114c                ctimer_process
 .data.etimer_process
                0x00001158        0xc contiki-z1.a(etimer.o)
                0x00001158                etimer_process
 .data.ds6_neighbors
                0x00001164        0x2 contiki-z1.a(uip-ds6-nbr.o)
                0x00001164                ds6_neighbors
 .data.ds6_neighbors_struct
                0x00001166        0xa contiki-z1.a(uip-ds6-nbr.o)
 .data.routememb
                0x00001170        0x8 contiki-z1.a(uip-ds6-route.o)
 .data.defaultroutermemb
                0x00001178        0x8 contiki-z1.a(uip-ds6-route.o)
 .data.nbr_routes_struct
                0x00001180        0xa contiki-z1.a(uip-ds6-route.o)
 .data.neighborroutememb
                0x0000118a        0x8 contiki-z1.a(uip-ds6-route.o)
 .data.echo_request_handler
                0x00001192        0x8 contiki-z1.a(uip-icmp6.o)
 .data.echo_reply_handler
                0x0000119a        0x8 contiki-z1.a(uip-icmp6.o)
 .data.ns_input_handler
                0x000011a2        0x8 contiki-z1.a(uip-nd6.o)
 .data.na_input_handler
                0x000011aa        0x8 contiki-z1.a(uip-nd6.o)
 .data.tcpip_process
                0x000011b2        0xc contiki-z1.a(tcpip.o)
                0x000011b2                tcpip_process
 .data.rpl_parents
                0x000011be        0x2 contiki-z1.a(rpl-dag.o)
                0x000011be                rpl_parents
 .data.rpl_parents_struct
                0x000011c0        0xa contiki-z1.a(rpl-dag.o)
 .data.dao_sequence
                0x000011ca        0x1 contiki-z1.a(rpl-icmp6.o)
 *fill*         0x000011cb        0x1 00
 .data.dis_handler
                0x000011cc        0x8 contiki-z1.a(rpl-icmp6.o)
 .data.dio_handler
                0x000011d4        0x8 contiki-z1.a(rpl-icmp6.o)
 .data.dao_handler
                0x000011dc        0x8 contiki-z1.a(rpl-icmp6.o)
 .data.dao_ack_handler
                0x000011e4        0x8 contiki-z1.a(rpl-icmp6.o)
 .data.rpl_mrhof
                0x000011ec       0x1a contiki-z1.a(rpl-mrhof.o)
                0x000011ec                rpl_mrhof
 .data.neighbor_addr_mem
                0x00001206        0x8 contiki-z1.a(nbr-table.o)
 .data.buframmem
                0x0000120e        0x8 contiki-z1.a(queuebuf.o)
 .data.bufmem   0x00001216        0x8 contiki-z1.a(queuebuf.o)
 .data.neighbor_memb
                0x0000121e        0x8 contiki-z1.a(csma.o)
 .data.packet_memb
                0x00001226        0x8 contiki-z1.a(csma.o)
 .data.metadata_memb
                0x0000122e        0x8 contiki-z1.a(csma.o)
 .data.prescale_lsb
                0x00001236        0x1 contiki-z1.a(i2cmaster.o)
                0x00001236                prescale_lsb
 *fill*         0x00001237        0x1 00
 .data.next     0x00001238        0x4 /usr/local/msp430/bin/../lib/gcc/msp430/4.7.0/../../../../msp430/lib/mcpu-430x/mmpy-16/msr20/mc20/libc.a(rand.o)
 *(.near.data .near.data.*)
                0x0000123c                . = ALIGN (0x2)
                0x0000123c                _edata = .
                0x0000da9a                __data_load_start = LOADADDR (.data)
                0x0000013c                __data_size = SIZEOF (.data)

.bss            0x0000123c     0x132a load address 0x0000dbd6
                0x0000123c                __bss_start = .
 *(.bss .bss.*)
 .bss.client_conn
                0x0000123c        0x2 udp-client.co
 .bss.periodic.2959
                0x0000123e        0xc udp-client.co
 .bss.backoff_timer.2960
                0x0000124a       0x16 udp-client.co
 .bss.seq_id.2940
                0x00001260        0x2 udp-client.co
 .bss.server_ipaddr
                0x00001262       0x10 udp-client.co
 .bss.irq_energest.4215
                0x00001272        0x4 obj_z1/contiki-z1-main.o
 .bss.leds      0x00001276        0x1 contiki-z1.a(leds.o)
 *fill*         0x00001277        0x1 00
 .bss.counter   0x00001278        0x2 contiki-z1.a(watchdog.o)
 .bss.last_packet_timestamp
                0x0000127a        0x2 contiki-z1.a(cc2420.o)
 .bss.receive_on
                0x0000127c        0x1 contiki-z1.a(cc2420.o)
 .bss.locked    0x0000127d        0x1 contiki-z1.a(cc2420.o)
 .bss.lock_off  0x0000127e        0x1 contiki-z1.a(cc2420.o)
 .bss.lock_on   0x0000127f        0x1 contiki-z1.a(cc2420.o)
 .bss.channel   0x00001280        0x2 contiki-z1.a(cc2420.o)
 .bss.node_id   0x00001282        0x2 contiki-z1.a(node-id.o)
                0x00001282                node_id
 .bss.num_sensors
                0x00001284        0x1 contiki-z1.a(sensors.o)
 *fill*         0x00001285        0x1 00
 .bss.i.2078    0x00001286        0x2 contiki-z1.a(sensors.o)
 .bss.events.2079
                0x00001288        0x2 contiki-z1.a(sensors.o)
 .bss.debouncetimer
                0x0000128a        0x8 contiki-z1.a(button-sensor.o)
 .bss.transmitting
                0x00001292        0x1 contiki-z1.a(uart0.o)
 *fill*         0x00001293        0x1 00
 .bss.uart0_input_handler
                0x00001294        0x4 contiki-z1.a(uart0.o)
 .bss.int1_mask
                0x00001298        0x2 contiki-z1.a(adxl345.o)
 .bss.int2_mask
                0x0000129a        0x2 contiki-z1.a(adxl345.o)
 .bss._ADXL345_STATUS
                0x0000129c        0x2 contiki-z1.a(adxl345.o)
 .bss.suppressTimer1
                0x0000129e        0x8 contiki-z1.a(adxl345.o)
 .bss.suppressTimer2
                0x000012a6        0x8 contiki-z1.a(adxl345.o)
 .bss.last_tar  0x000012ae        0x2 contiki-z1.a(clock.o)
 .bss.count     0x000012b0        0x4 contiki-z1.a(clock.o)
 .bss.seconds   0x000012b4        0x4 contiki-z1.a(clock.o)
 .bss.initialized
                0x000012b8        0x1 contiki-z1.a(ctimer.o)
 *fill*         0x000012b9        0x1 00
 .bss.ctimer_list_list
                0x000012ba        0x2 contiki-z1.a(ctimer.o)
 .bss.timerlist
                0x000012bc        0x2 contiki-z1.a(etimer.o)
 .bss.next_expiration
                0x000012be        0x4 contiki-z1.a(etimer.o)
 .bss.poll_requested
                0x000012c2        0x1 contiki-z1.a(process.o)
 *fill*         0x000012c3        0x1 00
 .bss.process_current
                0x000012c4        0x2 contiki-z1.a(process.o)
                0x000012c4                process_current
 .bss.process_list
                0x000012c6        0x2 contiki-z1.a(process.o)
                0x000012c6                process_list
 .bss.lastevent
                0x000012c8        0x1 contiki-z1.a(process.o)
 .bss.fevent    0x000012c9        0x1 contiki-z1.a(process.o)
 .bss.nevents   0x000012ca        0x1 contiki-z1.a(process.o)
 *fill*         0x000012cb        0x1 00
 .bss.events    0x000012cc       0x30 contiki-z1.a(process.o)
 .bss.ev.1857   0x000012fc        0x1 contiki-z1.a(process.o)
 *fill*         0x000012fd        0x1 00
 .bss.data.1858
                0x000012fe        0x2 contiki-z1.a(process.o)
 .bss.receiver.1859
                0x00001300        0x2 contiki-z1.a(process.o)
 .bss.p.1860    0x00001302        0x2 contiki-z1.a(process.o)
 .bss.snum.1875
                0x00001304        0x1 contiki-z1.a(process.o)
 *fill*         0x00001305        0x1 00
 .bss.next_rtimer
                0x00001306        0x2 contiki-z1.a(rtimer.o)
 .bss.callback  0x00001308        0x2 contiki-z1.a(sicslowpan.o)
 .bss.addr_contexts
                0x0000130a       0x14 contiki-z1.a(sicslowpan.o)
 .bss.uncomp_hdr_len
                0x0000131e        0x1 contiki-z1.a(sicslowpan.o)
 .bss.packetbuf_hdr_len
                0x0000131f        0x1 contiki-z1.a(sicslowpan.o)
 .bss.packetbuf_ptr
                0x00001320        0x2 contiki-z1.a(sicslowpan.o)
 .bss.my_tag    0x00001322        0x2 contiki-z1.a(sicslowpan.o)
 .bss.packetbuf_payload_len
                0x00001324        0x2 contiki-z1.a(sicslowpan.o)
 .bss.last_tx_status
                0x00001326        0x2 contiki-z1.a(sicslowpan.o)
 .bss.hc06_ptr  0x00001328        0x2 contiki-z1.a(sicslowpan.o)
 .bss.context   0x0000132a        0x2 contiki-z1.a(sicslowpan.o)
 .bss.last_rssi
                0x0000132c        0x2 contiki-z1.a(sicslowpan.o)
 .bss.reass_timer
                0x0000132e        0x8 contiki-z1.a(sicslowpan.o)
 .bss.sicslowpan_len
                0x00001336        0x2 contiki-z1.a(sicslowpan.o)
 .bss.processed_ip_in_len
                0x00001338        0x2 contiki-z1.a(sicslowpan.o)
 .bss.reass_tag
                0x0000133a        0x2 contiki-z1.a(sicslowpan.o)
 .bss.sicslowpan_aligned_buf
                0x0000133c       0x8c contiki-z1.a(sicslowpan.o)
 .bss.uip_ext_opt_offset
                0x000013c8        0x1 contiki-z1.a(uip6.o)
                0x000013c8                uip_ext_opt_offset
 .bss.uip_ext_len
                0x000013c9        0x1 contiki-z1.a(uip6.o)
                0x000013c9                uip_ext_len
 .bss.uip_ext_bitmap
                0x000013ca        0x1 contiki-z1.a(uip6.o)
                0x000013ca                uip_ext_bitmap
 .bss.c         0x000013cb        0x1 contiki-z1.a(uip6.o)
 .bss.lastport  0x000013cc        0x2 contiki-z1.a(uip6.o)
 .bss.iss       0x000013ce        0x4 contiki-z1.a(uip6.o)
 .bss.tmp16     0x000013d2        0x2 contiki-z1.a(uip6.o)
 .bss.opt       0x000013d4        0x1 contiki-z1.a(uip6.o)
 *fill*         0x000013d5        0x1 00
 .bss.loc_fipaddr
                0x000013d6       0x10 contiki-z1.a(uip-ds6.o)
 .bss.locaddr   0x000013e6        0x2 contiki-z1.a(uip-ds6.o)
 .bss.locprefix
                0x000013e8        0x2 contiki-z1.a(uip-ds6.o)
 .bss.locmaddr  0x000013ea        0x2 contiki-z1.a(uip-ds6.o)
 .bss._ds6_neighbors_mem
                0x000013ec      0x23a contiki-z1.a(uip-ds6-nbr.o)
 .bss.notificationlist_list
                0x00001626        0x2 contiki-z1.a(uip-ds6-route.o)
 .bss.defaultrouterlist_list
                0x00001628        0x2 contiki-z1.a(uip-ds6-route.o)
 .bss.routelist_list
                0x0000162a        0x2 contiki-z1.a(uip-ds6-route.o)
 .bss.num_routes
                0x0000162c        0x2 contiki-z1.a(uip-ds6-route.o)
 .bss.routememb_memb_count
                0x0000162e        0xf contiki-z1.a(uip-ds6-route.o)
 *fill*         0x0000163d        0x1 00
 .bss.routememb_memb_mem
                0x0000163e      0x1c2 contiki-z1.a(uip-ds6-route.o)
 .bss.defaultroutermemb_memb_count
                0x00001800        0x2 contiki-z1.a(uip-ds6-route.o)
 .bss.defaultroutermemb_memb_mem
                0x00001802       0x38 contiki-z1.a(uip-ds6-route.o)
 .bss._nbr_routes_mem
                0x0000183a       0x3c contiki-z1.a(uip-ds6-route.o)
 .bss.neighborroutememb_memb_count
                0x00001876        0xf contiki-z1.a(uip-ds6-route.o)
 *fill*         0x00001885        0x1 00
 .bss.neighborroutememb_memb_mem
                0x00001886       0x3c contiki-z1.a(uip-ds6-route.o)
 .bss.input_handler_list_list
                0x000018c2        0x2 contiki-z1.a(uip-icmp6.o)
 .bss.tmp_ipaddr
                0x000018c4       0x10 contiki-z1.a(uip-icmp6.o)
 .bss.echo_reply_callback_list_list
                0x000018d4        0x2 contiki-z1.a(uip-icmp6.o)
 .bss.nd6_opt_offset
                0x000018d6        0x1 contiki-z1.a(uip-nd6.o)
 *fill*         0x000018d7        0x1 00
 .bss.nd6_opt_llao
                0x000018d8        0x2 contiki-z1.a(uip-nd6.o)
 .bss.addr      0x000018da        0x2 contiki-z1.a(uip-nd6.o)
 .bss.nbr       0x000018dc        0x2 contiki-z1.a(uip-nd6.o)
 .bss.defrt     0x000018de        0x2 contiki-z1.a(uip-nd6.o)
 .bss.outputfunc
                0x000018e0        0x4 contiki-z1.a(tcpip.o)
 .bss.i.4457    0x000018e4        0x1 contiki-z1.a(tcpip.o)
 *fill*         0x000018e5        0x1 00
 .bss.s         0x000018e6       0x22 contiki-z1.a(tcpip.o)
 .bss.periodic  0x00001908        0xc contiki-z1.a(tcpip.o)
 .bss.i.4401    0x00001914        0x1 contiki-z1.a(tcpip.o)
 .bss.i.4445    0x00001915        0x1 contiki-z1.a(tcpip.o)
 .bss.mode      0x00001916        0x2 contiki-z1.a(rpl.o)
 .bss._rpl_parents_mem
                0x00001918       0xb4 contiki-z1.a(rpl-dag.o)
 .bss.next_dis  0x000019cc        0x2 contiki-z1.a(rpl-timers.o)
 .bss.periodic_timer
                0x000019ce       0x16 contiki-z1.a(rpl-timers.o)
 .bss.dio_send_ok
                0x000019e4        0x1 contiki-z1.a(rpl-timers.o)
 *fill*         0x000019e5        0x1 00
 .bss.num_tables
                0x000019e6        0x2 contiki-z1.a(nbr-table.o)
 .bss.all_tables
                0x000019e8       0x10 contiki-z1.a(nbr-table.o)
 .bss.used_map  0x000019f8        0xf contiki-z1.a(nbr-table.o)
 *fill*         0x00001a07        0x1 00
 .bss.nbr_table_keys_list
                0x00001a08        0x2 contiki-z1.a(nbr-table.o)
 .bss.locked_map
                0x00001a0a        0xf contiki-z1.a(nbr-table.o)
 .bss.neighbor_addr_mem_memb_count
                0x00001a19        0xf contiki-z1.a(nbr-table.o)
 .bss.neighbor_addr_mem_memb_mem
                0x00001a28       0x96 contiki-z1.a(nbr-table.o)
 .bss.bufptr    0x00001abe        0x2 contiki-z1.a(packetbuf.o)
 .bss.buflen    0x00001ac0        0x2 contiki-z1.a(packetbuf.o)
 .bss.hdrptr    0x00001ac2        0x1 contiki-z1.a(packetbuf.o)
 *fill*         0x00001ac3        0x1 00
 .bss.packetbufptr
                0x00001ac4        0x2 contiki-z1.a(packetbuf.o)
 .bss.packetbuf_aligned
                0x00001ac6       0xb0 contiki-z1.a(packetbuf.o)
 .bss.buframmem_memb_count
                0x00001b76        0x4 contiki-z1.a(queuebuf.o)
 .bss.buframmem_memb_mem
                0x00001b7a      0x2c0 contiki-z1.a(queuebuf.o)
 .bss.bufmem_memb_count
                0x00001e3a        0x4 contiki-z1.a(queuebuf.o)
 .bss.bufmem_memb_mem
                0x00001e3e        0x8 contiki-z1.a(queuebuf.o)
 .bss.initialized.2860
                0x00001e46        0x1 contiki-z1.a(csma.o)
 *fill*         0x00001e47        0x1 00
 .bss.seqno.2861
                0x00001e48        0x2 contiki-z1.a(csma.o)
 .bss.neighbor_list_list
                0x00001e4a        0x2 contiki-z1.a(csma.o)
 .bss.neighbor_memb_memb_count
                0x00001e4c        0x2 contiki-z1.a(csma.o)
 .bss.neighbor_memb_memb_mem
                0x00001e4e       0x50 contiki-z1.a(csma.o)
 .bss.packet_memb_memb_count
                0x00001e9e        0x4 contiki-z1.a(csma.o)
 .bss.packet_memb_memb_mem