Archive member included because of file (symbol)

contiki-z1.a(er-coap-engine.)
                              coap-server.co (coap_rest_implementation)
contiki-z1.a(er-coap-transac)
                              contiki-z1.a(er-coap-engine.) (coap_register_as_transaction_handler)
contiki-z1.a(er-coap-observe)
                              contiki-z1.a(er-coap-transac) (coap_remove_observer_by_client)
contiki-z1.a(er-coap-res-wel)
                              contiki-z1.a(er-coap-engine.) (res_well_known_core)
contiki-z1.a(rest-engine.o)   coap-server.co (rest_init_engine)
contiki-z1.a(contiki-z1-plat)
                              obj_z1/contiki-z1-main.o (init_platform)
contiki-z1.a(msp430.o)        obj_z1/contiki-z1-main.o (splhigh_)
contiki-z1.a(leds.o)          obj_z1/contiki-z1-main.o (leds_init)
contiki-z1.a(watchdog.o)      obj_z1/contiki-z1-main.o (watchdog_start)
contiki-z1.a(xmem.o)          obj_z1/contiki-z1-main.o (xmem_init)
contiki-z1.a(spi.o)           contiki-z1.a(xmem.o) (spi_init)
contiki-z1.a(cc2420.o)        obj_z1/contiki-z1-main.o (cc2420_set_pan_addr)
contiki-z1.a(cc2420-arch.o)   contiki-z1.a(cc2420.o) (cc2420_arch_init)
contiki-z1.a(node-id.o)       obj_z1/contiki-z1-main.o (node_id_restore)
contiki-z1.a(sensors.o)       contiki-z1.a(contiki-z1-plat) (sensors_process)
contiki-z1.a(button-sensor.o)
                              obj_z1/contiki-z1-main.o (button_sensor)
contiki-z1.a(uart0.o)         obj_z1/contiki-z1-main.o (uart0_active)
contiki-z1.a(uart0-putchar.o)
                              obj_z1/contiki-z1-main.o (putchar)
contiki-z1.a(adxl345.o)       obj_z1/contiki-z1-main.o (accm_init)
contiki-z1.a(clock.o)         obj_z1/contiki-z1-main.o (clock_init)
contiki-z1.a(leds-arch.o)     contiki-z1.a(leds.o) (leds_arch_init)
contiki-z1.a(rtimer-arch.o)   obj_z1/contiki-z1-main.o (rtimer_arch_now)
contiki-z1.a(autostart.o)     obj_z1/contiki-z1-main.o (autostart_start)
contiki-z1.a(ctimer.o)        obj_z1/contiki-z1-main.o (ctimer_init)
contiki-z1.a(energest.o)      obj_z1/contiki-z1-main.o (energest_init)
contiki-z1.a(etimer.o)        contiki-z1.a(clock.o) (etimer_request_poll)
contiki-z1.a(process.o)       contiki-z1.a(er-coap-engine.) (process_current)
contiki-z1.a(rtimer.o)        obj_z1/contiki-z1-main.o (rtimer_init)
contiki-z1.a(timer.o)         contiki-z1.a(button-sensor.o) (timer_set)
contiki-z1.a(list.o)          contiki-z1.a(rest-engine.o) (list_init)
contiki-z1.a(memb.o)          contiki-z1.a(er-coap-transac) (memb_alloc)
contiki-z1.a(random.o)        contiki-z1.a(er-coap-transac) (random_rand)
contiki-z1.a(sicslowpan.o)    obj_z1/contiki-z1-main.o (sicslowpan_driver)
contiki-z1.a(uip6.o)          contiki-z1.a(er-coap-engine.) (uip_aligned_buf)
contiki-z1.a(uip-ds6.o)       contiki-z1.a(uip6.o) (uip_ds6_is_addr_onlink)
contiki-z1.a(uip-ds6-nbr.o)   contiki-z1.a(uip-ds6.o) (uip_ds6_neighbors_init)
contiki-z1.a(uip-ds6-route.o)
                              contiki-z1.a(uip-ds6.o) (uip_ds6_route_init)
contiki-z1.a(uip-icmp6.o)     contiki-z1.a(uip6.o) (uip_icmp6_input)
contiki-z1.a(uip-nd6.o)       contiki-z1.a(uip-ds6-nbr.o) (uip_nd6_ns_output)
contiki-z1.a(tcpip.o)         contiki-z1.a(sicslowpan.o) (tcpip_set_outputfunc)
contiki-z1.a(uip-debug.o)     contiki-z1.a(uip-ds6-route.o) (uip_debug_ipaddr_print)
contiki-z1.a(rpl.o)           contiki-z1.a(uip-ds6-nbr.o) (rpl_link_neighbor_callback)
contiki-z1.a(rpl-dag.o)       contiki-z1.a(rpl.o) (default_instance)
contiki-z1.a(rpl-ext-header.)
                              contiki-z1.a(uip6.o) (rpl_verify_header)
contiki-z1.a(rpl-icmp6.o)     contiki-z1.a(rpl.o) (dao_output_target)
contiki-z1.a(rpl-mrhof.o)     contiki-z1.a(rpl.o) (rpl_mrhof)
contiki-z1.a(rpl-timers.o)    contiki-z1.a(rpl.o) (rpl_reset_periodic_timer)
contiki-z1.a(linkaddr.o)      obj_z1/contiki-z1-main.o (linkaddr_copy)
contiki-z1.a(nbr-table.o)     contiki-z1.a(uip-ds6-nbr.o) (nbr_table_register)
contiki-z1.a(packetbuf.o)     contiki-z1.a(cc2420.o) (packetbuf_set_datalen)
contiki-z1.a(queuebuf.o)      obj_z1/contiki-z1-main.o (queuebuf_init)
contiki-z1.a(framer-802154.o)
                              contiki-z1.a(sicslowpan.o) (framer_802154)
contiki-z1.a(framer.o)        contiki-z1.a(framer-802154.o) (framer_canonical_create_and_secure)
contiki-z1.a(nullmac.o)       obj_z1/contiki-z1-main.o (nullmac_driver)
contiki-z1.a(nullrdc.o)       obj_z1/contiki-z1-main.o (nullrdc_driver)
contiki-z1.a(nullsec.o)       contiki-z1.a(sicslowpan.o) (nullsec_driver)
contiki-z1.a(er-coap.o)       contiki-z1.a(er-coap-engine.) (coap_init_connection)
contiki-z1.a(i2cmaster.o)     contiki-z1.a(adxl345.o) (i2c_receiveinit)
contiki-z1.a(stimer.o)        contiki-z1.a(uip-ds6.o) (stimer_set)
contiki-z1.a(uip-udp-packet.)
                              contiki-z1.a(er-coap.o) (uip_udp_packet_send)
contiki-z1.a(frame802154.o)   contiki-z1.a(framer-802154.o) (frame802154_hdrlen)
contiki-z1.a(mac.o)           contiki-z1.a(nullrdc.o) (mac_call_sent_callback)
[...]
Memory Configuration

Name             Origin             Length             Attributes
sfr              0x00000000         0x00000010
peripheral_8bit  0x00000010         0x000000f0
peripheral_16bit 0x00000100         0x00000100
ram_mirror       0x00000200         0x00000800         xw
infomem          0x00001000         0x00000100
infod            0x00001000         0x00000040
infoc            0x00001040         0x00000040
infob            0x00001080         0x00000040
infoa            0x000010c0         0x00000040
ram              0x00001100         0x00002000         xw
rom              0x00003100         0x0000cebe         xr
vectors          0x0000ffc0         0x00000040
far_rom          0x00010000         0x0000a000
bsl              0x00000000         0x00000000
ram2             0x00000000         0x00000000         xw
usbram           0x00000000         0x00000000         xw
*default*        0x00000000         0xffffffff

Linker script and memory map

LOAD /usr/local/msp430/bin/../lib/gcc/msp430/4.7.0/mcpu-430x/mmpy-16/msr20/mc20/crt0ivtbl32.o
                0x00000041                __P1SEL2 = 0x41
                0x00000045                __P5SEL2 = 0x45
LOAD coap-server.co
LOAD obj_z1/contiki-z1-main.o
LOAD contiki-z1.a
LOAD /usr/local/msp430/bin/../lib/gcc/msp430/4.7.0/mcpu-430x/mmpy-16/msr20/mc20/libgcc.a
LOAD /usr/local/msp430/bin/../lib/gcc/msp430/4.7.0/../../../../msp430/lib/mcpu-430x/mmpy-16/msr20/mc20/libc.a
LOAD /usr/local/msp430/bin/../lib/gcc/msp430/4.7.0/mcpu-430x/mmpy-16/msr20/mc20/libgcc.a
LOAD /usr/local/msp430/bin/../lib/gcc/msp430/4.7.0/mcpu-430x/mmpy-16/msr20/mc20/libcrt0.a
                0x00000040                PROVIDE (__info_segment_size, 0x40)
                0x00001000                PROVIDE (__infod, 0x1000)
                0x00001040                PROVIDE (__infoc, 0x1040)
                0x00001080                PROVIDE (__infob, 0x1080)
                0x000010c0                PROVIDE (__infoa, 0x10c0)
                0x00000000                __IE1 = 0x0
                0x00000002                __IFG1 = 0x2
                0x00000001                __IE2 = 0x1
                0x00000003                __IFG2 = 0x3
                0x00000006                __UC1IE = 0x6
                0x00000007                __UC1IFG = 0x7
                0x000001a0                __ADC12CTL0 = 0x1a0
                0x000001a2                __ADC12CTL1 = 0x1a2
                0x000001a4                __ADC12IFG = 0x1a4
                0x000001a6                __ADC12IE = 0x1a6
                0x000001a8                __ADC12IV = 0x1a8
                0x00000140                __ADC12MEM0 = 0x140
                0x00000142                __ADC12MEM1 = 0x142
                0x00000144                __ADC12MEM2 = 0x144
                0x00000146                __ADC12MEM3 = 0x146
                0x00000148                __ADC12MEM4 = 0x148
                0x0000014a                __ADC12MEM5 = 0x14a
                0x0000014c                __ADC12MEM6 = 0x14c
                0x0000014e                __ADC12MEM7 = 0x14e
                0x00000150                __ADC12MEM8 = 0x150
                0x00000152                __ADC12MEM9 = 0x152
                0x00000154                __ADC12MEM10 = 0x154
                0x00000156                __ADC12MEM11 = 0x156
                0x00000158                __ADC12MEM12 = 0x158
                0x0000015a                __ADC12MEM13 = 0x15a
                0x0000015c                __ADC12MEM14 = 0x15c
                0x0000015e                __ADC12MEM15 = 0x15e
                0x00000080                __ADC12MCTL0 = 0x80
                0x00000081                __ADC12MCTL1 = 0x81
                0x00000082                __ADC12MCTL2 = 0x82
                0x00000083                __ADC12MCTL3 = 0x83
                0x00000084                __ADC12MCTL4 = 0x84
                0x00000085                __ADC12MCTL5 = 0x85
                0x00000086                __ADC12MCTL6 = 0x86
                0x00000087                __ADC12MCTL7 = 0x87
                0x00000088                __ADC12MCTL8 = 0x88
                0x00000089                __ADC12MCTL9 = 0x89
                0x0000008a                __ADC12MCTL10 = 0x8a
                0x0000008b                __ADC12MCTL11 = 0x8b
                0x0000008c                __ADC12MCTL12 = 0x8c
                0x0000008d                __ADC12MCTL13 = 0x8d
                0x0000008e                __ADC12MCTL14 = 0x8e
                0x0000008f                __ADC12MCTL15 = 0x8f
                0x00000056                __DCOCTL = 0x56
                0x00000057                __BCSCTL1 = 0x57
                0x00000058                __BCSCTL2 = 0x58
                0x00000053                __BCSCTL3 = 0x53
                0x00000059                __CACTL1 = 0x59
                0x0000005a                __CACTL2 = 0x5a
                0x0000005b                __CAPD = 0x5b
                0x000001c0                __DAC12_0CTL = 0x1c0
                0x000001c2                __DAC12_1CTL = 0x1c2
                0x000001c8                __DAC12_0DAT = 0x1c8
                0x000001ca                __DAC12_1DAT = 0x1ca
                0x00000122                __DMACTL0 = 0x122
                0x00000124                __DMACTL1 = 0x124
                0x00000126                __DMAIV = 0x126
                0x000001d0                __DMA0CTL = 0x1d0
                0x000001dc                __DMA1CTL = 0x1dc
                0x000001e8                __DMA2CTL = 0x1e8
                0x000001d2                __DMA0SA = 0x1d2
                0x000001d2                __DMA0SAL = 0x1d2
                0x000001d6                __DMA0DA = 0x1d6
                0x000001d6                __DMA0DAL = 0x1d6
                0x000001da                __DMA0SZ = 0x1da
                0x000001de                __DMA1SA = 0x1de
                0x000001de                __DMA1SAL = 0x1de
                0x000001e2                __DMA1DA = 0x1e2
                0x000001e2                __DMA1DAL = 0x1e2
                0x000001e6                __DMA1SZ = 0x1e6
                0x000001ea                __DMA2SA = 0x1ea
                0x000001ea                __DMA2SAL = 0x1ea
                0x000001ee                __DMA2DA = 0x1ee
                0x000001ee                __DMA2DAL = 0x1ee
                0x000001f2                __DMA2SZ = 0x1f2
                0x00000128                __FCTL1 = 0x128
                0x0000012a                __FCTL2 = 0x12a
                0x0000012c                __FCTL3 = 0x12c
                0x000001be                __FCTL4 = 0x1be
                0x00000130                __MPY = 0x130
                0x00000132                __MPYS = 0x132
                0x00000134                __MAC = 0x134
                0x00000136                __MACS = 0x136
                0x00000138                __OP2 = 0x138
                0x0000013a                __RESLO = 0x13a
                0x0000013c                __RESHI = 0x13c
                0x0000013e                __SUMEXT = 0x13e
                0x00000020                __P1IN = 0x20
                0x00000021                __P1OUT = 0x21
                0x00000022                __P1DIR = 0x22
                0x00000023                __P1IFG = 0x23
                0x00000024                __P1IES = 0x24
                0x00000025                __P1IE = 0x25
                0x00000026                __P1SEL = 0x26
                0x00000027                __P1REN = 0x27
                0x00000028                __P2IN = 0x28
                0x00000029                __P2OUT = 0x29
                0x0000002a                __P2DIR = 0x2a
                0x0000002b                __P2IFG = 0x2b
                0x0000002c                __P2IES = 0x2c
                0x0000002d                __P2IE = 0x2d
                0x0000002e                __P2SEL = 0x2e
                0x0000002f                __P2REN = 0x2f
                0x00000018                __P3IN = 0x18
                0x00000019                __P3OUT = 0x19
                0x0000001a                __P3DIR = 0x1a
                0x0000001b                __P3SEL = 0x1b
                0x00000010                __P3REN = 0x10
                0x0000001c                __P4IN = 0x1c
                0x0000001d                __P4OUT = 0x1d
                0x0000001e                __P4DIR = 0x1e
                0x0000001f                __P4SEL = 0x1f
                0x00000011                __P4REN = 0x11
                0x00000030                __P5IN = 0x30
                0x00000031                __P5OUT = 0x31
                0x00000032                __P5DIR = 0x32
                0x00000033                __P5SEL = 0x33
                0x00000012                __P5REN = 0x12
                0x00000034                __P6IN = 0x34
                0x00000035                __P6OUT = 0x35
                0x00000036                __P6DIR = 0x36
                0x00000037                __P6SEL = 0x37
                0x00000013                __P6REN = 0x13
                0x00000038                __P7IN = 0x38
                0x0000003a                __P7OUT = 0x3a
                0x0000003c                __P7DIR = 0x3c
                0x0000003e                __P7SEL = 0x3e
                0x00000014                __P7REN = 0x14
                0x00000039                __P8IN = 0x39
                0x0000003b                __P8OUT = 0x3b
                0x0000003d                __P8DIR = 0x3d
                0x0000003f                __P8SEL = 0x3f
                0x00000015                __P8REN = 0x15
                0x00000038                __PAIN = 0x38
                0x0000003a                __PAOUT = 0x3a
                0x0000003c                __PADIR = 0x3c
                0x0000003e                __PASEL = 0x3e
                0x00000014                __PAREN = 0x14
                0x00000055                __SVSCTL = 0x55
                0x0000012e                __TAIV = 0x12e
                0x00000160                __TACTL = 0x160
                0x00000162                __TACCTL0 = 0x162
                0x00000164                __TACCTL1 = 0x164
                0x00000166                __TACCTL2 = 0x166
                0x00000170                __TAR = 0x170
                0x00000172                __TACCR0 = 0x172
                0x00000174                __TACCR1 = 0x174
                0x00000176                __TACCR2 = 0x176
                0x0000011e                __TBIV = 0x11e
                0x00000180                __TBCTL = 0x180
                0x00000182                __TBCCTL0 = 0x182
                0x00000184                __TBCCTL1 = 0x184
                0x00000186                __TBCCTL2 = 0x186
                0x00000188                __TBCCTL3 = 0x188
                0x0000018a                __TBCCTL4 = 0x18a
                0x0000018c                __TBCCTL5 = 0x18c
                0x0000018e                __TBCCTL6 = 0x18e
                0x00000190                __TBR = 0x190
                0x00000192                __TBCCR0 = 0x192
                0x00000194                __TBCCR1 = 0x194
                0x00000196                __TBCCR2 = 0x196
                0x00000198                __TBCCR3 = 0x198
                0x0000019a                __TBCCR4 = 0x19a
                0x0000019c                __TBCCR5 = 0x19c
                0x0000019e                __TBCCR6 = 0x19e
                0x00000060                __UCA0CTL0 = 0x60
                0x00000061                __UCA0CTL1 = 0x61
                0x00000062                __UCA0BR0 = 0x62
                0x00000063                __UCA0BR1 = 0x63
                0x00000064                __UCA0MCTL = 0x64
                0x00000065                __UCA0STAT = 0x65
                0x00000066                __UCA0RXBUF = 0x66
                0x00000067                __UCA0TXBUF = 0x67
                0x0000005d                __UCA0ABCTL = 0x5d
                0x0000005e                __UCA0IRTCTL = 0x5e
                0x0000005f                __UCA0IRRCTL = 0x5f
                0x00000068                __UCB0CTL0 = 0x68
                0x00000069                __UCB0CTL1 = 0x69
                0x0000006a                __UCB0BR0 = 0x6a
                0x0000006b                __UCB0BR1 = 0x6b
                0x0000006c                __UCB0I2CIE = 0x6c
                0x0000006d                __UCB0STAT = 0x6d
                0x0000006e                __UCB0RXBUF = 0x6e
                0x0000006f                __UCB0TXBUF = 0x6f
                0x00000118                __UCB0I2COA = 0x118
                0x0000011a                __UCB0I2CSA = 0x11a
                0x000000d0                __UCA1CTL0 = 0xd0
                0x000000d1                __UCA1CTL1 = 0xd1
                0x000000d2                __UCA1BR0 = 0xd2
                0x000000d3                __UCA1BR1 = 0xd3
                0x000000d4                __UCA1MCTL = 0xd4
                0x000000d5                __UCA1STAT = 0xd5
                0x000000d6                __UCA1RXBUF = 0xd6
                0x000000d7                __UCA1TXBUF = 0xd7
                0x000000cd                __UCA1ABCTL = 0xcd
                0x000000ce                __UCA1IRTCTL = 0xce
                0x000000cf                __UCA1IRRCTL = 0xcf
                0x000000d8                __UCB1CTL0 = 0xd8
                0x000000d9                __UCB1CTL1 = 0xd9
                0x000000da                __UCB1BR0 = 0xda
                0x000000db                __UCB1BR1 = 0xdb
                0x000000dc                __UCB1I2CIE = 0xdc
                0x000000dd                __UCB1STAT = 0xdd
                0x000000de                __UCB1RXBUF = 0xde
                0x000000df                __UCB1TXBUF = 0xdf
                0x0000017c                __UCB1I2COA = 0x17c
                0x0000017e                __UCB1I2CSA = 0x17e
                0x00000120                __WDTCTL = 0x120
                0x000010c0                __TLV_CHECKSUM = 0x10c0
                0x000010f6                __TLV_DCO_30_TAG = 0x10f6
                0x000010f7                __TLV_DCO_30_LEN = 0x10f7
                0x000010da                __TLV_ADC12_1_TAG = 0x10da
                0x000010db                __TLV_ADC12_1_LEN = 0x10db
                0x000010f8                __CALDCO_16MHZ = 0x10f8
                0x000010f9                __CALBC1_16MHZ = 0x10f9
                0x000010fa                __CALDCO_12MHZ = 0x10fa
                0x000010fb                __CALBC1_12MHZ = 0x10fb
                0x000010fc                __CALDCO_8MHZ = 0x10fc
                0x000010fd                __CALBC1_8MHZ = 0x10fd
                0x000010fe                __CALDCO_1MHZ = 0x10fe
                0x000010ff                __CALBC1_1MHZ = 0x10ff

.hash
 *(.hash)

.dynsym
 *(.dynsym)

.dynstr
 *(.dynstr)

.gnu.version
 *(.gnu.version)

.gnu.version_d
 *(.gnu.version_d)

.gnu.version_r
 *(.gnu.version_r)

.rel.init
 *(.rel.init)

.rela.init
 *(.rela.init)

.rel.fini
 *(.rel.fini)

.rela.fini
 *(.rela.fini)

.rel.text
 *(.rel.text .rel.text.* .rel.gnu.linkonce.t.*)

.rela.text
 *(.rela.text .rela.text.* .rela.gnu.linkonce.t.*)

.rel.rodata
 *(.rel.rodata .rel.rodata.* .rel.gnu.linkonce.r.*)

.rela.rodata
 *(.rela.rodata .rela.rodata.* .rela.gnu.linkonce.r.*)

.rel.data
 *(.rel.data .rel.data.* .rel.gnu.linkonce.d.*)

.rela.data
 *(.rela.data .rela.data.* .rela.gnu.linkonce.d.*)

.rel.bss
 *(.rel.bss .rel.bss.* .rel.gnu.linkonce.b.*)

.rela.bss
 *(.rela.bss .rela.bss.* .rela.gnu.linkonce.b.*)

.rel.ctors
 *(.rel.ctors)

.rela.ctors
 *(.rela.ctors)

.rel.dtors
 *(.rel.dtors)

.rela.dtors
 *(.rela.dtors)

.rel.got
 *(.rel.got)

.rela.got
 *(.rela.got)

.rel.plt
 *(.rel.plt)

.rela.plt
 *(.rela.plt)

.text           0x00003100     0xb806
                0x00003100                . = ALIGN (0x2)
 *(.init .init.*)
 *(.init0)
 .init0         0x00003100        0x0 /usr/local/msp430/bin/../lib/gcc/msp430/4.7.0/mcpu-430x/mmpy-16/msr20/mc20/libcrt0.a(_reset_vector__.o)
                0x00003100                _reset_vector__
 *(.init1)
 .init1         0x00003100        0xc /usr/local/msp430/bin/../lib/gcc/msp430/4.7.0/mcpu-430x/mmpy-16/msr20/mc20/libcrt0.a(__watchdog_support.o)
                0x00003100                __watchdog_support
 *(.init2)
 .init2         0x0000310c        0x4 /usr/local/msp430/bin/../lib/gcc/msp430/4.7.0/mcpu-430x/mmpy-16/msr20/mc20/libcrt0.a(__init_stack.o)
                0x0000310c                __init_stack
 *(.init3)
 .init3         0x00003110        0x0 /usr/local/msp430/bin/../lib/gcc/msp430/4.7.0/mcpu-430x/mmpy-16/msr20/mc20/libcrt0.a(__low_level_init.o)
                0x00003110                __low_level_init
 *(.init4)
 .init4         0x00003110       0x18 /usr/local/msp430/bin/../lib/gcc/msp430/4.7.0/mcpu-430x/mmpy-16/msr20/mc20/libcrt0.a(_copy_data.o)
                0x00003110                __do_copy_data
 .init4         0x00003128       0x16 /usr/local/msp430/bin/../lib/gcc/msp430/4.7.0/mcpu-430x/mmpy-16/msr20/mc20/libcrt0.a(_clear_bss.o)
                0x00003128                __do_clear_bss
 *(.init5)
 *(.init6)
 *(.init7)
 *(.init8)
 *(.init9)
 .init9         0x0000313e      0x35c obj_z1/contiki-z1-main.o
                0x0000313e                main
 *(.fini9)
 .fini9         0x0000349a        0x0 /usr/local/msp430/bin/../lib/gcc/msp430/4.7.0/mcpu-430x/mmpy-16/msr20/mc20/libcrt0.a(__stop_progExec__.o)
                0x0000349a                __stop_progExec__
 *(.fini8)
 *(.fini7)
 *(.fini6)
 *(.fini5)
 *(.fini4)
 *(.fini3)
 *(.fini2)
 *(.fini1)
 *(.fini0)
 .fini0         0x0000349a        0x6 /usr/local/msp430/bin/../lib/gcc/msp430/4.7.0/mcpu-430x/mmpy-16/msr20/mc20/libcrt0.a(_endless_loop__.o)
                0x0000349a                _endless_loop__
 *(.fini .fini.*)
                0x000034a0                . = ALIGN (0x2)
                0x000034a0                __ctors_start = .
 *(.ctors)
                0x000034a0                __ctors_end = .
                0x000034a0                __dtors_start = .
 *(.dtors)
                0x000034a0                __dtors_end = .
                0x000034a0                . = ALIGN (0x2)
 *(.text .text.* .gnu.linkonce.t.*)
 .text          0x000034a0        0x4 /usr/local/msp430/bin/../lib/gcc/msp430/4.7.0/mcpu-430x/mmpy-16/msr20/mc20/crt0ivtbl32.o
                0x000034a0                __isr_14
                0x000034a0                __isr_4
                0x000034a0                __isr_29
                0x000034a0                __isr_11
                0x000034a0                __isr_5
                0x000034a0                __isr_2
                0x000034a0                __isr_10
                0x000034a0                __isr_7
                0x000034a0                __isr_0
                0x000034a0                __isr_28
                0x000034a0                __isr_8
                0x000034a0                __isr_20
                0x000034a0                __isr_3
                0x000034a0                __isr_12
                0x000034a0                __isr_13
                0x000034a0                __isr_27
                0x000034a0                __isr_9
                0x000034a0                __isr_30
                0x000034a0                __isr_6
                0x000034a0                __isr_22
                0x000034a0                __isr_1
                0x000034a0                __isr_15
                0x000034a0                __isr_21
 .text.libgcc   0x000034a4       0x26 /usr/local/msp430/bin/../lib/gcc/msp430/4.7.0/mcpu-430x/mmpy-16/msr20/mc20/libgcc.a(_mulsi3.o)
                0x000034a4                __mulsi3
 .text.libgcc   0x000034ca       0x22 /usr/local/msp430/bin/../lib/gcc/msp430/4.7.0/mcpu-430x/mmpy-16/msr20/mc20/libgcc.a(_udivmod16.o)
                0x000034ca                __udivhi3
                0x000034ca                __ext_udivmod16
                0x000034e4                __umodhi3
 .text.libgcc   0x000034ec       0x3a /usr/local/msp430/bin/../lib/gcc/msp430/4.7.0/mcpu-430x/mmpy-16/msr20/mc20/libgcc.a(_divmod16.o)
                0x000034ec                __ext_divmod16
                0x000034ec                __divhi3
                0x0000351e                __modhi3
 .text.libgcc   0x00003526       0x38 /usr/local/msp430/bin/../lib/gcc/msp430/4.7.0/mcpu-430x/mmpy-16/msr20/mc20/libgcc.a(_udivmod32.o)
                0x00003526                __udivsi3
                0x00003526                __ext_udivmod32
                0x00003554                __umodsi3
 .text.libgcc   0x0000355e       0x4c /usr/local/msp430/bin/../lib/gcc/msp430/4.7.0/mcpu-430x/mmpy-16/msr20/mc20/libgcc.a(_divmod32.o)
                0x0000355e                __ext_divmod32
                0x0000355e                __divsi3
                0x000035a0                __modsi3
 .text.printf   0x000035aa       0x10 /usr/local/msp430/bin/../lib/gcc/msp430/4.7.0/../../../../msp430/lib/mcpu-430x/mmpy-16/msr20/mc20/libc.a(printf.o)
                0x000035aa                printf
 .text.append   0x000035ba       0x22 /usr/local/msp430/bin/../lib/gcc/msp430/4.7.0/../../../../msp430/lib/mcpu-430x/mmpy-16/msr20/mc20/libc.a(sprintf.o)
 .text.call_vuprintf
                0x000035dc       0x36 /usr/local/msp430/bin/../lib/gcc/msp430/4.7.0/../../../../msp430/lib/mcpu-430x/mmpy-16/msr20/mc20/libc.a(sprintf.o)
 .text.sprintf  0x00003612       0x1a /usr/local/msp430/bin/../lib/gcc/msp430/4.7.0/../../../../msp430/lib/mcpu-430x/mmpy-16/msr20/mc20/libc.a(sprintf.o)
                0x00003612                sprintf
 .text.snprintf
                0x0000362c       0x1c /usr/local/msp430/bin/../lib/gcc/msp430/4.7.0/../../../../msp430/lib/mcpu-430x/mmpy-16/msr20/mc20/libc.a(sprintf.o)
                0x0000362c                snprintf
 .text.print_field
                0x00003648      0x176 /usr/local/msp430/bin/../lib/gcc/msp430/4.7.0/../../../../msp430/lib/mcpu-430x/mmpy-16/msr20/mc20/libc.a(vuprintf.o)
 .text.vuprintf
                0x000037be      0x74c /usr/local/msp430/bin/../lib/gcc/msp430/4.7.0/../../../../msp430/lib/mcpu-430x/mmpy-16/msr20/mc20/libc.a(vuprintf.o)
                0x000037be                vuprintf
 .text.puts     0x00003f0a       0x2c /usr/local/msp430/bin/../lib/gcc/msp430/4.7.0/../../../../msp430/lib/mcpu-430x/mmpy-16/msr20/mc20/libc.a(puts.o)
                0x00003f0a                puts
 .text.rand     0x00003f36       0x26 /usr/local/msp430/bin/../lib/gcc/msp430/4.7.0/../../../../msp430/lib/mcpu-430x/mmpy-16/msr20/mc20/libc.a(rand.o)
                0x00003f36                rand
 .text.strchr   0x00003f5c       0x16 /usr/local/msp430/bin/../lib/gcc/msp430/4.7.0/../../../../msp430/lib/mcpu-430x/mmpy-16/msr20/mc20/libc.a(strchr.o)
                0x00003f5c                strchr
 .text.memchr   0x00003f72       0x1e /usr/local/msp430/bin/../lib/gcc/msp430/4.7.0/../../../../msp430/lib/mcpu-430x/mmpy-16/msr20/mc20/libc.a(memchr.o)
                0x00003f72                memchr
 .text.strncmp  0x00003f90       0x2a /usr/local/msp430/bin/../lib/gcc/msp430/4.7.0/../../../../msp430/lib/mcpu-430x/mmpy-16/msr20/mc20/libc.a(strncmp.o)
                0x00003f90                strncmp
 .text.memcmp   0x00003fba       0x2c /usr/local/msp430/bin/../lib/gcc/msp430/4.7.0/../../../../msp430/lib/mcpu-430x/mmpy-16/msr20/mc20/libc.a(memcmp.o)
                0x00003fba                memcmp
 .text.memcpy   0x00003fe6       0xe8 /usr/local/msp430/bin/../lib/gcc/msp430/4.7.0/../../../../msp430/lib/mcpu-430x/mmpy-16/msr20/mc20/libc.a(memcpy.o)
                0x00003fe6                memcpy
 .text.memmove  0x000040ce       0xe8 /usr/local/msp430/bin/../lib/gcc/msp430/4.7.0/../../../../msp430/lib/mcpu-430x/mmpy-16/msr20/mc20/libc.a(memmove.o)
                0x000040ce                memmove
 .text.memset   0x000041b6       0x5c /usr/local/msp430/bin/../lib/gcc/msp430/4.7.0/../../../../msp430/lib/mcpu-430x/mmpy-16/msr20/mc20/libc.a(memset.o)
                0x000041b6                memset
 .text.libgcc   0x00004212       0xbc /usr/local/msp430/bin/../lib/gcc/msp430/4.7.0/mcpu-430x/mmpy-16/msr20/mc20/libgcc.a(_udivmod64.o)
                0x00004212                __xabi_udivmod64
                0x00004264                __udivdi3
                0x0000427e                __umoddi3
                0x000042a0                __udivmoddi4
 .text.crt0     0x000042ce        0x2 /usr/local/msp430/bin/../lib/gcc/msp430/4.7.0/mcpu-430x/mmpy-16/msr20/mc20/libcrt0.a(_unexpected_.o)
                0x000042ce                _unexpected_
 *(.near.text .near.text.*)
 .near.text.watchdog_interrupt
                0x000042d0        0x6 contiki-z1.a(watchdog.o)
                0x000042d0                __isr_26
                0x000042d0                watchdog_interrupt
 .near.text.irq_p2
                0x000042d6       0x76 contiki-z1.a(button-sensor.o)
                0x000042d6                irq_p2
                0x000042d6                __isr_19
 .near.text.uart0_rx_interrupt
                0x0000434c       0x64 contiki-z1.a(uart0.o)
                0x0000434c                __isr_23
                0x0000434c                uart0_rx_interrupt
 .near.text.port1_isr
                0x000043b0       0xbe contiki-z1.a(adxl345.o)
                0x000043b0                port1_isr
                0x000043b0                __isr_18
 .near.text.timera1
                0x0000446e      0x10a contiki-z1.a(clock.o)
                0x0000446e                __isr_24
                0x0000446e                timera1
 .near.text.timera0
                0x00004578       0x5c contiki-z1.a(rtimer-arch.o)
                0x00004578                __isr_25
                0x00004578                timera0
 .near.text.i2c_tx_interrupt
                0x000045d4       0x84 contiki-z1.a(i2cmaster.o)
                0x000045d4                __isr_16
                0x000045d4                i2c_tx_interrupt
 .near.text.i2c_rx_interrupt
                0x00004658       0x14 contiki-z1.a(i2cmaster.o)
                0x00004658                i2c_rx_interrupt
                0x00004658                __isr_17
 .any.text.process_thread_server
                0x0000466c       0x38 coap-server.co
 .any.text.post_handler
                0x000046a4       0xe2 coap-server.co
                0x000046a4                post_handler
 .any.text.get_handler
                0x00004786       0x98 coap-server.co
                0x00004786                get_handler
 .any.text.coap_set_service_callback
                0x0000481e        0x6 contiki-z1.a(er-coap-engine.)
                0x0000481e                coap_set_service_callback
 .any.text.coap_get_rest_method
                0x00004824       0x16 contiki-z1.a(er-coap-engine.)
                0x00004824                coap_get_rest_method
 .any.text.process_thread_coap_engine
                0x0000483a      0x418 contiki-z1.a(er-coap-engine.)
 .any.text.coap_init_engine
                0x00004c52        0xc contiki-z1.a(er-coap-engine.)
                0x00004c52                coap_init_engine
 .any.text.coap_register_as_transaction_handler
                0x00004c5e        0x8 contiki-z1.a(er-coap-transac)
                0x00004c5e                coap_register_as_transaction_handler
 .any.text.coap_new_transaction
                0x00004c66       0x46 contiki-z1.a(er-coap-transac)
                0x00004c66                coap_new_transaction
 .any.text.coap_clear_transaction
                0x00004cac       0x26 contiki-z1.a(er-coap-transac)
                0x00004cac                coap_clear_transaction
 .any.text.coap_send_transaction
                0x00004cd2       0xac contiki-z1.a(er-coap-transac)
                0x00004cd2                coap_send_transaction
 .any.text.coap_get_transaction_by_mid
                0x00004d7e       0x1e contiki-z1.a(er-coap-transac)
                0x00004d7e                coap_get_transaction_by_mid
 .any.text.coap_check_transactions
                0x00004d9c       0x2e contiki-z1.a(er-coap-transac)
                0x00004d9c                coap_check_transactions
 .any.text.coap_remove_observer
                0x00004dca       0x1c contiki-z1.a(er-coap-observe)
                0x00004dca                coap_remove_observer
 .any.text.coap_remove_observer_by_client
                0x00004de6       0x40 contiki-z1.a(er-coap-observe)
                0x00004de6                coap_remove_observer_by_client
 .any.text.coap_remove_observer_by_token
                0x00004e26       0x5e contiki-z1.a(er-coap-observe)
                0x00004e26                coap_remove_observer_by_token
 .any.text.coap_remove_observer_by_uri
                0x00004e84       0x6a contiki-z1.a(er-coap-observe)
                0x00004e84                coap_remove_observer_by_uri
 .any.text.coap_add_observer
                0x00004eee       0x5c contiki-z1.a(er-coap-observe)
                0x00004eee                coap_add_observer
 .any.text.coap_remove_observer_by_mid
                0x00004f4a       0x48 contiki-z1.a(er-coap-observe)
                0x00004f4a                coap_remove_observer_by_mid
 .any.text.coap_notify_observers
                0x00004f92       0xdc contiki-z1.a(er-coap-observe)
                0x00004f92                coap_notify_observers
 .any.text.coap_observe_handler
                0x0000506e       0xb6 contiki-z1.a(er-coap-observe)
                0x0000506e                coap_observe_handler
 .any.text.well_known_core_get_handler
                0x00005124      0x25a contiki-z1.a(er-coap-res-wel)
                0x00005124                well_known_core_get_handler
 .any.text.process_thread_rest_engine_process
                0x0000537e       0xc0 contiki-z1.a(rest-engine.o)
 .any.text.rest_invoke_restful_service
                0x0000543e      0x11c contiki-z1.a(rest-engine.o)
                0x0000543e                rest_invoke_restful_service
 .any.text.rest_init_engine
                0x0000555a       0x26 contiki-z1.a(rest-engine.o)
                0x0000555a                rest_init_engine
 .any.text.rest_activate_resource
                0x00005580       0x3e contiki-z1.a(rest-engine.o)
                0x00005580                rest_activate_resource
 .any.text.rest_get_resources
                0x000055be        0x6 contiki-z1.a(rest-engine.o)
                0x000055be                rest_get_resources
 .any.text.init_platform
                0x000055c4        0xc contiki-z1.a(contiki-z1-plat)
                0x000055c4                init_platform
 .any.text.msp430_init_dco
                0x000055d0       0x28 contiki-z1.a(msp430.o)
                0x000055d0                msp430_init_dco
 .any.text.splhigh_
                0x000055f8        0x8 contiki-z1.a(msp430.o)
                0x000055f8                splhigh_
 .any.text.msp430_sync_dco
                0x00005600       0x6e contiki-z1.a(msp430.o)
                0x00005600                msp430_sync_dco
 .any.text.msp430_cpu_init
                0x0000566e       0x2a contiki-z1.a(msp430.o)
                0x0000566e                msp430_cpu_init
 .any.text.show_leds
                0x00005698       0xe8 contiki-z1.a(leds.o)
 .any.text.leds_init
                0x00005780        0xa contiki-z1.a(leds.o)
                0x00005780                leds_init
 .any.text.leds_get
                0x0000578a        0x6 contiki-z1.a(leds.o)
                0x0000578a                leds_get
 .any.text.leds_on
                0x00005790        0xa contiki-z1.a(leds.o)
                0x00005790                leds_on
 .any.text.leds_off
                0x0000579a        0xe contiki-z1.a(leds.o)
                0x0000579a                leds_off
 .any.text.watchdog_start
                0x000057a8       0x14 contiki-z1.a(watchdog.o)
                0x000057a8                watchdog_start
 .any.text.watchdog_periodic
                0x000057bc       0x12 contiki-z1.a(watchdog.o)
                0x000057bc                watchdog_periodic
 .any.text.watchdog_stop
                0x000057ce       0x16 contiki-z1.a(watchdog.o)
                0x000057ce                watchdog_stop
 .any.text.watchdog_init
                0x000057e4       0x12 contiki-z1.a(watchdog.o)
                0x000057e4                watchdog_init
 .any.text.wait_ready
                0x000057f6       0x46 contiki-z1.a(xmem.o)
 .any.text.xmem_init
                0x0000583c       0x1e contiki-z1.a(xmem.o)
                0x0000583c                xmem_init
 .any.text.xmem_pread
                0x0000585a       0xc2 contiki-z1.a(xmem.o)
                0x0000585a                xmem_pread
 .any.text.spi_init
                0x0000591c       0x32 contiki-z1.a(spi.o)
                0x0000591c                spi_init
 .any.text.get_object
                0x0000594e        0x4 contiki-z1.a(cc2420.o)
 .any.text.set_object
                0x00005952        0x4 contiki-z1.a(cc2420.o)
 .any.text.strobe
                0x00005956       0x1a contiki-z1.a(cc2420.o)
 .any.text.getreg
                0x00005970       0x46 contiki-z1.a(cc2420.o)
 .any.text.setreg
                0x000059b6       0x44 contiki-z1.a(cc2420.o)
 .any.text.write_ram
                0x000059fa       0x72 contiki-z1.a(cc2420.o)
 .any.text.write_fifo_buf
                0x00005a6c       0x38 contiki-z1.a(cc2420.o)
 .any.text.get_status
                0x00005aa4       0x1e contiki-z1.a(cc2420.o)
 .any.text.set_txpower
                0x00005ac2       0x24 contiki-z1.a(cc2420.o)
 .any.text.cc2420_receiving_packet
                0x00005ae6        0xa contiki-z1.a(cc2420.o)
 .any.text.pending_packet
                0x00005af0        0xa contiki-z1.a(cc2420.o)
 .any.text.on   0x00005afa       0x1e contiki-z1.a(cc2420.o)
 .any.text.wait_for_transmission
                0x00005b18       0x22 contiki-z1.a(cc2420.o)
 .any.text.wait_for_status
                0x00005b3a       0x24 contiki-z1.a(cc2420.o)
 .any.text.getrxdata
                0x00005b5e       0x4c contiki-z1.a(cc2420.o)
 .any.text.flushrx
                0x00005baa       0x1a contiki-z1.a(cc2420.o)
 .any.text.off  0x00005bc4       0x52 contiki-z1.a(cc2420.o)
 .any.text.RELEASE_LOCK
                0x00005c16       0x28 contiki-z1.a(cc2420.o)
 .any.text.cc2420_prepare
                0x00005c3e       0x38 contiki-z1.a(cc2420.o)
 .any.text.cc2420_on
                0x00005c76       0x22 contiki-z1.a(cc2420.o)
                0x00005c76                cc2420_on
 .any.text.cc2420_off
                0x00005c98       0x30 contiki-z1.a(cc2420.o)
                0x00005c98                cc2420_off
 .any.text.cc2420_cca
                0x00005cc8       0x54 contiki-z1.a(cc2420.o)
 .any.text.cc2420_read
                0x00005d1c       0xa8 contiki-z1.a(cc2420.o)
 .any.text.process_thread_cc2420_process
                0x00005dc4       0x54 contiki-z1.a(cc2420.o)
 .any.text.cc2420_set_channel
                0x00005e18       0x3a contiki-z1.a(cc2420.o)
                0x00005e18                cc2420_set_channel
 .any.text.cc2420_set_pan_addr
                0x00005e52       0x4c contiki-z1.a(cc2420.o)
                0x00005e52                cc2420_set_pan_addr
 .any.text.cc2420_interrupt
                0x00005e9e       0x16 contiki-z1.a(cc2420.o)
                0x00005e9e                cc2420_interrupt
 .any.text.cc2420_set_txpower
                0x00005eb4        0xe contiki-z1.a(cc2420.o)
                0x00005eb4                cc2420_set_txpower
 .any.text.cc2420_get_txpower
                0x00005ec2       0x1e contiki-z1.a(cc2420.o)
                0x00005ec2                cc2420_get_txpower
 .any.text.cc2420_transmit
                0x00005ee0      0x108 contiki-z1.a(cc2420.o)
 .any.text.cc2420_send
                0x00005fe8       0x12 contiki-z1.a(cc2420.o)
 .any.text.cc2420_rssi
                0x00005ffa       0x48 contiki-z1.a(cc2420.o)
                0x00005ffa                cc2420_rssi
 .any.text.get_value
                0x00006042       0xa8 contiki-z1.a(cc2420.o)
 .any.text.cc2420_set_cca_threshold
                0x000060ea       0x16 contiki-z1.a(cc2420.o)
                0x000060ea                cc2420_set_cca_threshold
 .any.text.set_value
                0x00006100       0x80 contiki-z1.a(cc2420.o)
 .any.text.cc2420_init
                0x00006180       0xd8 contiki-z1.a(cc2420.o)
                0x00006180                cc2420_init
 .any.text.cc2420_arch_init
                0x00006258       0x1a contiki-z1.a(cc2420-arch.o)
                0x00006258                cc2420_arch_init
 .any.text.node_id_restore
                0x00006272       0x4c contiki-z1.a(node-id.o)
                0x00006272                node_id_restore
 .any.text.process_thread_sensors_process
                0x000062be       0xc2 contiki-z1.a(sensors.o)
 .any.text.sensors_changed
                0x00006380       0x2a contiki-z1.a(sensors.o)
                0x00006380                sensors_changed
 .any.text.status
                0x000063aa       0x18 contiki-z1.a(button-sensor.o)
 .any.text.value
                0x000063c2       0x20 contiki-z1.a(button-sensor.o)
 .any.text.configure
                0x000063e2       0x4e contiki-z1.a(button-sensor.o)
 .any.text.uart0_active
                0x00006430        0xe contiki-z1.a(uart0.o)
                0x00006430                uart0_active
 .any.text.uart0_writeb
                0x0000643e       0x16 contiki-z1.a(uart0.o)
                0x0000643e                uart0_writeb
 .any.text.uart0_init
                0x00006454       0x40 contiki-z1.a(uart0.o)
                0x00006454                uart0_init
 .any.text.putchar
                0x00006494       0x10 contiki-z1.a(uart0-putchar.o)
                0x00006494                putchar
 .any.text.accm_write_reg
                0x000064a4       0x2e contiki-z1.a(adxl345.o)
                0x000064a4                accm_write_reg
 .any.text.accm_write_stream
                0x000064d2       0x2a contiki-z1.a(adxl345.o)
                0x000064d2                accm_write_stream
 .any.text.accm_read_reg
                0x000064fc       0x54 contiki-z1.a(adxl345.o)
                0x000064fc                accm_read_reg
 .any.text.process_thread_accmeter_process
                0x00006550       0x56 contiki-z1.a(adxl345.o)
 .any.text.accm_init
                0x000065a6       0x8c contiki-z1.a(adxl345.o)
                0x000065a6                accm_init
 .any.text.clock_time
                0x00006632       0x1a contiki-z1.a(clock.o)
                0x00006632                clock_time
 .any.text.clock_init
                0x0000664c       0x28 contiki-z1.a(clock.o)
                0x0000664c                clock_init
 .any.text.clock_delay
                0x00006674        0xc contiki-z1.a(clock.o)
                0x00006674                clock_delay
 .any.text.clock_wait
                0x00006680       0x24 contiki-z1.a(clock.o)
                0x00006680                clock_wait
 .any.text.clock_seconds
                0x000066a4       0x1a contiki-z1.a(clock.o)
                0x000066a4                clock_seconds
 .any.text.leds_arch_init
                0x000066be        0xe contiki-z1.a(leds-arch.o)
                0x000066be                leds_arch_init
 .any.text.leds_arch_get
                0x000066cc       0x2e contiki-z1.a(leds-arch.o)
                0x000066cc                leds_arch_get
 .any.text.leds_arch_set
                0x000066fa       0x38 contiki-z1.a(leds-arch.o)
                0x000066fa                leds_arch_set
 .any.text.rtimer_arch_init
                0x00006732        0xe contiki-z1.a(rtimer-arch.o)
                0x00006732                rtimer_arch_init
 .any.text.rtimer_arch_now
                0x00006740        0xe contiki-z1.a(rtimer-arch.o)
                0x00006740                rtimer_arch_now
 .any.text.rtimer_arch_schedule
                0x0000674e        0x6 contiki-z1.a(rtimer-arch.o)
                0x0000674e                rtimer_arch_schedule
 .any.text.autostart_start
                0x00006754       0x16 contiki-z1.a(autostart.o)
                0x00006754                autostart_start
 .any.text.process_thread_ctimer_process
                0x0000676a       0xa0 contiki-z1.a(ctimer.o)
 .any.text.ctimer_init
                0x0000680a       0x18 contiki-z1.a(ctimer.o)
                0x0000680a                ctimer_init
 .any.text.ctimer_set
                0x00006822       0x48 contiki-z1.a(ctimer.o)
                0x00006822                ctimer_set
 .any.text.ctimer_reset
                0x0000686a       0x2c contiki-z1.a(ctimer.o)
                0x0000686a                ctimer_reset
 .any.text.ctimer_stop
                0x00006896       0x28 contiki-z1.a(ctimer.o)
                0x00006896                ctimer_stop
 .any.text.energest_init
                0x000068be       0x24 contiki-z1.a(energest.o)
                0x000068be                energest_init
 .any.text.energest_type_time
                0x000068e2       0x3c contiki-z1.a(energest.o)
                0x000068e2                energest_type_time
 .any.text.energest_type_set
                0x0000691e        0xc contiki-z1.a(energest.o)
                0x0000691e                energest_type_set
 .any.text.energest_flush
                0x0000692a       0x38 contiki-z1.a(energest.o)
                0x0000692a                energest_flush
 .any.text.update_time
                0x00006962       0x70 contiki-z1.a(etimer.o)
 .any.text.etimer_request_poll
                0x000069d2        0xa contiki-z1.a(etimer.o)
                0x000069d2                etimer_request_poll
 .any.text.process_thread_etimer_process
                0x000069dc       0xc4 contiki-z1.a(etimer.o)
 .any.text.add_timer
                0x00006aa0       0x40 contiki-z1.a(etimer.o)
 .any.text.etimer_set
                0x00006ae0       0x12 contiki-z1.a(etimer.o)
                0x00006ae0                etimer_set
 .any.text.etimer_reset
                0x00006af2       0x12 contiki-z1.a(etimer.o)
                0x00006af2                etimer_reset
 .any.text.etimer_restart
                0x00006b04       0x12 contiki-z1.a(etimer.o)
                0x00006b04                etimer_restart
 .any.text.etimer_expired
                0x00006b16        0xe contiki-z1.a(etimer.o)
                0x00006b16                etimer_expired
 .any.text.etimer_expiration_time
                0x00006b24       0x14 contiki-z1.a(etimer.o)
                0x00006b24                etimer_expiration_time
 .any.text.etimer_pending
                0x00006b38        0xc contiki-z1.a(etimer.o)
                0x00006b38                etimer_pending
 .any.text.etimer_next_expiration_time
                0x00006b44       0x16 contiki-z1.a(etimer.o)
                0x00006b44                etimer_next_expiration_time
 .any.text.etimer_stop
                0x00006b5a       0x3e contiki-z1.a(etimer.o)
                0x00006b5a                etimer_stop
 .any.text.call_process
                0x00006b98       0x40 contiki-z1.a(process.o)
 .any.text.exit_process
                0x00006bd8       0x88 contiki-z1.a(process.o)
 .any.text.do_poll
                0x00006c60       0x30 contiki-z1.a(process.o)
 .any.text.process_alloc_event
                0x00006c90        0xe contiki-z1.a(process.o)
                0x00006c90                process_alloc_event
 .any.text.process_init
                0x00006c9e       0x1c contiki-z1.a(process.o)
                0x00006c9e                process_init
 .any.text.process_run
                0x00006cba       0xa4 contiki-z1.a(process.o)
                0x00006cba                process_run
 .any.text.process_nevents
                0x00006d5e        0xe contiki-z1.a(process.o)
                0x00006d5e                process_nevents
 .any.text.process_post
                0x00006d6c       0x50 contiki-z1.a(process.o)
                0x00006d6c                process_post
 .any.text.process_post_synch
                0x00006dbc       0x12 contiki-z1.a(process.o)
                0x00006dbc                process_post_synch
 .any.text.process_start
                0x00006dce       0x36 contiki-z1.a(process.o)
                0x00006dce                process_start
 .any.text.process_poll
                0x00006e04       0x18 contiki-z1.a(process.o)
                0x00006e04                process_poll
 .any.text.rtimer_init
                0x00006e1c        0x6 contiki-z1.a(rtimer.o)
                0x00006e1c                rtimer_init
 .any.text.rtimer_run_next
                0x00006e22       0x26 contiki-z1.a(rtimer.o)
                0x00006e22                rtimer_run_next
 .any.text.timer_set
                0x00006e48       0x1c contiki-z1.a(timer.o)
                0x00006e48                timer_set
 .any.text.timer_reset
                0x00006e64        0xe contiki-z1.a(timer.o)
                0x00006e64                timer_reset
 .any.text.timer_restart
                0x00006e72       0x14 contiki-z1.a(timer.o)
                0x00006e72                timer_restart
 .any.text.timer_expired
                0x00006e86       0x2a contiki-z1.a(timer.o)
                0x00006e86                timer_expired
 .any.text.list_init
                0x00006eb0        0x6 contiki-z1.a(list.o)
                0x00006eb0                list_init
 .any.text.list_head
                0x00006eb6        0x4 contiki-z1.a(list.o)
                0x00006eb6                list_head
 .any.text.list_tail
                0x00006eba       0x12 contiki-z1.a(list.o)
                0x00006eba                list_tail
 .any.text.list_remove
                0x00006ecc       0x34 contiki-z1.a(list.o)
                0x00006ecc                list_remove
 .any.text.list_push
                0x00006f00       0x16 contiki-z1.a(list.o)
                0x00006f00                list_push
 .any.text.list_add
                0x00006f16       0x26 contiki-z1.a(list.o)
                0x00006f16                list_add
 .any.text.list_length
                0x00006f3c       0x10 contiki-z1.a(list.o)
                0x00006f3c                list_length
 .any.text.list_item_next
                0x00006f4c        0xc contiki-z1.a(list.o)
                0x00006f4c                list_item_next
 .any.text.memb_init
                0x00006f58       0x36 contiki-z1.a(memb.o)
                0x00006f58                memb_init
 .any.text.memb_alloc
                0x00006f8e       0x3e contiki-z1.a(memb.o)
                0x00006f8e                memb_alloc
 .any.text.memb_free
                0x00006fcc       0x3a contiki-z1.a(memb.o)
                0x00006fcc                memb_free
 .any.text.memb_inmemb
                0x00007006       0x2a contiki-z1.a(memb.o)
                0x00007006                memb_inmemb
 .any.text.memb_numfree
                0x00007030       0x26 contiki-z1.a(memb.o)
                0x00007030                memb_numfree
 .any.text.random_rand
                0x00007056        0x6 contiki-z1.a(random.o)
                0x00007056                random_rand
 .any.text.set_packet_attrs
                0x0000705c       0x46 contiki-z1.a(sicslowpan.o)
 .any.text.addr_context_lookup_by_number
                0x000070a2       0x30 contiki-z1.a(sicslowpan.o)
 .any.text.compress_addr_64
                0x000070d2       0x9a contiki-z1.a(sicslowpan.o)
 .any.text.uncompress_addr
                0x0000716c       0x96 contiki-z1.a(sicslowpan.o)
 .any.text.input
                0x00007202      0x5e2 contiki-z1.a(sicslowpan.o)
 .any.text.sicslowpan_init
                0x000077e4       0x26 contiki-z1.a(sicslowpan.o)
                0x000077e4                sicslowpan_init
 .any.text.addr_context_lookup_by_prefix
                0x0000780a       0x4a contiki-z1.a(sicslowpan.o)
 .any.text.packet_sent
                0x00007854       0x22 contiki-z1.a(sicslowpan.o)
 .any.text.send_packet
                0x00007876       0x1a contiki-z1.a(sicslowpan.o)
 .any.text.output
                0x00007890      0x684 contiki-z1.a(sicslowpan.o)
 .any.text.chksum
                0x00007f14       0x32 contiki-z1.a(uip6.o)
 .any.text.upper_layer_chksum
                0x00007f46       0x56 contiki-z1.a(uip6.o)
 .any.text.ext_hdr_options_process
                0x00007f9c       0xc2 contiki-z1.a(uip6.o)
 .any.text.uip_add32
                0x0000805e       0x60 contiki-z1.a(uip6.o)
                0x0000805e                uip_add32
 .any.text.uip_add_rcv_nxt
                0x000080be       0x2e contiki-z1.a(uip6.o)
 .any.text.uip_icmp6chksum
                0x000080ec        0xa contiki-z1.a(uip6.o)
                0x000080ec                uip_icmp6chksum
 .any.text.uip_tcpchksum
                0x000080f6        0xa contiki-z1.a(uip6.o)
                0x000080f6                uip_tcpchksum
 .any.text.uip_udpchksum
                0x00008100        0xa contiki-z1.a(uip6.o)
                0x00008100                uip_udpchksum
 .any.text.uip_init
                0x0000810a       0x62 contiki-z1.a(uip6.o)
                0x0000810a                uip_init
 .any.text.remove_ext_hdr
                0x0000816c       0x54 contiki-z1.a(uip6.o)
                0x0000816c                remove_ext_hdr
 .any.text.uip_udp_new
                0x000081c0       0xb8 contiki-z1.a(uip6.o)
                0x000081c0                uip_udp_new
 .any.text.uip_unlisten
                0x00008278       0x2a contiki-z1.a(uip6.o)
                0x00008278                uip_unlisten
 .any.text.uip_process
                0x000082a2      0xdfe contiki-z1.a(uip6.o)
                0x000082a2                uip_process
 .any.text.uip_htonl
                0x000090a0       0x2a contiki-z1.a(uip6.o)
                0x000090a0                uip_htonl
 .any.text.uip_ds6_list_loop
                0x000090ca       0x66 contiki-z1.a(uip-ds6.o)
                0x000090ca                uip_ds6_list_loop
 .any.text.uip_ds6_prefix_add
                0x00009130       0x70 contiki-z1.a(uip-ds6.o)
                0x00009130                uip_ds6_prefix_add
 .any.text.uip_ds6_is_addr_onlink
                0x000091a0       0x42 contiki-z1.a(uip-ds6.o)
                0x000091a0                uip_ds6_is_addr_onlink
 .any.text.uip_ds6_addr_lookup
                0x000091e2       0x2a contiki-z1.a(uip-ds6.o)
                0x000091e2                uip_ds6_addr_lookup
 .any.text.uip_ds6_get_link_local
                0x0000920c       0x3e contiki-z1.a(uip-ds6.o)
                0x0000920c                uip_ds6_get_link_local
 .any.text.uip_ds6_maddr_add
                0x0000924a       0x48 contiki-z1.a(uip-ds6.o)
                0x0000924a                uip_ds6_maddr_add
 .any.text.uip_ds6_addr_add
                0x00009292       0xb4 contiki-z1.a(uip-ds6.o)
                0x00009292                uip_ds6_addr_add
 .any.text.uip_ds6_maddr_rm
                0x00009346        0xa contiki-z1.a(uip-ds6.o)
                0x00009346                uip_ds6_maddr_rm
 .any.text.uip_ds6_maddr_lookup
                0x00009350       0x2a contiki-z1.a(uip-ds6.o)
                0x00009350                uip_ds6_maddr_lookup
 .any.text.uip_ds6_addr_rm
                0x0000937a       0x54 contiki-z1.a(uip-ds6.o)
                0x0000937a                uip_ds6_addr_rm
 .any.text.uip_ds6_periodic
                0x000093ce       0x4a contiki-z1.a(uip-ds6.o)
                0x000093ce                uip_ds6_periodic
 .any.text.uip_ds6_set_addr_iid
                0x00009418       0x14 contiki-z1.a(uip-ds6.o)
                0x00009418                uip_ds6_set_addr_iid
 .any.text.get_match_length
                0x0000942c       0x3c contiki-z1.a(uip-ds6.o)
                0x0000942c                get_match_length
 .any.text.uip_ds6_select_src
                0x00009468       0x9a contiki-z1.a(uip-ds6.o)
                0x00009468                uip_ds6_select_src
 .any.text.uip_ds6_compute_reachable_time
                0x00009502       0x36 contiki-z1.a(uip-ds6.o)
                0x00009502                uip_ds6_compute_reachable_time
 .any.text.uip_ds6_init
                0x00009538      0x138 contiki-z1.a(uip-ds6.o)
                0x00009538                uip_ds6_init
 .any.text.uip_ds6_nbr_rm
                0x00009670       0x1a contiki-z1.a(uip-ds6-nbr.o)
                0x00009670                uip_ds6_nbr_rm
 .any.text.uip_ds6_neighbors_init
                0x0000968a        0xe contiki-z1.a(uip-ds6-nbr.o)
                0x0000968a                uip_ds6_neighbors_init
 .any.text.uip_ds6_nbr_add
                0x00009698       0x54 contiki-z1.a(uip-ds6-nbr.o)
                0x00009698                uip_ds6_nbr_add
 .any.text.uip_ds6_nbr_get_ll
                0x000096ec        0xc contiki-z1.a(uip-ds6-nbr.o)
                0x000096ec                uip_ds6_nbr_get_ll
 .any.text.uip_ds6_nbr_lookup
                0x000096f8       0x3e contiki-z1.a(uip-ds6-nbr.o)
                0x000096f8                uip_ds6_nbr_lookup
 .any.text.uip_ds6_nbr_ll_lookup
                0x00009736        0xc contiki-z1.a(uip-ds6-nbr.o)
                0x00009736                uip_ds6_nbr_ll_lookup
 .any.text.uip_ds6_nbr_ipaddr_from_lladdr
                0x00009742        0x6 contiki-z1.a(uip-ds6-nbr.o)
                0x00009742                uip_ds6_nbr_ipaddr_from_lladdr
 .any.text.uip_ds6_nbr_lladdr_from_ipaddr
                0x00009748       0x12 contiki-z1.a(uip-ds6-nbr.o)
                0x00009748                uip_ds6_nbr_lladdr_from_ipaddr
 .any.text.uip_ds6_link_neighbor_callback
                0x0000975a       0x26 contiki-z1.a(uip-ds6-nbr.o)
                0x0000975a                uip_ds6_link_neighbor_callback
 .any.text.uip_ds6_neighbor_periodic
                0x00009780      0x11e contiki-z1.a(uip-ds6-nbr.o)
                0x00009780                uip_ds6_neighbor_periodic
 .any.text.call_route_callback
                0x0000989e       0x40 contiki-z1.a(uip-ds6-route.o)
 .any.text.uip_ds6_route_init
                0x000098de       0x36 contiki-z1.a(uip-ds6-route.o)
                0x000098de                uip_ds6_route_init
 .any.text.uip_ds6_route_nexthop
                0x00009914       0x1a contiki-z1.a(uip-ds6-route.o)
                0x00009914                uip_ds6_route_nexthop
 .any.text.uip_ds6_route_head
                0x0000992e        0xa contiki-z1.a(uip-ds6-route.o)
                0x0000992e                uip_ds6_route_head
 .any.text.uip_ds6_route_next
                0x00009938        0xe contiki-z1.a(uip-ds6-route.o)
                0x00009938                uip_ds6_route_next
 .any.text.uip_ds6_route_lookup
                0x00009946       0x6e contiki-z1.a(uip-ds6-route.o)
                0x00009946                uip_ds6_route_lookup
 .any.text.uip_ds6_route_rm
                0x000099b4       0xa2 contiki-z1.a(uip-ds6-route.o)
                0x000099b4                uip_ds6_route_rm
 .any.text.rm_routelist
                0x00009a56       0x34 contiki-z1.a(uip-ds6-route.o)
 .any.text.rm_routelist_callback
                0x00009a8a        0x6 contiki-z1.a(uip-ds6-route.o)
 .any.text.uip_ds6_route_add
                0x00009a90       0xf8 contiki-z1.a(uip-ds6-route.o)
                0x00009a90                uip_ds6_route_add
 .any.text.uip_ds6_defrt_rm
                0x00009b88       0x44 contiki-z1.a(uip-ds6-route.o)
                0x00009b88                uip_ds6_defrt_rm
 .any.text.uip_ds6_defrt_lookup
                0x00009bcc       0x32 contiki-z1.a(uip-ds6-route.o)
                0x00009bcc                uip_ds6_defrt_lookup
 .any.text.uip_ds6_defrt_add
                0x00009bfe       0x68 contiki-z1.a(uip-ds6-route.o)
                0x00009bfe                uip_ds6_defrt_add
 .any.text.uip_ds6_defrt_choose
                0x00009c66       0x36 contiki-z1.a(uip-ds6-route.o)
                0x00009c66                uip_ds6_defrt_choose
 .any.text.uip_ds6_defrt_periodic
                0x00009c9c       0x38 contiki-z1.a(uip-ds6-route.o)
                0x00009c9c                uip_ds6_defrt_periodic
 .any.text.echo_reply_input
                0x00009cd4      0x108 contiki-z1.a(uip-icmp6.o)
 .any.text.echo_request_input
                0x00009ddc      0x128 contiki-z1.a(uip-icmp6.o)
 .any.text.uip_icmp6_input
                0x00009f04       0x44 contiki-z1.a(uip-icmp6.o)
                0x00009f04                uip_icmp6_input
 .any.text.uip_icmp6_register_input_handler
                0x00009f48        0xc contiki-z1.a(uip-icmp6.o)
                0x00009f48                uip_icmp6_register_input_handler
 .any.text.uip_icmp6_error_output
                0x00009f54      0x16c contiki-z1.a(uip-icmp6.o)
                0x00009f54                uip_icmp6_error_output
 .any.text.uip_icmp6_send
                0x0000a0c0       0x84 contiki-z1.a(uip-icmp6.o)
                0x0000a0c0                uip_icmp6_send
 .any.text.uip_icmp6_init
                0x0000a144       0x12 contiki-z1.a(uip-icmp6.o)
                0x0000a144                uip_icmp6_init
 .any.text.na_input
                0x0000a156      0x1a0 contiki-z1.a(uip-nd6.o)
 .any.text.ns_input
                0x0000a2f6      0x246 contiki-z1.a(uip-nd6.o)
 .any.text.uip_nd6_ns_output
                0x0000a53c      0x176 contiki-z1.a(uip-nd6.o)
                0x0000a53c                uip_nd6_ns_output
 .any.text.uip_nd6_init
                0x0000a6b2       0x12 contiki-z1.a(uip-nd6.o)
                0x0000a6b2                uip_nd6_init
 .any.text.start_periodic_tcp_timer
                0x0000a6c4       0x16 contiki-z1.a(tcpip.o)
 .any.text.tcpip_output
                0x0000a6da       0x10 contiki-z1.a(tcpip.o)
                0x0000a6da                tcpip_output
 .any.text.tcpip_set_outputfunc
                0x0000a6ea        0x6 contiki-z1.a(tcpip.o)
                0x0000a6ea                tcpip_set_outputfunc
 .any.text.udp_new
                0x0000a6f0       0x1a contiki-z1.a(tcpip.o)
                0x0000a6f0                udp_new
 .any.text.tcpip_input
                0x0000a70a       0x16 contiki-z1.a(tcpip.o)
                0x0000a70a                tcpip_input
 .any.text.tcpip_ipv6_output
                0x0000a720      0x14e contiki-z1.a(tcpip.o)
                0x0000a720                tcpip_ipv6_output
 .any.text.process_thread_tcpip_process
                0x0000a86e      0x1ba contiki-z1.a(tcpip.o)
 .any.text.tcpip_uipcall
                0x0000aa28       0x70 contiki-z1.a(tcpip.o)
                0x0000aa28                tcpip_uipcall
 .any.text.uip_debug_ipaddr_print
                0x0000aa98       0x72 contiki-z1.a(uip-debug.o)
                0x0000aa98                uip_debug_ipaddr_print
 .any.text.rpl_get_mode
                0x0000ab0a        0x6 contiki-z1.a(rpl.o)
                0x0000ab0a                rpl_get_mode
 .any.text.rpl_purge_routes
                0x0000ab10       0x96 contiki-z1.a(rpl.o)
                0x0000ab10                rpl_purge_routes
 .any.text.rpl_remove_routes
                0x0000aba6       0x22 contiki-z1.a(rpl.o)
                0x0000aba6                rpl_remove_routes
 .any.text.rpl_remove_routes_by_nexthop
                0x0000abc8       0x3e contiki-z1.a(rpl.o)
                0x0000abc8                rpl_remove_routes_by_nexthop
 .any.text.rpl_add_route
                0x0000ac06       0x48 contiki-z1.a(rpl.o)
                0x0000ac06                rpl_add_route
 .any.text.rpl_link_neighbor_callback
                0x0000ac4e       0x74 contiki-z1.a(rpl.o)
                0x0000ac4e                rpl_link_neighbor_callback
 .any.text.rpl_ipv6_neighbor_callback
                0x0000acc2       0x1e contiki-z1.a(rpl.o)
                0x0000acc2                rpl_ipv6_neighbor_callback
 .any.text.rpl_init
                0x0000ace0       0x4a contiki-z1.a(rpl.o)
                0x0000ace0                rpl_init
 .any.text.lollipop_greater_than
                0x0000ad2a       0x3c contiki-z1.a(rpl-dag.o)
 .any.text.find_parent_any_dag_any_instance
                0x0000ad66       0x14 contiki-z1.a(rpl-dag.o)
 .any.text.rpl_set_preferred_parent
                0x0000ad7a       0x2c contiki-z1.a(rpl-dag.o)
 .any.text.set_ip_from_prefix
                0x0000ada6       0x30 contiki-z1.a(rpl-dag.o)
 .any.text.check_prefix
                0x0000add6       0x70 contiki-z1.a(rpl-dag.o)
 .any.text.rpl_get_nbr
                0x0000ae46       0x1e contiki-z1.a(rpl-dag.o)
                0x0000ae46                rpl_get_nbr
 .any.text.rpl_dag_init
                0x0000ae64        0xe contiki-z1.a(rpl-dag.o)
                0x0000ae64                rpl_dag_init
 .any.text.rpl_get_parent
                0x0000ae72        0xc contiki-z1.a(rpl-dag.o)
                0x0000ae72                rpl_get_parent
 .any.text.rpl_get_parent_ipaddr
                0x0000ae7e       0x10 contiki-z1.a(rpl-dag.o)
                0x0000ae7e                rpl_get_parent_ipaddr
 .any.text.rpl_set_prefix
                0x0000ae8e       0x74 contiki-z1.a(rpl-dag.o)
                0x0000ae8e                rpl_set_prefix
 .any.text.rpl_set_default_route
                0x0000af02       0x60 contiki-z1.a(rpl-dag.o)
                0x0000af02                rpl_set_default_route
 .any.text.rpl_alloc_instance
                0x0000af62       0x34 contiki-z1.a(rpl-dag.o)
                0x0000af62                rpl_alloc_instance
 .any.text.rpl_add_parent
                0x0000af96       0x4e contiki-z1.a(rpl-dag.o)
                0x0000af96                rpl_add_parent
 .any.text.rpl_find_parent
                0x0000afe4       0x1c contiki-z1.a(rpl-dag.o)
                0x0000afe4                rpl_find_parent
 .any.text.rpl_find_parent_any_dag
                0x0000b000       0x24 contiki-z1.a(rpl-dag.o)
                0x0000b000                rpl_find_parent_any_dag
 .any.text.rpl_select_parent
                0x0000b024       0x76 contiki-z1.a(rpl-dag.o)
                0x0000b024                rpl_select_parent
 .any.text.rpl_select_dag
                0x0000b09a      0x196 contiki-z1.a(rpl-dag.o)
                0x0000b09a                rpl_select_dag
 .any.text.rpl_nullify_parent
                0x0000b230       0x50 contiki-z1.a(rpl-dag.o)
                0x0000b230                rpl_nullify_parent
 .any.text.rpl_remove_parent
                0x0000b280       0x16 contiki-z1.a(rpl-dag.o)
                0x0000b280                rpl_remove_parent
 .any.text.nbr_callback
                0x0000b296        0x6 contiki-z1.a(rpl-dag.o)
 .any.text.remove_parents.constprop.5
                0x0000b29c       0x2e contiki-z1.a(rpl-dag.o)
 .any.text.rpl_move_parent
                0x0000b2ca       0x52 contiki-z1.a(rpl-dag.o)
                0x0000b2ca                rpl_move_parent
 .any.text.rpl_get_any_dag
                0x0000b31c       0x16 contiki-z1.a(rpl-dag.o)
                0x0000b31c                rpl_get_any_dag
 .any.text.rpl_get_instance
                0x0000b332       0x16 contiki-z1.a(rpl-dag.o)
                0x0000b332                rpl_get_instance
 .any.text.rpl_alloc_dag
                0x0000b348       0x60 contiki-z1.a(rpl-dag.o)
                0x0000b348                rpl_alloc_dag
 .any.text.rpl_repair_root
                0x0000b3a8       0x4c contiki-z1.a(rpl-dag.o)
                0x0000b3a8                rpl_repair_root
 .any.text.rpl_find_of
                0x0000b3f4       0x10 contiki-z1.a(rpl-dag.o)
                0x0000b3f4                rpl_find_of
 .any.text.rpl_join_instance
                0x0000b404      0x128 contiki-z1.a(rpl-dag.o)
                0x0000b404                rpl_join_instance
 .any.text.rpl_local_repair
                0x0000b52c       0x68 contiki-z1.a(rpl-dag.o)
                0x0000b52c                rpl_local_repair
 .any.text.rpl_process_parent_event
                0x0000b594       0x6c contiki-z1.a(rpl-dag.o)
                0x0000b594                rpl_process_parent_event
 .any.text.rpl_recalculate_ranks
                0x0000b600       0x46 contiki-z1.a(rpl-dag.o)
                0x0000b600                rpl_recalculate_ranks
 .any.text.rpl_add_dag
                0x0000b646      0x102 contiki-z1.a(rpl-dag.o)
                0x0000b646                rpl_add_dag
 .any.text.rpl_process_dio
                0x0000b748      0x2e0 contiki-z1.a(rpl-dag.o)
                0x0000b748                rpl_process_dio
 .any.text.rpl_lock_parent
                0x0000ba28        0xc contiki-z1.a(rpl-dag.o)
                0x0000ba28                rpl_lock_parent
 .any.text.rpl_verify_header
                0x0000ba34       0xae contiki-z1.a(rpl-ext-header.)
                0x0000ba34                rpl_verify_header
 .any.text.rpl_update_header_empty
                0x0000bae2      0x12a contiki-z1.a(rpl-ext-header.)
                0x0000bae2                rpl_update_header_empty
 .any.text.rpl_update_header_final
                0x0000bc0c       0x90 contiki-z1.a(rpl-ext-header.)
                0x0000bc0c                rpl_update_header_final
 .any.text.rpl_invert_header
                0x0000bc9c       0x74 contiki-z1.a(rpl-ext-header.)
                0x0000bc9c                rpl_invert_header
 .any.text.rpl_insert_header
                0x0000bd10       0x12 contiki-z1.a(rpl-ext-header.)
                0x0000bd10                rpl_insert_header
 .any.text.get32
                0x0000bd22       0x3e contiki-z1.a(rpl-icmp6.o)
 .any.text.set32
                0x0000bd60       0x2a contiki-z1.a(rpl-icmp6.o)
 .any.text.get16
                0x0000bd8a        0xe contiki-z1.a(rpl-icmp6.o)
 .any.text.set16
                0x0000bd98       0x10 contiki-z1.a(rpl-icmp6.o)
 .any.text.dao_ack_input
                0x0000bda8        0x6 contiki-z1.a(rpl-icmp6.o)
 .any.text.dio_input
                0x0000bdae      0x2b0 contiki-z1.a(rpl-icmp6.o)
 .any.text.dis_output
                0x0000c05e       0x50 contiki-z1.a(rpl-icmp6.o)
                0x0000c05e                dis_output
 .any.text.dio_output
                0x0000c0ae      0x242 contiki-z1.a(rpl-icmp6.o)
                0x0000c0ae                dio_output
 .any.text.dis_input
                0x0000c2f0       0x28 contiki-z1.a(rpl-icmp6.o)
 .any.text.dao_output_target
                0x0000c318       0xd0 contiki-z1.a(rpl-icmp6.o)
                0x0000c318                dao_output_target
 .any.text.dao_output
                0x0000c3e8       0x68 contiki-z1.a(rpl-icmp6.o)
                0x0000c3e8                dao_output
 .any.text.dao_ack_output
                0x0000c450       0x32 contiki-z1.a(rpl-icmp6.o)
                0x0000c450                dao_ack_output
 .any.text.dao_input
                0x0000c482      0x288 contiki-z1.a(rpl-icmp6.o)
 .any.text.rpl_icmp6_register_handlers
                0x0000c70a       0x22 contiki-z1.a(rpl-icmp6.o)
                0x0000c70a                rpl_icmp6_register_handlers
 .any.text.reset
                0x0000c72c        0x2 contiki-z1.a(rpl-mrhof.o)
 .any.text.update_metric_container
                0x0000c72e        0x6 contiki-z1.a(rpl-mrhof.o)
 .any.text.calculate_rank
                0x0000c734       0x3e contiki-z1.a(rpl-mrhof.o)
 .any.text.neighbor_link_callback
                0x0000c772       0x8c contiki-z1.a(rpl-mrhof.o)
 .any.text.best_dag
                0x0000c7fe       0x2e contiki-z1.a(rpl-mrhof.o)
 .any.text.best_parent
                0x0000c82c       0x68 contiki-z1.a(rpl-mrhof.o)
 .any.text.new_dio_interval
                0x0000c894       0x8a contiki-z1.a(rpl-timers.o)
 .any.text.set_dao_lifetime_timer
                0x0000c91e       0x66 contiki-z1.a(rpl-timers.o)
 .any.text.handle_periodic_timer
                0x0000c984       0x2e contiki-z1.a(rpl-timers.o)
 .any.text.schedule_dao
                0x0000c9b2       0x72 contiki-z1.a(rpl-timers.o)
 .any.text.handle_dio_timer
                0x0000ca24       0x88 contiki-z1.a(rpl-timers.o)
 .any.text.handle_dao_timer
                0x0000caac       0x64 contiki-z1.a(rpl-timers.o)
 .any.text.rpl_reset_periodic_timer
                0x0000cb10       0x54 contiki-z1.a(rpl-timers.o)
                0x0000cb10                rpl_reset_periodic_timer
 .any.text.rpl_reset_dio_timer
                0x0000cb64       0x18 contiki-z1.a(rpl-timers.o)
                0x0000cb64                rpl_reset_dio_timer
 .any.text.rpl_schedule_dao
                0x0000cb7c        0xc contiki-z1.a(rpl-timers.o)
                0x0000cb7c                rpl_schedule_dao
 .any.text.rpl_schedule_probing
                0x0000cb88       0x34 contiki-z1.a(rpl-timers.o)
                0x0000cb88                rpl_schedule_probing
 .any.text.handle_probing_timer
                0x0000cbbc      0x112 contiki-z1.a(rpl-timers.o)
 .any.text.linkaddr_copy
                0x0000ccce        0x8 contiki-z1.a(linkaddr.o)
                0x0000ccce                linkaddr_copy
 .any.text.linkaddr_cmp
                0x0000ccd6       0x12 contiki-z1.a(linkaddr.o)
                0x0000ccd6                linkaddr_cmp
 .any.text.linkaddr_set_node_addr
                0x0000cce8        0xc contiki-z1.a(linkaddr.o)
                0x0000cce8                linkaddr_set_node_addr
 .any.text.item_from_index
                0x0000ccf4       0x2a contiki-z1.a(nbr-table.o)
 .any.text.index_from_key
                0x0000cd1e       0x26 contiki-z1.a(nbr-table.o)
 .any.text.index_from_item
                0x0000cd44       0x1e contiki-z1.a(nbr-table.o)
 .any.text.nbr_set_bit
                0x0000cd62       0x50 contiki-z1.a(nbr-table.o)
 .any.text.index_from_lladdr
                0x0000cdb2       0x3e contiki-z1.a(nbr-table.o)
 .any.text.nbr_get_bit.constprop.0
                0x0000cdf0       0x2c contiki-z1.a(nbr-table.o)
 .any.text.nbr_table_register
                0x0000ce1c       0x26 contiki-z1.a(nbr-table.o)
                0x0000ce1c                nbr_table_register
 .any.text.nbr_table_next
                0x0000ce42       0x4c contiki-z1.a(nbr-table.o)
                0x0000ce42                nbr_table_next
 .any.text.nbr_table_head
                0x0000ce8e       0x36 contiki-z1.a(nbr-table.o)
                0x0000ce8e                nbr_table_head
 .any.text.nbr_table_add_lladdr
                0x0000cec4      0x110 contiki-z1.a(nbr-table.o)
                0x0000cec4                nbr_table_add_lladdr
 .any.text.nbr_table_get_from_lladdr
                0x0000cfd4       0x28 contiki-z1.a(nbr-table.o)
                0x0000cfd4                nbr_table_get_from_lladdr
 .any.text.nbr_table_remove
                0x0000cffc       0x2a contiki-z1.a(nbr-table.o)
                0x0000cffc                nbr_table_remove
 .any.text.nbr_table_lock
                0x0000d026       0x10 contiki-z1.a(nbr-table.o)
                0x0000d026                nbr_table_lock
 .any.text.nbr_table_unlock
                0x0000d036       0x10 contiki-z1.a(nbr-table.o)
                0x0000d036                nbr_table_unlock
 .any.text.nbr_table_get_lladdr
                0x0000d046       0x20 contiki-z1.a(nbr-table.o)
                0x0000d046                nbr_table_get_lladdr
 .any.text.packetbuf_compact
                0x0000d066       0x2e contiki-z1.a(packetbuf.o)
                0x0000d066                packetbuf_compact
 .any.text.packetbuf_copyto
                0x0000d094       0x46 contiki-z1.a(packetbuf.o)
                0x0000d094                packetbuf_copyto
 .any.text.packetbuf_hdrreduce
                0x0000d0da       0x1a contiki-z1.a(packetbuf.o)
                0x0000d0da                packetbuf_hdrreduce
 .any.text.packetbuf_set_datalen
                0x0000d0f4        0x6 contiki-z1.a(packetbuf.o)
                0x0000d0f4                packetbuf_set_datalen
 .any.text.packetbuf_dataptr
                0x0000d0fa        0xe contiki-z1.a(packetbuf.o)
                0x0000d0fa                packetbuf_dataptr
 .any.text.packetbuf_hdrptr
                0x0000d108        0xa contiki-z1.a(packetbuf.o)
                0x0000d108                packetbuf_hdrptr
 .any.text.packetbuf_datalen
                0x0000d112        0x6 contiki-z1.a(packetbuf.o)
                0x0000d112                packetbuf_datalen
 .any.text.packetbuf_hdrlen
                0x0000d118       0x10 contiki-z1.a(packetbuf.o)
                0x0000d118                packetbuf_hdrlen
 .any.text.packetbuf_totlen
                0x0000d128        0xc contiki-z1.a(packetbuf.o)
                0x0000d128                packetbuf_totlen
 .any.text.packetbuf_hdralloc
                0x0000d134       0x2a contiki-z1.a(packetbuf.o)
                0x0000d134                packetbuf_hdralloc
 .any.text.packetbuf_attr_clear
                0x0000d15e       0x28 contiki-z1.a(packetbuf.o)
                0x0000d15e                packetbuf_attr_clear
 .any.text.packetbuf_clear
                0x0000d186       0x1a contiki-z1.a(packetbuf.o)
                0x0000d186                packetbuf_clear
 .any.text.packetbuf_copyfrom
                0x0000d1a0       0x2a contiki-z1.a(packetbuf.o)
                0x0000d1a0                packetbuf_copyfrom
 .any.text.packetbuf_attr_copyto
                0x0000d1ca       0x22 contiki-z1.a(packetbuf.o)
                0x0000d1ca                packetbuf_attr_copyto
 .any.text.packetbuf_attr_copyfrom
                0x0000d1ec       0x24 contiki-z1.a(packetbuf.o)
                0x0000d1ec                packetbuf_attr_copyfrom
 .any.text.packetbuf_holds_broadcast
                0x0000d210        0xe contiki-z1.a(packetbuf.o)
                0x0000d210                packetbuf_holds_broadcast
 .any.text.queuebuf_init
                0x0000d21e       0x12 contiki-z1.a(queuebuf.o)
                0x0000d21e                queuebuf_init
 .any.text.queuebuf_numfree
                0x0000d230        0xa contiki-z1.a(queuebuf.o)
                0x0000d230                queuebuf_numfree
 .any.text.queuebuf_new_from_packetbuf
                0x0000d23a       0x4e contiki-z1.a(queuebuf.o)
                0x0000d23a                queuebuf_new_from_packetbuf
 .any.text.queuebuf_free
                0x0000d288       0x2a contiki-z1.a(queuebuf.o)
                0x0000d288                queuebuf_free
 .any.text.queuebuf_to_packetbuf
                0x0000d2b2       0x32 contiki-z1.a(queuebuf.o)
                0x0000d2b2                queuebuf_to_packetbuf
 .any.text.create_frame.isra.0
                0x0000d2e4      0x104 contiki-z1.a(framer-802154.o)
 .any.text.create
                0x0000d3e8        0x8 contiki-z1.a(framer-802154.o)
 .any.text.hdr_length
                0x0000d3f0        0x8 contiki-z1.a(framer-802154.o)
 .any.text.parse
                0x0000d3f8       0xa2 contiki-z1.a(framer-802154.o)
 .any.text.framer_canonical_create_and_secure
                0x0000d49a       0x20 contiki-z1.a(framer.o)
                0x0000d49a                framer_canonical_create_and_secure
 .any.text.send_packet
                0x0000d4ba        0x6 contiki-z1.a(nullmac.o)
 .any.text.packet_input
                0x0000d4c0        0x6 contiki-z1.a(nullmac.o)
 .any.text.on   0x0000d4c6        0x6 contiki-z1.a(nullmac.o)
 .any.text.off  0x0000d4cc        0x6 contiki-z1.a(nullmac.o)
 .any.text.channel_check_interval
                0x0000d4d2        0x4 contiki-z1.a(nullmac.o)
 .any.text.init
                0x0000d4d6        0x2 contiki-z1.a(nullmac.o)
 .any.text.on   0x0000d4d8        0x6 contiki-z1.a(nullrdc.o)
 .any.text.channel_check_interval
                0x0000d4de        0x4 contiki-z1.a(nullrdc.o)
 .any.text.init
                0x0000d4e2        0x6 contiki-z1.a(nullrdc.o)
 .any.text.off  0x0000d4e8       0x10 contiki-z1.a(nullrdc.o)
 .any.text.packet_input
                0x0000d4f8       0x28 contiki-z1.a(nullrdc.o)
 .any.text.send_one_packet
                0x0000d520       0x62 contiki-z1.a(nullrdc.o)
 .any.text.send_list
                0x0000d582       0x28 contiki-z1.a(nullrdc.o)
 .any.text.send_packet
                0x0000d5aa        0x6 contiki-z1.a(nullrdc.o)
 .any.text.bootstrap
                0x0000d5b0        0x4 contiki-z1.a(nullsec.o)
 .any.text.send
                0x0000d5b4        0xa contiki-z1.a(nullsec.o)
 .any.text.on_frame_created
                0x0000d5be        0x4 contiki-z1.a(nullsec.o)
 .any.text.input
                0x0000d5c2        0x6 contiki-z1.a(nullsec.o)
 .any.text.get_overhead
                0x0000d5c8        0x4 contiki-z1.a(nullsec.o)
 .any.text.coap_parse_int_option
                0x0000d5cc       0x36 contiki-z1.a(er-coap.o)
 .any.text.coap_get_variable
                0x0000d602       0x78 contiki-z1.a(er-coap.o)
 .any.text.coap_merge_multi_option
                0x0000d67a       0x3a contiki-z1.a(er-coap.o)
 .any.text.coap_set_option_header
                0x0000d6b4       0x98 contiki-z1.a(er-coap.o)
 .any.text.coap_serialize_int_option
                0x0000d74c       0xbe contiki-z1.a(er-coap.o)
 .any.text.coap_serialize_array_option.part.0
                0x0000d80a       0x28 contiki-z1.a(er-coap.o)
 .any.text.coap_serialize_array_option
                0x0000d832       0x82 contiki-z1.a(er-coap.o)
 .any.text.coap_init_connection
                0x0000d8b4       0x22 contiki-z1.a(er-coap.o)
                0x0000d8b4                coap_init_connection
 .any.text.coap_get_mid
                0x0000d8d6        0xc contiki-z1.a(er-coap.o)
                0x0000d8d6                coap_get_mid
 .any.text.coap_init_message
                0x0000d8e2       0x24 contiki-z1.a(er-coap.o)
                0x0000d8e2                coap_init_message
 .any.text.coap_serialize_message
                0x0000d906      0x3ba contiki-z1.a(er-coap.o)
                0x0000d906                coap_serialize_message
 .any.text.coap_send_message
                0x0000dcc0       0x3e contiki-z1.a(er-coap.o)
                0x0000dcc0                coap_send_message
 .any.text.coap_parse_message
                0x0000dcfe      0x468 contiki-z1.a(er-coap.o)
                0x0000dcfe                coap_parse_message
 .any.text.coap_get_query_variable
                0x0000e166       0x1c contiki-z1.a(er-coap.o)
                0x0000e166                coap_get_query_variable
 .any.text.coap_get_post_variable
                0x0000e182       0x20 contiki-z1.a(er-coap.o)
                0x0000e182                coap_get_post_variable
 .any.text.coap_set_status_code
                0x0000e1a2       0x12 contiki-z1.a(er-coap.o)
                0x0000e1a2                coap_set_status_code
 .any.text.coap_set_token
                0x0000e1b4       0x24 contiki-z1.a(er-coap.o)
                0x0000e1b4                coap_set_token
 .any.text.coap_get_header_content_format
                0x0000e1d8       0x16 contiki-z1.a(er-coap.o)
                0x0000e1d8                coap_get_header_content_format
 .any.text.coap_set_header_content_format
                0x0000e1ee        0xe contiki-z1.a(er-coap.o)
                0x0000e1ee                coap_set_header_content_format
 .any.text.coap_get_header_accept
                0x0000e1fc       0x14 contiki-z1.a(er-coap.o)
                0x0000e1fc                coap_get_header_accept
 .any.text.coap_get_header_max_age
                0x0000e210       0x24 contiki-z1.a(er-coap.o)
                0x0000e210                coap_get_header_max_age
 .any.text.coap_set_header_max_age
                0x0000e234       0x12 contiki-z1.a(er-coap.o)
                0x0000e234                coap_set_header_max_age
 .any.text.coap_set_header_etag
                0x0000e246       0x2a contiki-z1.a(er-coap.o)
                0x0000e246                coap_set_header_etag
 .any.text.coap_get_header_if_match
                0x0000e270       0x1a contiki-z1.a(er-coap.o)
                0x0000e270                coap_get_header_if_match
 .any.text.coap_get_header_if_none_match
                0x0000e28a        0xc contiki-z1.a(er-coap.o)
                0x0000e28a                coap_get_header_if_none_match
 .any.text.coap_get_header_uri_host
                0x0000e296       0x16 contiki-z1.a(er-coap.o)
                0x0000e296                coap_get_header_uri_host
 .any.text.coap_get_header_uri_path
                0x0000e2ac       0x16 contiki-z1.a(er-coap.o)
                0x0000e2ac                coap_get_header_uri_path
 .any.text.coap_get_header_uri_query
                0x0000e2c2       0x16 contiki-z1.a(er-coap.o)
                0x0000e2c2                coap_get_header_uri_query
 .any.text.coap_set_header_location_query
                0x0000e2d8       0x2c contiki-z1.a(er-coap.o)
                0x0000e2d8                coap_set_header_location_query
 .any.text.coap_set_header_location_path
                0x0000e304       0x5a contiki-z1.a(er-coap.o)
                0x0000e304                coap_set_header_location_path
 .any.text.coap_set_header_observe
                0x0000e35e       0x12 contiki-z1.a(er-coap.o)
                0x0000e35e                coap_set_header_observe
 .any.text.coap_get_header_block2
                0x0000e370       0x4c contiki-z1.a(er-coap.o)
                0x0000e370                coap_get_header_block2
 .any.text.coap_set_header_block2
                0x0000e3bc       0x42 contiki-z1.a(er-coap.o)
                0x0000e3bc                coap_set_header_block2
 .any.text.coap_get_header_size2
                0x0000e3fe       0x1c contiki-z1.a(er-coap.o)
                0x0000e3fe                coap_get_header_size2
 .any.text.coap_set_header_size2
                0x0000e41a       0x12 contiki-z1.a(er-coap.o)
                0x0000e41a                coap_set_header_size2
 .any.text.coap_get_payload
                0x0000e42c       0x1a contiki-z1.a(er-coap.o)
                0x0000e42c                coap_get_payload
 .any.text.coap_set_payload
                0x0000e446       0x16 contiki-z1.a(er-coap.o)
                0x0000e446                coap_set_payload
 .any.text.i2c_receiveinit
                0x0000e45c       0x36 contiki-z1.a(i2cmaster.o)
                0x0000e45c                i2c_receiveinit
 .any.text.i2c_transmitinit
                0x0000e492       0x30 contiki-z1.a(i2cmaster.o)
                0x0000e492                i2c_transmitinit
 .any.text.i2c_receive_n
                0x0000e4c2       0x3e contiki-z1.a(i2cmaster.o)
                0x0000e4c2                i2c_receive_n
 .any.text.i2c_busy
                0x0000e500        0xa contiki-z1.a(i2cmaster.o)
                0x0000e500                i2c_busy
 .any.text.i2c_enable
                0x0000e50a       0x22 contiki-z1.a(i2cmaster.o)
                0x0000e50a                i2c_enable
 .any.text.i2c_transmit_n
                0x0000e52c       0x14 contiki-z1.a(i2cmaster.o)
                0x0000e52c                i2c_transmit_n
 .any.text.stimer_set
                0x0000e540       0x1c contiki-z1.a(stimer.o)
                0x0000e540                stimer_set
 .any.text.stimer_expired
                0x0000e55c       0x30 contiki-z1.a(stimer.o)
                0x0000e55c                stimer_expired
 .any.text.uip_udp_packet_send
                0x0000e58c       0x2e contiki-z1.a(uip-udp-packet.)
                0x0000e58c                uip_udp_packet_send
 .any.text.field_len
                0x0000e5ba       0x8c contiki-z1.a(frame802154.o)
 .any.text.frame802154_hdrlen
                0x0000e646       0x2e contiki-z1.a(frame802154.o)
                0x0000e646                frame802154_hdrlen
 .any.text.frame802154_create
                0x0000e674      0x112 contiki-z1.a(frame802154.o)
                0x0000e674                frame802154_create
 .any.text.frame802154_parse
                0x0000e786      0x16c contiki-z1.a(frame802154.o)
                0x0000e786                frame802154_parse
 .any.text.mac_call_sent_callback
                0x0000e8f2       0x14 contiki-z1.a(mac.o)
                0x0000e8f2                mac_call_sent_callback

.rodata         0x0000e908      0x55b
                0x0000e908                . = ALIGN (0x2)
 *(.rodata .rodata.* .gnu.linkonce.r.*)
 .rodata.process_thread_server
                0x0000e908        0x8 coap-server.co
 .rodata.post_handler
                0x0000e910       0x2d coap-server.co
 .rodata.get_handler
                0x0000e93d       0x1b coap-server.co
 .rodata.autostart_processes
                0x0000e958        0x4 coap-server.co
                0x0000e958                autostart_processes
 .rodata        0x0000e95c       0x27 coap-server.co
 .rodata        0x0000e983      0x115 obj_z1/contiki-z1-main.o
 .rodata.process_thread_coap_engine
                0x0000ea98       0x52 contiki-z1.a(er-coap-engine.)
 .rodata        0x0000eaea       0x14 contiki-z1.a(er-coap-engine.)
 .rodata.coap_rest_implementation
                0x0000eafe       0xb6 contiki-z1.a(er-coap-engine.)
                0x0000eafe                coap_rest_implementation
 .rodata.coap_observe_handler
                0x0000ebb4       0x11 contiki-z1.a(er-coap-observe)
 .rodata.well_known_core_get_handler
                0x0000ebc5       0x13 contiki-z1.a(er-coap-res-wel)
 .rodata        0x0000ebd8        0x6 contiki-z1.a(er-coap-res-wel)
 .rodata        0x0000ebde        0xc contiki-z1.a(rest-engine.o)
 *fill*         0x0000ebea        0x2 00
 .rodata.get_value
                0x0000ebec       0x38 contiki-z1.a(cc2420.o)
 .rodata.cc2420_driver
                0x0000ec24       0x38 contiki-z1.a(cc2420.o)
                0x0000ec24                cc2420_driver
 .rodata        0x0000ec5c        0xe contiki-z1.a(cc2420.o)
 .rodata.output_power
                0x0000ec6a       0x10 contiki-z1.a(cc2420.o)
 .rodata        0x0000ec7a        0x8 contiki-z1.a(sensors.o)
 .rodata        0x0000ec82        0x7 contiki-z1.a(button-sensor.o)
 *fill*         0x0000ec89        0x1 00
 .rodata.button_sensor
                0x0000ec8a        0xe contiki-z1.a(button-sensor.o)
                0x0000ec8a                button_sensor
 .rodata        0x0000ec98       0x16 contiki-z1.a(adxl345.o)
 .rodata        0x0000ecae        0xf contiki-z1.a(ctimer.o)
 .rodata        0x0000ecbd        0xc contiki-z1.a(etimer.o)
 .rodata        0x0000ecc9        0xb contiki-z1.a(sicslowpan.o)
 .rodata.sicslowpan_driver
                0x0000ecd4        0xa contiki-z1.a(sicslowpan.o)
                0x0000ecd4                sicslowpan_driver
 .rodata.llprefix
                0x0000ecde        0x2 contiki-z1.a(sicslowpan.o)
                0x0000ecde                llprefix
 .rodata.unc_mxconf
                0x0000ece0        0x4 contiki-z1.a(sicslowpan.o)
                0x0000ece0                unc_mxconf
 .rodata.unc_ctxconf
                0x0000ece4        0x4 contiki-z1.a(sicslowpan.o)
                0x0000ece4                unc_ctxconf
 .rodata.unc_llconf
                0x0000ece8        0x4 contiki-z1.a(sicslowpan.o)
                0x0000ece8                unc_llconf
 .rodata.ttl_values
                0x0000ecec        0x4 contiki-z1.a(sicslowpan.o)
 .rodata.uip_process
                0x0000ecf0       0x40 contiki-z1.a(uip6.o)
 .rodata        0x0000ed30        0xd contiki-z1.a(tcpip.o)
 .rodata.uip_debug_ipaddr_print
                0x0000ed3d       0x15 contiki-z1.a(uip-debug.o)
 .rodata.linkaddr_null
                0x0000ed52        0x8 contiki-z1.a(linkaddr.o)
                0x0000ed52                linkaddr_null
 .rodata.framer_802154
                0x0000ed5a       0x10 contiki-z1.a(framer-802154.o)
                0x0000ed5a                framer_802154
 .rodata        0x0000ed6a        0x8 contiki-z1.a(nullmac.o)
 .rodata.nullmac_driver
                0x0000ed72       0x1a contiki-z1.a(nullmac.o)
                0x0000ed72                nullmac_driver
 .rodata        0x0000ed8c        0x8 contiki-z1.a(nullrdc.o)
 .rodata.nullrdc_driver
                0x0000ed94       0x1e contiki-z1.a(nullrdc.o)
                0x0000ed94                nullrdc_driver
 .rodata        0x0000edb2        0x8 contiki-z1.a(nullsec.o)
 .rodata.nullsec_driver
                0x0000edba       0x16 contiki-z1.a(nullsec.o)
                0x0000edba                nullsec_driver
 .rodata.coap_serialize_message
                0x0000edd0       0x2f contiki-z1.a(er-coap.o)
 .rodata.coap_parse_message
                0x0000edff       0x5a contiki-z1.a(er-coap.o)
 .rodata        0x0000ee59        0x1 contiki-z1.a(er-coap.o)
 .rodata.CSWTCH.5
                0x0000ee5a        0x2 contiki-z1.a(frame802154.o)
 .rodata.vuprintf
                0x0000ee5c        0x7 /usr/local/msp430/bin/../lib/gcc/msp430/4.7.0/../../../../msp430/lib/mcpu-430x/mmpy-16/msr20/mc20/libc.a(vuprintf.o)
 *(.near.rodata .near.rodata.*)
                0x0000ee64                . = ALIGN (0x2)
                0x0000ee64                _etext = .

.data           0x00001100      0x186 load address 0x0000ee64
                0x00001100                . = ALIGN (0x2)
                0x00001100                __data_start = .
 *(.data .data.* .gnu.linkonce.d.*)
 .data.server   0x00001100        0xc coap-server.co
                0x00001100                server
 .data.resource_example
                0x0000110c       0x1c coap-server.co
                0x0000110c                resource_example
 .data.sensors  0x00001128        0x4 obj_z1/contiki-z1-main.o
                0x00001128                sensors
 .data.coap_engine
                0x0000112c        0xc contiki-z1.a(er-coap-engine.)
                0x0000112c                coap_engine
 .data.transactions_memb
                0x00001138        0x8 contiki-z1.a(er-coap-transac)
 .data.observers_memb
                0x00001140        0x8 contiki-z1.a(er-coap-observe)
 .data.res_well_known_core
                0x00001148       0x1c contiki-z1.a(er-coap-res-wel)
                0x00001148                res_well_known_core
 .data.rest_engine_process
                0x00001164        0xc contiki-z1.a(rest-engine.o)
                0x00001164                rest_engine_process
 .data.cur_break
                0x00001170        0x2 contiki-z1.a(msp430.o)
 .data.cc2420_process
                0x00001172        0xc contiki-z1.a(cc2420.o)
                0x00001172                cc2420_process
 .data.sensors_process
                0x0000117e        0xc contiki-z1.a(sensors.o)
                0x0000117e                sensors_process
 .data.accmeter_process
                0x0000118a        0xc contiki-z1.a(adxl345.o)
                0x0000118a                accmeter_process
 .data.adxl345_default_settings
                0x00001196       0x16 contiki-z1.a(adxl345.o)
 .data.ctimer_process
                0x000011ac        0xc contiki-z1.a(ctimer.o)
                0x000011ac                ctimer_process
 .data.etimer_process
                0x000011b8        0xc contiki-z1.a(etimer.o)
                0x000011b8                etimer_process
 .data.ds6_neighbors
                0x000011c4        0x2 contiki-z1.a(uip-ds6-nbr.o)
                0x000011c4                ds6_neighbors
 .data.ds6_neighbors_struct
                0x000011c6        0xa contiki-z1.a(uip-ds6-nbr.o)
 .data.routememb
                0x000011d0        0x8 contiki-z1.a(uip-ds6-route.o)
 .data.defaultroutermemb
                0x000011d8        0x8 contiki-z1.a(uip-ds6-route.o)
 .data.nbr_routes_struct
                0x000011e0        0xa contiki-z1.a(uip-ds6-route.o)
 .data.neighborroutememb
                0x000011ea        0x8 contiki-z1.a(uip-ds6-route.o)
 .data.echo_request_handler
                0x000011f2        0x8 contiki-z1.a(uip-icmp6.o)
 .data.echo_reply_handler
                0x000011fa        0x8 contiki-z1.a(uip-icmp6.o)
 .data.ns_input_handler
                0x00001202        0x8 contiki-z1.a(uip-nd6.o)
 .data.na_input_handler
                0x0000120a        0x8 contiki-z1.a(uip-nd6.o)
 .data.tcpip_process
                0x00001212        0xc contiki-z1.a(tcpip.o)
                0x00001212                tcpip_process
 .data.rpl_parents
                0x0000121e        0x2 contiki-z1.a(rpl-dag.o)
                0x0000121e                rpl_parents
 .data.rpl_parents_struct
                0x00001220        0xa contiki-z1.a(rpl-dag.o)
 .data.dao_sequence
                0x0000122a        0x1 contiki-z1.a(rpl-icmp6.o)
 *fill*         0x0000122b        0x1 00
 .data.dis_handler
                0x0000122c        0x8 contiki-z1.a(rpl-icmp6.o)
 .data.dio_handler
                0x00001234        0x8 contiki-z1.a(rpl-icmp6.o)
 .data.dao_handler
                0x0000123c        0x8 contiki-z1.a(rpl-icmp6.o)
 .data.dao_ack_handler
                0x00001244        0x8 contiki-z1.a(rpl-icmp6.o)
 .data.rpl_mrhof
                0x0000124c       0x1a contiki-z1.a(rpl-mrhof.o)
                0x0000124c                rpl_mrhof
 .data.neighbor_addr_mem
                0x00001266        0x8 contiki-z1.a(nbr-table.o)
 .data.buframmem
                0x0000126e        0x8 contiki-z1.a(queuebuf.o)
 .data.bufmem   0x00001276        0x8 contiki-z1.a(queuebuf.o)
 .data.coap_error_message
                0x0000127e        0x2 contiki-z1.a(er-coap.o)
                0x0000127e                coap_error_message
 .data.prescale_lsb
                0x00001280        0x1 contiki-z1.a(i2cmaster.o)
                0x00001280                prescale_lsb
 *fill*         0x00001281        0x1 00
 .data.next     0x00001282        0x4 /usr/local/msp430/bin/../lib/gcc/msp430/4.7.0/../../../../msp430/lib/mcpu-430x/mmpy-16/msr20/mc20/libc.a(rand.o)
 *(.near.data .near.data.*)
                0x00001286                . = ALIGN (0x2)
                0x00001286                _edata = .
                0x0000ee64                __data_load_start = LOADADDR (.data)
                0x00000186                __data_size = SIZEOF (.data)

.bss            0x00001286     0x150a load address 0x0000efea
                0x00001286                __bss_start = .
 *(.bss .bss.*)
 .bss.irq_energest.4215
                0x00001286        0x4 obj_z1/contiki-z1-main.o
 .bss.message.4883
                0x0000128a       0x80 contiki-z1.a(er-coap-engine.)
 .bss.transaction.4885
                0x0000130a        0x2 contiki-z1.a(er-coap-engine.)
 .bss.response.4884
                0x0000130c       0x80 contiki-z1.a(er-coap-engine.)
 .bss.service_cbk