Archive member included because of file (symbol)

contiki-z1.a(er-coap.o)       etag-resource.co (coap_get_header_etag)
contiki-z1.a(er-coap-engine.)
                              etag-resource.co (coap_rest_implementation)
contiki-z1.a(er-coap-transac)
                              contiki-z1.a(er-coap-engine.) (coap_register_as_transaction_handler)
contiki-z1.a(er-coap-observe)
                              contiki-z1.a(er-coap-transac) (coap_remove_observer_by_client)
contiki-z1.a(er-coap-res-wel)
                              contiki-z1.a(er-coap-engine.) (res_well_known_core)
contiki-z1.a(rest-engine.o)   etag-resource.co (rest_init_engine)
contiki-z1.a(contiki-z1-plat)
                              obj_z1/contiki-z1-main.o (init_platform)
contiki-z1.a(msp430.o)        obj_z1/contiki-z1-main.o (splhigh_)
contiki-z1.a(leds.o)          obj_z1/contiki-z1-main.o (leds_init)
contiki-z1.a(watchdog.o)      obj_z1/contiki-z1-main.o (watchdog_start)
contiki-z1.a(xmem.o)          obj_z1/contiki-z1-main.o (xmem_init)
contiki-z1.a(spi.o)           contiki-z1.a(xmem.o) (spi_init)
contiki-z1.a(cc2420.o)        obj_z1/contiki-z1-main.o (cc2420_set_pan_addr)
contiki-z1.a(cc2420-arch.o)   contiki-z1.a(cc2420.o) (cc2420_arch_init)
contiki-z1.a(node-id.o)       obj_z1/contiki-z1-main.o (node_id_restore)
contiki-z1.a(sensors.o)       etag-resource.co (sensors_event)
contiki-z1.a(button-sensor.o)
                              etag-resource.co (button_sensor)
contiki-z1.a(uart0.o)         obj_z1/contiki-z1-main.o (uart0_active)
contiki-z1.a(uart0-putchar.o)
                              obj_z1/contiki-z1-main.o (putchar)
contiki-z1.a(adxl345.o)       obj_z1/contiki-z1-main.o (accm_init)
contiki-z1.a(clock.o)         obj_z1/contiki-z1-main.o (clock_init)
contiki-z1.a(leds-arch.o)     contiki-z1.a(leds.o) (leds_arch_init)
contiki-z1.a(rtimer-arch.o)   obj_z1/contiki-z1-main.o (rtimer_arch_now)
contiki-z1.a(autostart.o)     obj_z1/contiki-z1-main.o (autostart_start)
contiki-z1.a(ctimer.o)        obj_z1/contiki-z1-main.o (ctimer_init)
contiki-z1.a(energest.o)      obj_z1/contiki-z1-main.o (energest_init)
contiki-z1.a(etimer.o)        contiki-z1.a(clock.o) (etimer_request_poll)
contiki-z1.a(process.o)       contiki-z1.a(er-coap-engine.) (process_current)
contiki-z1.a(rtimer.o)        obj_z1/contiki-z1-main.o (rtimer_init)
contiki-z1.a(timer.o)         contiki-z1.a(button-sensor.o) (timer_set)
contiki-z1.a(list.o)          contiki-z1.a(rest-engine.o) (list_init)
contiki-z1.a(memb.o)          contiki-z1.a(er-coap-transac) (memb_alloc)
contiki-z1.a(random.o)        contiki-z1.a(er-coap.o) (random_rand)
contiki-z1.a(sicslowpan.o)    obj_z1/contiki-z1-main.o (sicslowpan_driver)
contiki-z1.a(uip6.o)          contiki-z1.a(er-coap-engine.) (uip_aligned_buf)
contiki-z1.a(uip-ds6.o)       contiki-z1.a(uip6.o) (uip_ds6_is_addr_onlink)
contiki-z1.a(uip-ds6-nbr.o)   contiki-z1.a(uip-ds6.o) (uip_ds6_neighbors_init)
contiki-z1.a(uip-ds6-route.o)
                              contiki-z1.a(uip-ds6.o) (uip_ds6_route_init)
contiki-z1.a(uip-icmp6.o)     contiki-z1.a(uip6.o) (uip_icmp6_input)
contiki-z1.a(uip-nd6.o)       contiki-z1.a(uip-ds6-nbr.o) (uip_nd6_ns_output)
contiki-z1.a(tcpip.o)         contiki-z1.a(sicslowpan.o) (tcpip_set_outputfunc)
contiki-z1.a(uip-debug.o)     contiki-z1.a(uip-ds6-route.o) (uip_debug_ipaddr_print)
contiki-z1.a(uip-udp-packet.)
                              contiki-z1.a(er-coap.o) (uip_udp_packet_send)
contiki-z1.a(rpl.o)           contiki-z1.a(uip-ds6-nbr.o) (rpl_link_neighbor_callback)
contiki-z1.a(rpl-dag.o)       contiki-z1.a(rpl.o) (default_instance)
contiki-z1.a(rpl-ext-header.)
                              contiki-z1.a(uip6.o) (rpl_verify_header)
contiki-z1.a(rpl-icmp6.o)     contiki-z1.a(rpl.o) (dao_output_target)
contiki-z1.a(rpl-mrhof.o)     contiki-z1.a(rpl.o) (rpl_mrhof)
contiki-z1.a(rpl-timers.o)    contiki-z1.a(rpl.o) (rpl_reset_periodic_timer)
contiki-z1.a(linkaddr.o)      obj_z1/contiki-z1-main.o (linkaddr_copy)
contiki-z1.a(nbr-table.o)     contiki-z1.a(uip-ds6-nbr.o) (nbr_table_register)
contiki-z1.a(packetbuf.o)     contiki-z1.a(cc2420.o) (packetbuf_set_datalen)
contiki-z1.a(queuebuf.o)      obj_z1/contiki-z1-main.o (queuebuf_init)
contiki-z1.a(framer-802154.o)
                              contiki-z1.a(sicslowpan.o) (framer_802154)
contiki-z1.a(framer.o)        contiki-z1.a(framer-802154.o) (framer_canonical_create_and_secure)
contiki-z1.a(nullmac.o)       obj_z1/contiki-z1-main.o (nullmac_driver)
contiki-z1.a(nullrdc.o)       obj_z1/contiki-z1-main.o (nullrdc_driver)
contiki-z1.a(nullsec.o)       contiki-z1.a(sicslowpan.o) (nullsec_driver)
contiki-z1.a(i2cmaster.o)     contiki-z1.a(adxl345.o) (i2c_receiveinit)
contiki-z1.a(stimer.o)        contiki-z1.a(uip-ds6.o) (stimer_set)
contiki-z1.a(frame802154.o)   contiki-z1.a(framer-802154.o) (frame802154_hdrlen)
contiki-z1.a(mac.o)           contiki-z1.a(nullrdc.o) (mac_call_sent_callback)
[...]
Memory Configuration

Name             Origin             Length             Attributes
sfr              0x00000000         0x00000010
peripheral_8bit  0x00000010         0x000000f0
peripheral_16bit 0x00000100         0x00000100
ram_mirror       0x00000200         0x00000800         xw
infomem          0x00001000         0x00000100
infod            0x00001000         0x00000040
infoc            0x00001040         0x00000040
infob            0x00001080         0x00000040
infoa            0x000010c0         0x00000040
ram              0x00001100         0x00002000         xw
rom              0x00003100         0x0000cebe         xr
vectors          0x0000ffc0         0x00000040
far_rom          0x00010000         0x0000a000
bsl              0x00000000         0x00000000
ram2             0x00000000         0x00000000         xw
usbram           0x00000000         0x00000000         xw
*default*        0x00000000         0xffffffff

Linker script and memory map

LOAD /usr/local/msp430/bin/../lib/gcc/msp430/4.7.0/mcpu-430x/mmpy-16/msr20/mc20/crt0ivtbl32.o
                0x00000041                __P1SEL2 = 0x41
                0x00000045                __P5SEL2 = 0x45
LOAD etag-resource.co
LOAD obj_z1/contiki-z1-main.o
LOAD contiki-z1.a
LOAD /usr/local/msp430/bin/../lib/gcc/msp430/4.7.0/mcpu-430x/mmpy-16/msr20/mc20/libgcc.a
LOAD /usr/local/msp430/bin/../lib/gcc/msp430/4.7.0/../../../../msp430/lib/mcpu-430x/mmpy-16/msr20/mc20/libc.a
LOAD /usr/local/msp430/bin/../lib/gcc/msp430/4.7.0/mcpu-430x/mmpy-16/msr20/mc20/libgcc.a
LOAD /usr/local/msp430/bin/../lib/gcc/msp430/4.7.0/mcpu-430x/mmpy-16/msr20/mc20/libcrt0.a
                0x00000040                PROVIDE (__info_segment_size, 0x40)
                0x00001000                PROVIDE (__infod, 0x1000)
                0x00001040                PROVIDE (__infoc, 0x1040)
                0x00001080                PROVIDE (__infob, 0x1080)
                0x000010c0                PROVIDE (__infoa, 0x10c0)
                0x00000000                __IE1 = 0x0
                0x00000002                __IFG1 = 0x2
                0x00000001                __IE2 = 0x1
                0x00000003                __IFG2 = 0x3
                0x00000006                __UC1IE = 0x6
                0x00000007                __UC1IFG = 0x7
                0x000001a0                __ADC12CTL0 = 0x1a0
                0x000001a2                __ADC12CTL1 = 0x1a2
                0x000001a4                __ADC12IFG = 0x1a4
                0x000001a6                __ADC12IE = 0x1a6
                0x000001a8                __ADC12IV = 0x1a8
                0x00000140                __ADC12MEM0 = 0x140
                0x00000142                __ADC12MEM1 = 0x142
                0x00000144                __ADC12MEM2 = 0x144
                0x00000146                __ADC12MEM3 = 0x146
                0x00000148                __ADC12MEM4 = 0x148
                0x0000014a                __ADC12MEM5 = 0x14a
                0x0000014c                __ADC12MEM6 = 0x14c
                0x0000014e                __ADC12MEM7 = 0x14e
                0x00000150                __ADC12MEM8 = 0x150
                0x00000152                __ADC12MEM9 = 0x152
                0x00000154                __ADC12MEM10 = 0x154
                0x00000156                __ADC12MEM11 = 0x156
                0x00000158                __ADC12MEM12 = 0x158
                0x0000015a                __ADC12MEM13 = 0x15a
                0x0000015c                __ADC12MEM14 = 0x15c
                0x0000015e                __ADC12MEM15 = 0x15e
                0x00000080                __ADC12MCTL0 = 0x80
                0x00000081                __ADC12MCTL1 = 0x81
                0x00000082                __ADC12MCTL2 = 0x82
                0x00000083                __ADC12MCTL3 = 0x83
                0x00000084                __ADC12MCTL4 = 0x84
                0x00000085                __ADC12MCTL5 = 0x85
                0x00000086                __ADC12MCTL6 = 0x86
                0x00000087                __ADC12MCTL7 = 0x87
                0x00000088                __ADC12MCTL8 = 0x88
                0x00000089                __ADC12MCTL9 = 0x89
                0x0000008a                __ADC12MCTL10 = 0x8a
                0x0000008b                __ADC12MCTL11 = 0x8b
                0x0000008c                __ADC12MCTL12 = 0x8c
                0x0000008d                __ADC12MCTL13 = 0x8d
                0x0000008e                __ADC12MCTL14 = 0x8e
                0x0000008f                __ADC12MCTL15 = 0x8f
                0x00000056                __DCOCTL = 0x56
                0x00000057                __BCSCTL1 = 0x57
                0x00000058                __BCSCTL2 = 0x58
                0x00000053                __BCSCTL3 = 0x53
                0x00000059                __CACTL1 = 0x59
                0x0000005a                __CACTL2 = 0x5a
                0x0000005b                __CAPD = 0x5b
                0x000001c0                __DAC12_0CTL = 0x1c0
                0x000001c2                __DAC12_1CTL = 0x1c2
                0x000001c8                __DAC12_0DAT = 0x1c8
                0x000001ca                __DAC12_1DAT = 0x1ca
                0x00000122                __DMACTL0 = 0x122
                0x00000124                __DMACTL1 = 0x124
                0x00000126                __DMAIV = 0x126
                0x000001d0                __DMA0CTL = 0x1d0
                0x000001dc                __DMA1CTL = 0x1dc
                0x000001e8                __DMA2CTL = 0x1e8
                0x000001d2                __DMA0SA = 0x1d2
                0x000001d2                __DMA0SAL = 0x1d2
                0x000001d6                __DMA0DA = 0x1d6
                0x000001d6                __DMA0DAL = 0x1d6
                0x000001da                __DMA0SZ = 0x1da
                0x000001de                __DMA1SA = 0x1de
                0x000001de                __DMA1SAL = 0x1de
                0x000001e2                __DMA1DA = 0x1e2
                0x000001e2                __DMA1DAL = 0x1e2
                0x000001e6                __DMA1SZ = 0x1e6
                0x000001ea                __DMA2SA = 0x1ea
                0x000001ea                __DMA2SAL = 0x1ea
                0x000001ee                __DMA2DA = 0x1ee
                0x000001ee                __DMA2DAL = 0x1ee
                0x000001f2                __DMA2SZ = 0x1f2
                0x00000128                __FCTL1 = 0x128
                0x0000012a                __FCTL2 = 0x12a
                0x0000012c                __FCTL3 = 0x12c
                0x000001be                __FCTL4 = 0x1be
                0x00000130                __MPY = 0x130
                0x00000132                __MPYS = 0x132
                0x00000134                __MAC = 0x134
                0x00000136                __MACS = 0x136
                0x00000138                __OP2 = 0x138
                0x0000013a                __RESLO = 0x13a
                0x0000013c                __RESHI = 0x13c
                0x0000013e                __SUMEXT = 0x13e
                0x00000020                __P1IN = 0x20
                0x00000021                __P1OUT = 0x21
                0x00000022                __P1DIR = 0x22
                0x00000023                __P1IFG = 0x23
                0x00000024                __P1IES = 0x24
                0x00000025                __P1IE = 0x25
                0x00000026                __P1SEL = 0x26
                0x00000027                __P1REN = 0x27
                0x00000028                __P2IN = 0x28
                0x00000029                __P2OUT = 0x29
                0x0000002a                __P2DIR = 0x2a
                0x0000002b                __P2IFG = 0x2b
                0x0000002c                __P2IES = 0x2c
                0x0000002d                __P2IE = 0x2d
                0x0000002e                __P2SEL = 0x2e
                0x0000002f                __P2REN = 0x2f
                0x00000018                __P3IN = 0x18
                0x00000019                __P3OUT = 0x19
                0x0000001a                __P3DIR = 0x1a
                0x0000001b                __P3SEL = 0x1b
                0x00000010                __P3REN = 0x10
                0x0000001c                __P4IN = 0x1c
                0x0000001d                __P4OUT = 0x1d
                0x0000001e                __P4DIR = 0x1e
                0x0000001f                __P4SEL = 0x1f
                0x00000011                __P4REN = 0x11
                0x00000030                __P5IN = 0x30
                0x00000031                __P5OUT = 0x31
                0x00000032                __P5DIR = 0x32
                0x00000033                __P5SEL = 0x33
                0x00000012                __P5REN = 0x12
                0x00000034                __P6IN = 0x34
                0x00000035                __P6OUT = 0x35
                0x00000036                __P6DIR = 0x36
                0x00000037                __P6SEL = 0x37
                0x00000013                __P6REN = 0x13
                0x00000038                __P7IN = 0x38
                0x0000003a                __P7OUT = 0x3a
                0x0000003c                __P7DIR = 0x3c
                0x0000003e                __P7SEL = 0x3e
                0x00000014                __P7REN = 0x14
                0x00000039                __P8IN = 0x39
                0x0000003b                __P8OUT = 0x3b
                0x0000003d                __P8DIR = 0x3d
                0x0000003f                __P8SEL = 0x3f
                0x00000015                __P8REN = 0x15
                0x00000038                __PAIN = 0x38
                0x0000003a                __PAOUT = 0x3a
                0x0000003c                __PADIR = 0x3c
                0x0000003e                __PASEL = 0x3e
                0x00000014                __PAREN = 0x14
                0x00000055                __SVSCTL = 0x55
                0x0000012e                __TAIV = 0x12e
                0x00000160                __TACTL = 0x160
                0x00000162                __TACCTL0 = 0x162
                0x00000164                __TACCTL1 = 0x164
                0x00000166                __TACCTL2 = 0x166
                0x00000170                __TAR = 0x170
                0x00000172                __TACCR0 = 0x172
                0x00000174                __TACCR1 = 0x174
                0x00000176                __TACCR2 = 0x176
                0x0000011e                __TBIV = 0x11e
                0x00000180                __TBCTL = 0x180
                0x00000182                __TBCCTL0 = 0x182
                0x00000184                __TBCCTL1 = 0x184
                0x00000186                __TBCCTL2 = 0x186
                0x00000188                __TBCCTL3 = 0x188
                0x0000018a                __TBCCTL4 = 0x18a
                0x0000018c                __TBCCTL5 = 0x18c
                0x0000018e                __TBCCTL6 = 0x18e
                0x00000190                __TBR = 0x190
                0x00000192                __TBCCR0 = 0x192
                0x00000194                __TBCCR1 = 0x194
                0x00000196                __TBCCR2 = 0x196
                0x00000198                __TBCCR3 = 0x198
                0x0000019a                __TBCCR4 = 0x19a
                0x0000019c                __TBCCR5 = 0x19c
                0x0000019e                __TBCCR6 = 0x19e
                0x00000060                __UCA0CTL0 = 0x60
                0x00000061                __UCA0CTL1 = 0x61
                0x00000062                __UCA0BR0 = 0x62
                0x00000063                __UCA0BR1 = 0x63
                0x00000064                __UCA0MCTL = 0x64
                0x00000065                __UCA0STAT = 0x65
                0x00000066                __UCA0RXBUF = 0x66
                0x00000067                __UCA0TXBUF = 0x67
                0x0000005d                __UCA0ABCTL = 0x5d
                0x0000005e                __UCA0IRTCTL = 0x5e
                0x0000005f                __UCA0IRRCTL = 0x5f
                0x00000068                __UCB0CTL0 = 0x68
                0x00000069                __UCB0CTL1 = 0x69
                0x0000006a                __UCB0BR0 = 0x6a
                0x0000006b                __UCB0BR1 = 0x6b
                0x0000006c                __UCB0I2CIE = 0x6c
                0x0000006d                __UCB0STAT = 0x6d
                0x0000006e                __UCB0RXBUF = 0x6e
                0x0000006f                __UCB0TXBUF = 0x6f
                0x00000118                __UCB0I2COA = 0x118
                0x0000011a                __UCB0I2CSA = 0x11a
                0x000000d0                __UCA1CTL0 = 0xd0
                0x000000d1                __UCA1CTL1 = 0xd1
                0x000000d2                __UCA1BR0 = 0xd2
                0x000000d3                __UCA1BR1 = 0xd3
                0x000000d4                __UCA1MCTL = 0xd4
                0x000000d5                __UCA1STAT = 0xd5
                0x000000d6                __UCA1RXBUF = 0xd6
                0x000000d7                __UCA1TXBUF = 0xd7
                0x000000cd                __UCA1ABCTL = 0xcd
                0x000000ce                __UCA1IRTCTL = 0xce
                0x000000cf                __UCA1IRRCTL = 0xcf
                0x000000d8                __UCB1CTL0 = 0xd8
                0x000000d9                __UCB1CTL1 = 0xd9
                0x000000da                __UCB1BR0 = 0xda
                0x000000db                __UCB1BR1 = 0xdb
                0x000000dc                __UCB1I2CIE = 0xdc
                0x000000dd                __UCB1STAT = 0xdd
                0x000000de                __UCB1RXBUF = 0xde
                0x000000df                __UCB1TXBUF = 0xdf
                0x0000017c                __UCB1I2COA = 0x17c
                0x0000017e                __UCB1I2CSA = 0x17e
                0x00000120                __WDTCTL = 0x120
                0x000010c0                __TLV_CHECKSUM = 0x10c0
                0x000010f6                __TLV_DCO_30_TAG = 0x10f6
                0x000010f7                __TLV_DCO_30_LEN = 0x10f7
                0x000010da                __TLV_ADC12_1_TAG = 0x10da
                0x000010db                __TLV_ADC12_1_LEN = 0x10db
                0x000010f8                __CALDCO_16MHZ = 0x10f8
                0x000010f9                __CALBC1_16MHZ = 0x10f9
                0x000010fa                __CALDCO_12MHZ = 0x10fa
                0x000010fb                __CALBC1_12MHZ = 0x10fb
                0x000010fc                __CALDCO_8MHZ = 0x10fc
                0x000010fd                __CALBC1_8MHZ = 0x10fd
                0x000010fe                __CALDCO_1MHZ = 0x10fe
                0x000010ff                __CALBC1_1MHZ = 0x10ff

.hash
 *(.hash)

.dynsym
 *(.dynsym)

.dynstr
 *(.dynstr)

.gnu.version
 *(.gnu.version)

.gnu.version_d
 *(.gnu.version_d)

.gnu.version_r
 *(.gnu.version_r)

.rel.init
 *(.rel.init)

.rela.init
 *(.rela.init)

.rel.fini
 *(.rel.fini)

.rela.fini
 *(.rela.fini)

.rel.text
 *(.rel.text .rel.text.* .rel.gnu.linkonce.t.*)

.rela.text
 *(.rela.text .rela.text.* .rela.gnu.linkonce.t.*)

.rel.rodata
 *(.rel.rodata .rel.rodata.* .rel.gnu.linkonce.r.*)

.rela.rodata
 *(.rela.rodata .rela.rodata.* .rela.gnu.linkonce.r.*)

.rel.data
 *(.rel.data .rel.data.* .rel.gnu.linkonce.d.*)

.rela.data
 *(.rela.data .rela.data.* .rela.gnu.linkonce.d.*)

.rel.bss
 *(.rel.bss .rel.bss.* .rel.gnu.linkonce.b.*)

.rela.bss
 *(.rela.bss .rela.bss.* .rela.gnu.linkonce.b.*)

.rel.ctors
 *(.rel.ctors)

.rela.ctors
 *(.rela.ctors)

.rel.dtors
 *(.rel.dtors)

.rela.dtors
 *(.rela.dtors)

.rel.got
 *(.rel.got)

.rela.got
 *(.rela.got)

.rel.plt
 *(.rel.plt)

.rela.plt
 *(.rela.plt)

.text           0x00003100     0xb8ea
                0x00003100                . = ALIGN (0x2)
 *(.init .init.*)
 *(.init0)
 .init0         0x00003100        0x0 /usr/local/msp430/bin/../lib/gcc/msp430/4.7.0/mcpu-430x/mmpy-16/msr20/mc20/libcrt0.a(_reset_vector__.o)
                0x00003100                _reset_vector__
 *(.init1)
 .init1         0x00003100        0xc /usr/local/msp430/bin/../lib/gcc/msp430/4.7.0/mcpu-430x/mmpy-16/msr20/mc20/libcrt0.a(__watchdog_support.o)
                0x00003100                __watchdog_support
 *(.init2)
 .init2         0x0000310c        0x4 /usr/local/msp430/bin/../lib/gcc/msp430/4.7.0/mcpu-430x/mmpy-16/msr20/mc20/libcrt0.a(__init_stack.o)
                0x0000310c                __init_stack
 *(.init3)
 .init3         0x00003110        0x0 /usr/local/msp430/bin/../lib/gcc/msp430/4.7.0/mcpu-430x/mmpy-16/msr20/mc20/libcrt0.a(__low_level_init.o)
                0x00003110                __low_level_init
 *(.init4)
 .init4         0x00003110       0x18 /usr/local/msp430/bin/../lib/gcc/msp430/4.7.0/mcpu-430x/mmpy-16/msr20/mc20/libcrt0.a(_copy_data.o)
                0x00003110                __do_copy_data
 .init4         0x00003128       0x16 /usr/local/msp430/bin/../lib/gcc/msp430/4.7.0/mcpu-430x/mmpy-16/msr20/mc20/libcrt0.a(_clear_bss.o)
                0x00003128                __do_clear_bss
 *(.init5)
 *(.init6)
 *(.init7)
 *(.init8)
 *(.init9)
 .init9         0x0000313e      0x35c obj_z1/contiki-z1-main.o
                0x0000313e                main
 *(.fini9)
 .fini9         0x0000349a        0x0 /usr/local/msp430/bin/../lib/gcc/msp430/4.7.0/mcpu-430x/mmpy-16/msr20/mc20/libcrt0.a(__stop_progExec__.o)
                0x0000349a                __stop_progExec__
 *(.fini8)
 *(.fini7)
 *(.fini6)
 *(.fini5)
 *(.fini4)
 *(.fini3)
 *(.fini2)
 *(.fini1)
 *(.fini0)
 .fini0         0x0000349a        0x6 /usr/local/msp430/bin/../lib/gcc/msp430/4.7.0/mcpu-430x/mmpy-16/msr20/mc20/libcrt0.a(_endless_loop__.o)
                0x0000349a                _endless_loop__
 *(.fini .fini.*)
                0x000034a0                . = ALIGN (0x2)
                0x000034a0                __ctors_start = .
 *(.ctors)
                0x000034a0                __ctors_end = .
                0x000034a0                __dtors_start = .
 *(.dtors)
                0x000034a0                __dtors_end = .
                0x000034a0                . = ALIGN (0x2)
 *(.text .text.* .gnu.linkonce.t.*)
 .text          0x000034a0        0x4 /usr/local/msp430/bin/../lib/gcc/msp430/4.7.0/mcpu-430x/mmpy-16/msr20/mc20/crt0ivtbl32.o
                0x000034a0                __isr_14
                0x000034a0                __isr_4
                0x000034a0                __isr_29
                0x000034a0                __isr_11
                0x000034a0                __isr_5
                0x000034a0                __isr_2
                0x000034a0                __isr_10
                0x000034a0                __isr_7
                0x000034a0                __isr_0
                0x000034a0                __isr_28
                0x000034a0                __isr_8
                0x000034a0                __isr_20
                0x000034a0                __isr_3
                0x000034a0                __isr_12
                0x000034a0                __isr_13
                0x000034a0                __isr_27
                0x000034a0                __isr_9
                0x000034a0                __isr_30
                0x000034a0                __isr_6
                0x000034a0                __isr_22
                0x000034a0                __isr_1
                0x000034a0                __isr_15
                0x000034a0                __isr_21
 .text.libgcc   0x000034a4       0x26 /usr/local/msp430/bin/../lib/gcc/msp430/4.7.0/mcpu-430x/mmpy-16/msr20/mc20/libgcc.a(_mulsi3.o)
                0x000034a4                __mulsi3
 .text.libgcc   0x000034ca       0x22 /usr/local/msp430/bin/../lib/gcc/msp430/4.7.0/mcpu-430x/mmpy-16/msr20/mc20/libgcc.a(_udivmod16.o)
                0x000034ca                __udivhi3
                0x000034ca                __ext_udivmod16
                0x000034e4                __umodhi3
 .text.libgcc   0x000034ec       0x3a /usr/local/msp430/bin/../lib/gcc/msp430/4.7.0/mcpu-430x/mmpy-16/msr20/mc20/libgcc.a(_divmod16.o)
                0x000034ec                __ext_divmod16
                0x000034ec                __divhi3
                0x0000351e                __modhi3
 .text.libgcc   0x00003526       0x38 /usr/local/msp430/bin/../lib/gcc/msp430/4.7.0/mcpu-430x/mmpy-16/msr20/mc20/libgcc.a(_udivmod32.o)
                0x00003526                __udivsi3
                0x00003526                __ext_udivmod32
                0x00003554                __umodsi3
 .text.libgcc   0x0000355e       0x4c /usr/local/msp430/bin/../lib/gcc/msp430/4.7.0/mcpu-430x/mmpy-16/msr20/mc20/libgcc.a(_divmod32.o)
                0x0000355e                __ext_divmod32
                0x0000355e                __divsi3
                0x000035a0                __modsi3
 .text.atoi     0x000035aa       0x82 /usr/local/msp430/bin/../lib/gcc/msp430/4.7.0/../../../../msp430/lib/mcpu-430x/mmpy-16/msr20/mc20/libc.a(atoi.o)
                0x000035aa                atoi
 .text.printf   0x0000362c       0x10 /usr/local/msp430/bin/../lib/gcc/msp430/4.7.0/../../../../msp430/lib/mcpu-430x/mmpy-16/msr20/mc20/libc.a(printf.o)
                0x0000362c                printf
 .text.append   0x0000363c       0x22 /usr/local/msp430/bin/../lib/gcc/msp430/4.7.0/../../../../msp430/lib/mcpu-430x/mmpy-16/msr20/mc20/libc.a(sprintf.o)
 .text.call_vuprintf
                0x0000365e       0x36 /usr/local/msp430/bin/../lib/gcc/msp430/4.7.0/../../../../msp430/lib/mcpu-430x/mmpy-16/msr20/mc20/libc.a(sprintf.o)
 .text.sprintf  0x00003694       0x1a /usr/local/msp430/bin/../lib/gcc/msp430/4.7.0/../../../../msp430/lib/mcpu-430x/mmpy-16/msr20/mc20/libc.a(sprintf.o)
                0x00003694                sprintf
 .text.snprintf
                0x000036ae       0x1c /usr/local/msp430/bin/../lib/gcc/msp430/4.7.0/../../../../msp430/lib/mcpu-430x/mmpy-16/msr20/mc20/libc.a(sprintf.o)
                0x000036ae                snprintf
 .text.print_field
                0x000036ca      0x176 /usr/local/msp430/bin/../lib/gcc/msp430/4.7.0/../../../../msp430/lib/mcpu-430x/mmpy-16/msr20/mc20/libc.a(vuprintf.o)
 .text.vuprintf
                0x00003840      0x74c /usr/local/msp430/bin/../lib/gcc/msp430/4.7.0/../../../../msp430/lib/mcpu-430x/mmpy-16/msr20/mc20/libc.a(vuprintf.o)
                0x00003840                vuprintf
 .text.puts     0x00003f8c       0x2c /usr/local/msp430/bin/../lib/gcc/msp430/4.7.0/../../../../msp430/lib/mcpu-430x/mmpy-16/msr20/mc20/libc.a(puts.o)
                0x00003f8c                puts
 .text.rand     0x00003fb8       0x26 /usr/local/msp430/bin/../lib/gcc/msp430/4.7.0/../../../../msp430/lib/mcpu-430x/mmpy-16/msr20/mc20/libc.a(rand.o)
                0x00003fb8                rand
 .text.strchr   0x00003fde       0x16 /usr/local/msp430/bin/../lib/gcc/msp430/4.7.0/../../../../msp430/lib/mcpu-430x/mmpy-16/msr20/mc20/libc.a(strchr.o)
                0x00003fde                strchr
 .text.memchr   0x00003ff4       0x1e /usr/local/msp430/bin/../lib/gcc/msp430/4.7.0/../../../../msp430/lib/mcpu-430x/mmpy-16/msr20/mc20/libc.a(memchr.o)
                0x00003ff4                memchr
 .text.strncmp  0x00004012       0x2a /usr/local/msp430/bin/../lib/gcc/msp430/4.7.0/../../../../msp430/lib/mcpu-430x/mmpy-16/msr20/mc20/libc.a(strncmp.o)
                0x00004012                strncmp
 .text.memcmp   0x0000403c       0x2c /usr/local/msp430/bin/../lib/gcc/msp430/4.7.0/../../../../msp430/lib/mcpu-430x/mmpy-16/msr20/mc20/libc.a(memcmp.o)
                0x0000403c                memcmp
 .text.memcpy   0x00004068       0xe8 /usr/local/msp430/bin/../lib/gcc/msp430/4.7.0/../../../../msp430/lib/mcpu-430x/mmpy-16/msr20/mc20/libc.a(memcpy.o)
                0x00004068                memcpy
 .text.memmove  0x00004150       0xe8 /usr/local/msp430/bin/../lib/gcc/msp430/4.7.0/../../../../msp430/lib/mcpu-430x/mmpy-16/msr20/mc20/libc.a(memmove.o)
                0x00004150                memmove
 .text.memset   0x00004238       0x5c /usr/local/msp430/bin/../lib/gcc/msp430/4.7.0/../../../../msp430/lib/mcpu-430x/mmpy-16/msr20/mc20/libc.a(memset.o)
                0x00004238                memset
 .text.libgcc   0x00004294       0xbc /usr/local/msp430/bin/../lib/gcc/msp430/4.7.0/mcpu-430x/mmpy-16/msr20/mc20/libgcc.a(_udivmod64.o)
                0x00004294                __xabi_udivmod64
                0x000042e6                __udivdi3
                0x00004300                __umoddi3
                0x00004322                __udivmoddi4
 .text.crt0     0x00004350        0x2 /usr/local/msp430/bin/../lib/gcc/msp430/4.7.0/mcpu-430x/mmpy-16/msr20/mc20/libcrt0.a(_unexpected_.o)
                0x00004350                _unexpected_
 *(.near.text .near.text.*)
 .near.text.watchdog_interrupt
                0x00004352        0x6 contiki-z1.a(watchdog.o)
                0x00004352                __isr_26
                0x00004352                watchdog_interrupt
 .near.text.irq_p2
                0x00004358       0x76 contiki-z1.a(button-sensor.o)
                0x00004358                irq_p2
                0x00004358                __isr_19
 .near.text.uart0_rx_interrupt
                0x000043ce       0x64 contiki-z1.a(uart0.o)
                0x000043ce                __isr_23
                0x000043ce                uart0_rx_interrupt
 .near.text.port1_isr
                0x00004432       0xbe contiki-z1.a(adxl345.o)
                0x00004432                port1_isr
                0x00004432                __isr_18
 .near.text.timera1
                0x000044f0      0x10a contiki-z1.a(clock.o)
                0x000044f0                __isr_24
                0x000044f0                timera1
 .near.text.timera0
                0x000045fa       0x5c contiki-z1.a(rtimer-arch.o)
                0x000045fa                __isr_25
                0x000045fa                timera0
 .near.text.i2c_tx_interrupt
                0x00004656       0x84 contiki-z1.a(i2cmaster.o)
                0x00004656                __isr_16
                0x00004656                i2c_tx_interrupt
 .near.text.i2c_rx_interrupt
                0x000046da       0x14 contiki-z1.a(i2cmaster.o)
                0x000046da                i2c_rx_interrupt
                0x000046da                __isr_17
 .any.text.event_handler
                0x000046ee        0xe etag-resource.co
 .any.text.process_thread_server
                0x000046fc       0x60 etag-resource.co
 .any.text.res_event_post_handler
                0x0000475c       0x62 etag-resource.co
                0x0000475c                res_event_post_handler
 .any.text.res_event_get_handler
                0x000047be      0x15c etag-resource.co
                0x000047be                res_event_get_handler
 .any.text.coap_parse_int_option
                0x0000491a       0x36 contiki-z1.a(er-coap.o)
 .any.text.coap_get_variable
                0x00004950       0x78 contiki-z1.a(er-coap.o)
 .any.text.coap_merge_multi_option
                0x000049c8       0x3a contiki-z1.a(er-coap.o)
 .any.text.coap_set_option_header
                0x00004a02       0x98 contiki-z1.a(er-coap.o)
 .any.text.coap_serialize_int_option
                0x00004a9a       0xbe contiki-z1.a(er-coap.o)
 .any.text.coap_serialize_array_option.part.0
                0x00004b58       0x28 contiki-z1.a(er-coap.o)
 .any.text.coap_serialize_array_option
                0x00004b80       0x82 contiki-z1.a(er-coap.o)
 .any.text.coap_init_connection
                0x00004c02       0x22 contiki-z1.a(er-coap.o)
                0x00004c02                coap_init_connection
 .any.text.coap_get_mid
                0x00004c24        0xc contiki-z1.a(er-coap.o)
                0x00004c24                coap_get_mid
 .any.text.coap_init_message
                0x00004c30       0x24 contiki-z1.a(er-coap.o)
                0x00004c30                coap_init_message
 .any.text.coap_serialize_message
                0x00004c54      0x3ba contiki-z1.a(er-coap.o)
                0x00004c54                coap_serialize_message
 .any.text.coap_send_message
                0x0000500e       0x3e contiki-z1.a(er-coap.o)
                0x0000500e                coap_send_message
 .any.text.coap_parse_message
                0x0000504c      0x468 contiki-z1.a(er-coap.o)
                0x0000504c                coap_parse_message
 .any.text.coap_get_query_variable
                0x000054b4       0x1c contiki-z1.a(er-coap.o)
                0x000054b4                coap_get_query_variable
 .any.text.coap_get_post_variable
                0x000054d0       0x20 contiki-z1.a(er-coap.o)
                0x000054d0                coap_get_post_variable
 .any.text.coap_set_status_code
                0x000054f0       0x12 contiki-z1.a(er-coap.o)
                0x000054f0                coap_set_status_code
 .any.text.coap_set_token
                0x00005502       0x24 contiki-z1.a(er-coap.o)
                0x00005502                coap_set_token
 .any.text.coap_get_header_content_format
                0x00005526       0x16 contiki-z1.a(er-coap.o)
                0x00005526                coap_get_header_content_format
 .any.text.coap_set_header_content_format
                0x0000553c        0xe contiki-z1.a(er-coap.o)
                0x0000553c                coap_set_header_content_format
 .any.text.coap_get_header_accept
                0x0000554a       0x14 contiki-z1.a(er-coap.o)
                0x0000554a                coap_get_header_accept
 .any.text.coap_get_header_max_age
                0x0000555e       0x24 contiki-z1.a(er-coap.o)
                0x0000555e                coap_get_header_max_age
 .any.text.coap_set_header_max_age
                0x00005582       0x12 contiki-z1.a(er-coap.o)
                0x00005582                coap_set_header_max_age
 .any.text.coap_get_header_etag
                0x00005594       0x1c contiki-z1.a(er-coap.o)
                0x00005594                coap_get_header_etag
 .any.text.coap_set_header_etag
                0x000055b0       0x2a contiki-z1.a(er-coap.o)
                0x000055b0                coap_set_header_etag
 .any.text.coap_get_header_if_match
                0x000055da       0x1a contiki-z1.a(er-coap.o)
                0x000055da                coap_get_header_if_match
 .any.text.coap_get_header_if_none_match
                0x000055f4        0xc contiki-z1.a(er-coap.o)
                0x000055f4                coap_get_header_if_none_match
 .any.text.coap_get_header_uri_host
                0x00005600       0x16 contiki-z1.a(er-coap.o)
                0x00005600                coap_get_header_uri_host
 .any.text.coap_get_header_uri_path
                0x00005616       0x16 contiki-z1.a(er-coap.o)
                0x00005616                coap_get_header_uri_path
 .any.text.coap_get_header_uri_query
                0x0000562c       0x16 contiki-z1.a(er-coap.o)
                0x0000562c                coap_get_header_uri_query
 .any.text.coap_set_header_location_query
                0x00005642       0x2c contiki-z1.a(er-coap.o)
                0x00005642                coap_set_header_location_query
 .any.text.coap_set_header_location_path
                0x0000566e       0x5a contiki-z1.a(er-coap.o)
                0x0000566e                coap_set_header_location_path
 .any.text.coap_set_header_observe
                0x000056c8       0x12 contiki-z1.a(er-coap.o)
                0x000056c8                coap_set_header_observe
 .any.text.coap_get_header_block2
                0x000056da       0x4c contiki-z1.a(er-coap.o)
                0x000056da                coap_get_header_block2
 .any.text.coap_set_header_block2
                0x00005726       0x42 contiki-z1.a(er-coap.o)
                0x00005726                coap_set_header_block2
 .any.text.coap_get_header_size2
                0x00005768       0x1c contiki-z1.a(er-coap.o)
                0x00005768                coap_get_header_size2
 .any.text.coap_set_header_size2
                0x00005784       0x12 contiki-z1.a(er-coap.o)
                0x00005784                coap_set_header_size2
 .any.text.coap_get_payload
                0x00005796       0x1a contiki-z1.a(er-coap.o)
                0x00005796                coap_get_payload
 .any.text.coap_set_payload
                0x000057b0       0x16 contiki-z1.a(er-coap.o)
                0x000057b0                coap_set_payload
 .any.text.coap_set_service_callback
                0x000057c6        0x6 contiki-z1.a(er-coap-engine.)
                0x000057c6                coap_set_service_callback
 .any.text.coap_get_rest_method
                0x000057cc       0x16 contiki-z1.a(er-coap-engine.)
                0x000057cc                coap_get_rest_method
 .any.text.process_thread_coap_engine
                0x000057e2      0x418 contiki-z1.a(er-coap-engine.)
 .any.text.coap_init_engine
                0x00005bfa        0xc contiki-z1.a(er-coap-engine.)
                0x00005bfa                coap_init_engine
 .any.text.coap_register_as_transaction_handler
                0x00005c06        0x8 contiki-z1.a(er-coap-transac)
                0x00005c06                coap_register_as_transaction_handler
 .any.text.coap_new_transaction
                0x00005c0e       0x46 contiki-z1.a(er-coap-transac)
                0x00005c0e                coap_new_transaction
 .any.text.coap_clear_transaction
                0x00005c54       0x26 contiki-z1.a(er-coap-transac)
                0x00005c54                coap_clear_transaction
 .any.text.coap_send_transaction
                0x00005c7a       0xac contiki-z1.a(er-coap-transac)
                0x00005c7a                coap_send_transaction
 .any.text.coap_get_transaction_by_mid
                0x00005d26       0x1e contiki-z1.a(er-coap-transac)
                0x00005d26                coap_get_transaction_by_mid
 .any.text.coap_check_transactions
                0x00005d44       0x2e contiki-z1.a(er-coap-transac)
                0x00005d44                coap_check_transactions
 .any.text.coap_remove_observer
                0x00005d72       0x1c contiki-z1.a(er-coap-observe)
                0x00005d72                coap_remove_observer
 .any.text.coap_remove_observer_by_client
                0x00005d8e       0x40 contiki-z1.a(er-coap-observe)
                0x00005d8e                coap_remove_observer_by_client
 .any.text.coap_remove_observer_by_token
                0x00005dce       0x5e contiki-z1.a(er-coap-observe)
                0x00005dce                coap_remove_observer_by_token
 .any.text.coap_remove_observer_by_uri
                0x00005e2c       0x6a contiki-z1.a(er-coap-observe)
                0x00005e2c                coap_remove_observer_by_uri
 .any.text.coap_add_observer
                0x00005e96       0x5c contiki-z1.a(er-coap-observe)
                0x00005e96                coap_add_observer
 .any.text.coap_remove_observer_by_mid
                0x00005ef2       0x48 contiki-z1.a(er-coap-observe)
                0x00005ef2                coap_remove_observer_by_mid
 .any.text.coap_notify_observers
                0x00005f3a       0xdc contiki-z1.a(er-coap-observe)
                0x00005f3a                coap_notify_observers
 .any.text.coap_observe_handler
                0x00006016       0xb6 contiki-z1.a(er-coap-observe)
                0x00006016                coap_observe_handler
 .any.text.well_known_core_get_handler
                0x000060cc      0x25a contiki-z1.a(er-coap-res-wel)
                0x000060cc                well_known_core_get_handler
 .any.text.process_thread_rest_engine_process
                0x00006326       0xc0 contiki-z1.a(rest-engine.o)
 .any.text.rest_invoke_restful_service
                0x000063e6      0x11c contiki-z1.a(rest-engine.o)
                0x000063e6                rest_invoke_restful_service
 .any.text.rest_init_engine
                0x00006502       0x26 contiki-z1.a(rest-engine.o)
                0x00006502                rest_init_engine
 .any.text.rest_activate_resource
                0x00006528       0x3e contiki-z1.a(rest-engine.o)
                0x00006528                rest_activate_resource
 .any.text.rest_get_resources
                0x00006566        0x6 contiki-z1.a(rest-engine.o)
                0x00006566                rest_get_resources
 .any.text.init_platform
                0x0000656c        0xc contiki-z1.a(contiki-z1-plat)
                0x0000656c                init_platform
 .any.text.msp430_init_dco
                0x00006578       0x28 contiki-z1.a(msp430.o)
                0x00006578                msp430_init_dco
 .any.text.splhigh_
                0x000065a0        0x8 contiki-z1.a(msp430.o)
                0x000065a0                splhigh_
 .any.text.msp430_sync_dco
                0x000065a8       0x6e contiki-z1.a(msp430.o)
                0x000065a8                msp430_sync_dco
 .any.text.msp430_cpu_init
                0x00006616       0x2a contiki-z1.a(msp430.o)
                0x00006616                msp430_cpu_init
 .any.text.show_leds
                0x00006640       0xe8 contiki-z1.a(leds.o)
 .any.text.leds_init
                0x00006728        0xa contiki-z1.a(leds.o)
                0x00006728                leds_init
 .any.text.leds_on
                0x00006732        0xa contiki-z1.a(leds.o)
                0x00006732                leds_on
 .any.text.leds_off
                0x0000673c        0xe contiki-z1.a(leds.o)
                0x0000673c                leds_off
 .any.text.watchdog_start
                0x0000674a       0x14 contiki-z1.a(watchdog.o)
                0x0000674a                watchdog_start
 .any.text.watchdog_periodic
                0x0000675e       0x12 contiki-z1.a(watchdog.o)
                0x0000675e                watchdog_periodic
 .any.text.watchdog_stop
                0x00006770       0x16 contiki-z1.a(watchdog.o)
                0x00006770                watchdog_stop
 .any.text.watchdog_init
                0x00006786       0x12 contiki-z1.a(watchdog.o)
                0x00006786                watchdog_init
 .any.text.wait_ready
                0x00006798       0x46 contiki-z1.a(xmem.o)
 .any.text.xmem_init
                0x000067de       0x1e contiki-z1.a(xmem.o)
                0x000067de                xmem_init
 .any.text.xmem_pread
                0x000067fc       0xc2 contiki-z1.a(xmem.o)
                0x000067fc                xmem_pread
 .any.text.spi_init
                0x000068be       0x32 contiki-z1.a(spi.o)
                0x000068be                spi_init
 .any.text.get_object
                0x000068f0        0x4 contiki-z1.a(cc2420.o)
 .any.text.set_object
                0x000068f4        0x4 contiki-z1.a(cc2420.o)
 .any.text.strobe
                0x000068f8       0x1a contiki-z1.a(cc2420.o)
 .any.text.getreg
                0x00006912       0x46 contiki-z1.a(cc2420.o)
 .any.text.setreg
                0x00006958       0x44 contiki-z1.a(cc2420.o)
 .any.text.write_ram
                0x0000699c       0x72 contiki-z1.a(cc2420.o)
 .any.text.write_fifo_buf
                0x00006a0e       0x38 contiki-z1.a(cc2420.o)
 .any.text.get_status
                0x00006a46       0x1e contiki-z1.a(cc2420.o)
 .any.text.set_txpower
                0x00006a64       0x24 contiki-z1.a(cc2420.o)
 .any.text.cc2420_receiving_packet
                0x00006a88        0xa contiki-z1.a(cc2420.o)
 .any.text.pending_packet
                0x00006a92        0xa contiki-z1.a(cc2420.o)
 .any.text.on   0x00006a9c       0x1e contiki-z1.a(cc2420.o)
 .any.text.wait_for_transmission
                0x00006aba       0x22 contiki-z1.a(cc2420.o)
 .any.text.wait_for_status
                0x00006adc       0x24 contiki-z1.a(cc2420.o)
 .any.text.getrxdata
                0x00006b00       0x4c contiki-z1.a(cc2420.o)
 .any.text.flushrx
                0x00006b4c       0x1a contiki-z1.a(cc2420.o)
 .any.text.off  0x00006b66       0x52 contiki-z1.a(cc2420.o)
 .any.text.RELEASE_LOCK
                0x00006bb8       0x28 contiki-z1.a(cc2420.o)
 .any.text.cc2420_prepare
                0x00006be0       0x38 contiki-z1.a(cc2420.o)
 .any.text.cc2420_on
                0x00006c18       0x22 contiki-z1.a(cc2420.o)
                0x00006c18                cc2420_on
 .any.text.cc2420_off
                0x00006c3a       0x30 contiki-z1.a(cc2420.o)
                0x00006c3a                cc2420_off
 .any.text.cc2420_cca
                0x00006c6a       0x54 contiki-z1.a(cc2420.o)
 .any.text.cc2420_read
                0x00006cbe       0xa8 contiki-z1.a(cc2420.o)
 .any.text.process_thread_cc2420_process
                0x00006d66       0x54 contiki-z1.a(cc2420.o)
 .any.text.cc2420_set_channel
                0x00006dba       0x3a contiki-z1.a(cc2420.o)
                0x00006dba                cc2420_set_channel
 .any.text.cc2420_set_pan_addr
                0x00006df4       0x4c contiki-z1.a(cc2420.o)
                0x00006df4                cc2420_set_pan_addr
 .any.text.cc2420_interrupt
                0x00006e40       0x16 contiki-z1.a(cc2420.o)
                0x00006e40                cc2420_interrupt
 .any.text.cc2420_set_txpower
                0x00006e56        0xe contiki-z1.a(cc2420.o)
                0x00006e56                cc2420_set_txpower
 .any.text.cc2420_get_txpower
                0x00006e64       0x1e contiki-z1.a(cc2420.o)
                0x00006e64                cc2420_get_txpower
 .any.text.cc2420_transmit
                0x00006e82      0x108 contiki-z1.a(cc2420.o)
 .any.text.cc2420_send
                0x00006f8a       0x12 contiki-z1.a(cc2420.o)
 .any.text.cc2420_rssi
                0x00006f9c       0x48 contiki-z1.a(cc2420.o)
                0x00006f9c                cc2420_rssi
 .any.text.get_value
                0x00006fe4       0xa8 contiki-z1.a(cc2420.o)
 .any.text.cc2420_set_cca_threshold
                0x0000708c       0x16 contiki-z1.a(cc2420.o)
                0x0000708c                cc2420_set_cca_threshold
 .any.text.set_value
                0x000070a2       0x80 contiki-z1.a(cc2420.o)
 .any.text.cc2420_init
                0x00007122       0xd8 contiki-z1.a(cc2420.o)
                0x00007122                cc2420_init
 .any.text.cc2420_arch_init
                0x000071fa       0x1a contiki-z1.a(cc2420-arch.o)
                0x000071fa                cc2420_arch_init
 .any.text.node_id_restore
                0x00007214       0x4c contiki-z1.a(node-id.o)
                0x00007214                node_id_restore
 .any.text.process_thread_sensors_process
                0x00007260       0xc2 contiki-z1.a(sensors.o)
 .any.text.sensors_changed
                0x00007322       0x2a contiki-z1.a(sensors.o)
                0x00007322                sensors_changed
 .any.text.status
                0x0000734c       0x18 contiki-z1.a(button-sensor.o)
 .any.text.value
                0x00007364       0x20 contiki-z1.a(button-sensor.o)
 .any.text.configure
                0x00007384       0x4e contiki-z1.a(button-sensor.o)
 .any.text.uart0_active
                0x000073d2        0xe contiki-z1.a(uart0.o)
                0x000073d2                uart0_active
 .any.text.uart0_writeb
                0x000073e0       0x16 contiki-z1.a(uart0.o)
                0x000073e0                uart0_writeb
 .any.text.uart0_init
                0x000073f6       0x40 contiki-z1.a(uart0.o)
                0x000073f6                uart0_init
 .any.text.putchar
                0x00007436       0x10 contiki-z1.a(uart0-putchar.o)
                0x00007436                putchar
 .any.text.accm_write_reg
                0x00007446       0x2e contiki-z1.a(adxl345.o)
                0x00007446                accm_write_reg
 .any.text.accm_write_stream
                0x00007474       0x2a contiki-z1.a(adxl345.o)
                0x00007474                accm_write_stream
 .any.text.accm_read_reg
                0x0000749e       0x54 contiki-z1.a(adxl345.o)
                0x0000749e                accm_read_reg
 .any.text.process_thread_accmeter_process
                0x000074f2       0x56 contiki-z1.a(adxl345.o)
 .any.text.accm_init
                0x00007548       0x8c contiki-z1.a(adxl345.o)
                0x00007548                accm_init
 .any.text.clock_time
                0x000075d4       0x1a contiki-z1.a(clock.o)
                0x000075d4                clock_time
 .any.text.clock_init
                0x000075ee       0x28 contiki-z1.a(clock.o)
                0x000075ee                clock_init
 .any.text.clock_delay
                0x00007616        0xc contiki-z1.a(clock.o)
                0x00007616                clock_delay
 .any.text.clock_wait
                0x00007622       0x24 contiki-z1.a(clock.o)
                0x00007622                clock_wait
 .any.text.clock_seconds
                0x00007646       0x1a contiki-z1.a(clock.o)
                0x00007646                clock_seconds
 .any.text.leds_arch_init
                0x00007660        0xe contiki-z1.a(leds-arch.o)
                0x00007660                leds_arch_init
 .any.text.leds_arch_set
                0x0000766e       0x38 contiki-z1.a(leds-arch.o)
                0x0000766e                leds_arch_set
 .any.text.rtimer_arch_init
                0x000076a6        0xe contiki-z1.a(rtimer-arch.o)
                0x000076a6                rtimer_arch_init
 .any.text.rtimer_arch_now
                0x000076b4        0xe contiki-z1.a(rtimer-arch.o)
                0x000076b4                rtimer_arch_now
 .any.text.rtimer_arch_schedule
                0x000076c2        0x6 contiki-z1.a(rtimer-arch.o)
                0x000076c2                rtimer_arch_schedule
 .any.text.autostart_start
                0x000076c8       0x16 contiki-z1.a(autostart.o)
                0x000076c8                autostart_start
 .any.text.process_thread_ctimer_process
                0x000076de       0xa0 contiki-z1.a(ctimer.o)
 .any.text.ctimer_init
                0x0000777e       0x18 contiki-z1.a(ctimer.o)
                0x0000777e                ctimer_init
 .any.text.ctimer_set
                0x00007796       0x48 contiki-z1.a(ctimer.o)
                0x00007796                ctimer_set
 .any.text.ctimer_reset
                0x000077de       0x2c contiki-z1.a(ctimer.o)
                0x000077de                ctimer_reset
 .any.text.ctimer_stop
                0x0000780a       0x28 contiki-z1.a(ctimer.o)
                0x0000780a                ctimer_stop
 .any.text.energest_init
                0x00007832       0x24 contiki-z1.a(energest.o)
                0x00007832                energest_init
 .any.text.energest_type_time
                0x00007856       0x3c contiki-z1.a(energest.o)
                0x00007856                energest_type_time
 .any.text.energest_type_set
                0x00007892        0xc contiki-z1.a(energest.o)
                0x00007892                energest_type_set
 .any.text.energest_flush
                0x0000789e       0x38 contiki-z1.a(energest.o)
                0x0000789e                energest_flush
 .any.text.update_time
                0x000078d6       0x70 contiki-z1.a(etimer.o)
 .any.text.etimer_request_poll
                0x00007946        0xa contiki-z1.a(etimer.o)
                0x00007946                etimer_request_poll
 .any.text.process_thread_etimer_process
                0x00007950       0xc4 contiki-z1.a(etimer.o)
 .any.text.add_timer
                0x00007a14       0x40 contiki-z1.a(etimer.o)
 .any.text.etimer_set
                0x00007a54       0x12 contiki-z1.a(etimer.o)
                0x00007a54                etimer_set
 .any.text.etimer_reset
                0x00007a66       0x12 contiki-z1.a(etimer.o)
                0x00007a66                etimer_reset
 .any.text.etimer_restart
                0x00007a78       0x12 contiki-z1.a(etimer.o)
                0x00007a78                etimer_restart
 .any.text.etimer_expired
                0x00007a8a        0xe contiki-z1.a(etimer.o)
                0x00007a8a                etimer_expired
 .any.text.etimer_expiration_time
                0x00007a98       0x14 contiki-z1.a(etimer.o)
                0x00007a98                etimer_expiration_time
 .any.text.etimer_pending
                0x00007aac        0xc contiki-z1.a(etimer.o)
                0x00007aac                etimer_pending
 .any.text.etimer_next_expiration_time
                0x00007ab8       0x16 contiki-z1.a(etimer.o)
                0x00007ab8                etimer_next_expiration_time
 .any.text.etimer_stop
                0x00007ace       0x3e contiki-z1.a(etimer.o)
                0x00007ace                etimer_stop
 .any.text.call_process
                0x00007b0c       0x40 contiki-z1.a(process.o)
 .any.text.exit_process
                0x00007b4c       0x88 contiki-z1.a(process.o)
 .any.text.do_poll
                0x00007bd4       0x30 contiki-z1.a(process.o)
 .any.text.process_alloc_event
                0x00007c04        0xe contiki-z1.a(process.o)
                0x00007c04                process_alloc_event
 .any.text.process_init
                0x00007c12       0x1c contiki-z1.a(process.o)
                0x00007c12                process_init
 .any.text.process_run
                0x00007c2e       0xa4 contiki-z1.a(process.o)
                0x00007c2e                process_run
 .any.text.process_nevents
                0x00007cd2        0xe contiki-z1.a(process.o)
                0x00007cd2                process_nevents
 .any.text.process_post
                0x00007ce0       0x50 contiki-z1.a(process.o)
                0x00007ce0                process_post
 .any.text.process_post_synch
                0x00007d30       0x12 contiki-z1.a(process.o)
                0x00007d30                process_post_synch
 .any.text.process_start
                0x00007d42       0x36 contiki-z1.a(process.o)
                0x00007d42                process_start
 .any.text.process_poll
                0x00007d78       0x18 contiki-z1.a(process.o)
                0x00007d78                process_poll
 .any.text.rtimer_init
                0x00007d90        0x6 contiki-z1.a(rtimer.o)
                0x00007d90                rtimer_init
 .any.text.rtimer_run_next
                0x00007d96       0x26 contiki-z1.a(rtimer.o)
                0x00007d96                rtimer_run_next
 .any.text.timer_set
                0x00007dbc       0x1c contiki-z1.a(timer.o)
                0x00007dbc                timer_set
 .any.text.timer_reset
                0x00007dd8        0xe contiki-z1.a(timer.o)
                0x00007dd8                timer_reset
 .any.text.timer_restart
                0x00007de6       0x14 contiki-z1.a(timer.o)
                0x00007de6                timer_restart
 .any.text.timer_expired
                0x00007dfa       0x2a contiki-z1.a(timer.o)
                0x00007dfa                timer_expired
 .any.text.list_init
                0x00007e24        0x6 contiki-z1.a(list.o)
                0x00007e24                list_init
 .any.text.list_head
                0x00007e2a        0x4 contiki-z1.a(list.o)
                0x00007e2a                list_head
 .any.text.list_tail
                0x00007e2e       0x12 contiki-z1.a(list.o)
                0x00007e2e                list_tail
 .any.text.list_remove
                0x00007e40       0x34 contiki-z1.a(list.o)
                0x00007e40                list_remove
 .any.text.list_push
                0x00007e74       0x16 contiki-z1.a(list.o)
                0x00007e74                list_push
 .any.text.list_add
                0x00007e8a       0x26 contiki-z1.a(list.o)
                0x00007e8a                list_add
 .any.text.list_length
                0x00007eb0       0x10 contiki-z1.a(list.o)
                0x00007eb0                list_length
 .any.text.list_item_next
                0x00007ec0        0xc contiki-z1.a(list.o)
                0x00007ec0                list_item_next
 .any.text.memb_init
                0x00007ecc       0x36 contiki-z1.a(memb.o)
                0x00007ecc                memb_init
 .any.text.memb_alloc
                0x00007f02       0x3e contiki-z1.a(memb.o)
                0x00007f02                memb_alloc
 .any.text.memb_free
                0x00007f40       0x3a contiki-z1.a(memb.o)
                0x00007f40                memb_free
 .any.text.memb_inmemb
                0x00007f7a       0x2a contiki-z1.a(memb.o)
                0x00007f7a                memb_inmemb
 .any.text.memb_numfree
                0x00007fa4       0x26 contiki-z1.a(memb.o)
                0x00007fa4                memb_numfree
 .any.text.random_rand
                0x00007fca        0x6 contiki-z1.a(random.o)
                0x00007fca                random_rand
 .any.text.set_packet_attrs
                0x00007fd0       0x46 contiki-z1.a(sicslowpan.o)
 .any.text.addr_context_lookup_by_number
                0x00008016       0x30 contiki-z1.a(sicslowpan.o)
 .any.text.compress_addr_64
                0x00008046       0x9a contiki-z1.a(sicslowpan.o)
 .any.text.uncompress_addr
                0x000080e0       0x96 contiki-z1.a(sicslowpan.o)
 .any.text.input
                0x00008176      0x5e2 contiki-z1.a(sicslowpan.o)
 .any.text.sicslowpan_init
                0x00008758       0x26 contiki-z1.a(sicslowpan.o)
                0x00008758                sicslowpan_init
 .any.text.addr_context_lookup_by_prefix
                0x0000877e       0x4a contiki-z1.a(sicslowpan.o)
 .any.text.packet_sent
                0x000087c8       0x22 contiki-z1.a(sicslowpan.o)
 .any.text.send_packet
                0x000087ea       0x1a contiki-z1.a(sicslowpan.o)
 .any.text.output
                0x00008804      0x684 contiki-z1.a(sicslowpan.o)
 .any.text.chksum
                0x00008e88       0x32 contiki-z1.a(uip6.o)
 .any.text.upper_layer_chksum
                0x00008eba       0x56 contiki-z1.a(uip6.o)
 .any.text.ext_hdr_options_process
                0x00008f10       0xc2 contiki-z1.a(uip6.o)
 .any.text.uip_add32
                0x00008fd2       0x60 contiki-z1.a(uip6.o)
                0x00008fd2                uip_add32
 .any.text.uip_add_rcv_nxt
                0x00009032       0x2e contiki-z1.a(uip6.o)
 .any.text.uip_icmp6chksum
                0x00009060        0xa contiki-z1.a(uip6.o)
                0x00009060                uip_icmp6chksum
 .any.text.uip_tcpchksum
                0x0000906a        0xa contiki-z1.a(uip6.o)
                0x0000906a                uip_tcpchksum
 .any.text.uip_udpchksum
                0x00009074        0xa contiki-z1.a(uip6.o)
                0x00009074                uip_udpchksum
 .any.text.uip_init
                0x0000907e       0x62 contiki-z1.a(uip6.o)
                0x0000907e                uip_init
 .any.text.remove_ext_hdr
                0x000090e0       0x54 contiki-z1.a(uip6.o)
                0x000090e0                remove_ext_hdr
 .any.text.uip_udp_new
                0x00009134       0xb8 contiki-z1.a(uip6.o)
                0x00009134                uip_udp_new
 .any.text.uip_unlisten
                0x000091ec       0x2a contiki-z1.a(uip6.o)
                0x000091ec                uip_unlisten
 .any.text.uip_process
                0x00009216      0xdfe contiki-z1.a(uip6.o)
                0x00009216                uip_process
 .any.text.uip_htonl
                0x0000a014       0x2a contiki-z1.a(uip6.o)
                0x0000a014                uip_htonl
 .any.text.uip_ds6_list_loop
                0x0000a03e       0x66 contiki-z1.a(uip-ds6.o)
                0x0000a03e                uip_ds6_list_loop
 .any.text.uip_ds6_prefix_add
                0x0000a0a4       0x70 contiki-z1.a(uip-ds6.o)
                0x0000a0a4                uip_ds6_prefix_add
 .any.text.uip_ds6_is_addr_onlink
                0x0000a114       0x42 contiki-z1.a(uip-ds6.o)
                0x0000a114                uip_ds6_is_addr_onlink
 .any.text.uip_ds6_addr_lookup
                0x0000a156       0x2a contiki-z1.a(uip-ds6.o)
                0x0000a156                uip_ds6_addr_lookup
 .any.text.uip_ds6_get_link_local
                0x0000a180       0x3e contiki-z1.a(uip-ds6.o)
                0x0000a180                uip_ds6_get_link_local
 .any.text.uip_ds6_maddr_add
                0x0000a1be       0x48 contiki-z1.a(uip-ds6.o)
                0x0000a1be                uip_ds6_maddr_add
 .any.text.uip_ds6_addr_add
                0x0000a206       0xb4 contiki-z1.a(uip-ds6.o)
                0x0000a206                uip_ds6_addr_add
 .any.text.uip_ds6_maddr_rm
                0x0000a2ba        0xa contiki-z1.a(uip-ds6.o)
                0x0000a2ba                uip_ds6_maddr_rm
 .any.text.uip_ds6_maddr_lookup
                0x0000a2c4       0x2a contiki-z1.a(uip-ds6.o)
                0x0000a2c4                uip_ds6_maddr_lookup
 .any.text.uip_ds6_addr_rm
                0x0000a2ee       0x54 contiki-z1.a(uip-ds6.o)
                0x0000a2ee                uip_ds6_addr_rm
 .any.text.uip_ds6_periodic
                0x0000a342       0x4a contiki-z1.a(uip-ds6.o)
                0x0000a342                uip_ds6_periodic
 .any.text.uip_ds6_set_addr_iid
                0x0000a38c       0x14 contiki-z1.a(uip-ds6.o)
                0x0000a38c                uip_ds6_set_addr_iid
 .any.text.get_match_length
                0x0000a3a0       0x3c contiki-z1.a(uip-ds6.o)
                0x0000a3a0                get_match_length
 .any.text.uip_ds6_select_src
                0x0000a3dc       0x9a contiki-z1.a(uip-ds6.o)
                0x0000a3dc                uip_ds6_select_src
 .any.text.uip_ds6_compute_reachable_time
                0x0000a476       0x36 contiki-z1.a(uip-ds6.o)
                0x0000a476                uip_ds6_compute_reachable_time
 .any.text.uip_ds6_init
                0x0000a4ac      0x138 contiki-z1.a(uip-ds6.o)
                0x0000a4ac                uip_ds6_init
 .any.text.uip_ds6_nbr_rm
                0x0000a5e4       0x1a contiki-z1.a(uip-ds6-nbr.o)
                0x0000a5e4                uip_ds6_nbr_rm
 .any.text.uip_ds6_neighbors_init
                0x0000a5fe        0xe contiki-z1.a(uip-ds6-nbr.o)
                0x0000a5fe                uip_ds6_neighbors_init
 .any.text.uip_ds6_nbr_add
                0x0000a60c       0x54 contiki-z1.a(uip-ds6-nbr.o)
                0x0000a60c                uip_ds6_nbr_add
 .any.text.uip_ds6_nbr_get_ll
                0x0000a660        0xc contiki-z1.a(uip-ds6-nbr.o)
                0x0000a660                uip_ds6_nbr_get_ll
 .any.text.uip_ds6_nbr_lookup
                0x0000a66c       0x3e contiki-z1.a(uip-ds6-nbr.o)
                0x0000a66c                uip_ds6_nbr_lookup
 .any.text.uip_ds6_nbr_ll_lookup
                0x0000a6aa        0xc contiki-z1.a(uip-ds6-nbr.o)
                0x0000a6aa                uip_ds6_nbr_ll_lookup
 .any.text.uip_ds6_nbr_ipaddr_from_lladdr
                0x0000a6b6        0x6 contiki-z1.a(uip-ds6-nbr.o)
                0x0000a6b6                uip_ds6_nbr_ipaddr_from_lladdr
 .any.text.uip_ds6_nbr_lladdr_from_ipaddr
                0x0000a6bc       0x12 contiki-z1.a(uip-ds6-nbr.o)
                0x0000a6bc                uip_ds6_nbr_lladdr_from_ipaddr
 .any.text.uip_ds6_link_neighbor_callback
                0x0000a6ce       0x26 contiki-z1.a(uip-ds6-nbr.o)
                0x0000a6ce                uip_ds6_link_neighbor_callback
 .any.text.uip_ds6_neighbor_periodic
                0x0000a6f4      0x11e contiki-z1.a(uip-ds6-nbr.o)
                0x0000a6f4                uip_ds6_neighbor_periodic
 .any.text.call_route_callback
                0x0000a812       0x40 contiki-z1.a(uip-ds6-route.o)
 .any.text.uip_ds6_route_init
                0x0000a852       0x36 contiki-z1.a(uip-ds6-route.o)
                0x0000a852                uip_ds6_route_init
 .any.text.uip_ds6_route_nexthop
                0x0000a888       0x1a contiki-z1.a(uip-ds6-route.o)
                0x0000a888                uip_ds6_route_nexthop
 .any.text.uip_ds6_route_head
                0x0000a8a2        0xa contiki-z1.a(uip-ds6-route.o)
                0x0000a8a2                uip_ds6_route_head
 .any.text.uip_ds6_route_next
                0x0000a8ac        0xe contiki-z1.a(uip-ds6-route.o)
                0x0000a8ac                uip_ds6_route_next
 .any.text.uip_ds6_route_lookup
                0x0000a8ba       0x6e contiki-z1.a(uip-ds6-route.o)
                0x0000a8ba                uip_ds6_route_lookup
 .any.text.uip_ds6_route_rm
                0x0000a928       0xa2 contiki-z1.a(uip-ds6-route.o)
                0x0000a928                uip_ds6_route_rm
 .any.text.rm_routelist
                0x0000a9ca       0x34 contiki-z1.a(uip-ds6-route.o)
 .any.text.rm_routelist_callback
                0x0000a9fe        0x6 contiki-z1.a(uip-ds6-route.o)
 .any.text.uip_ds6_route_add
                0x0000aa04       0xf8 contiki-z1.a(uip-ds6-route.o)
                0x0000aa04                uip_ds6_route_add
 .any.text.uip_ds6_defrt_rm
                0x0000aafc       0x44 contiki-z1.a(uip-ds6-route.o)
                0x0000aafc                uip_ds6_defrt_rm
 .any.text.uip_ds6_defrt_lookup
                0x0000ab40       0x32 contiki-z1.a(uip-ds6-route.o)
                0x0000ab40                uip_ds6_defrt_lookup
 .any.text.uip_ds6_defrt_add
                0x0000ab72       0x68 contiki-z1.a(uip-ds6-route.o)
                0x0000ab72                uip_ds6_defrt_add
 .any.text.uip_ds6_defrt_choose
                0x0000abda       0x36 contiki-z1.a(uip-ds6-route.o)
                0x0000abda                uip_ds6_defrt_choose
 .any.text.uip_ds6_defrt_periodic
                0x0000ac10       0x38 contiki-z1.a(uip-ds6-route.o)
                0x0000ac10                uip_ds6_defrt_periodic
 .any.text.echo_reply_input
                0x0000ac48      0x108 contiki-z1.a(uip-icmp6.o)
 .any.text.echo_request_input
                0x0000ad50      0x128 contiki-z1.a(uip-icmp6.o)
 .any.text.uip_icmp6_input
                0x0000ae78       0x44 contiki-z1.a(uip-icmp6.o)
                0x0000ae78                uip_icmp6_input
 .any.text.uip_icmp6_register_input_handler
                0x0000aebc        0xc contiki-z1.a(uip-icmp6.o)
                0x0000aebc                uip_icmp6_register_input_handler
 .any.text.uip_icmp6_error_output
                0x0000aec8      0x16c contiki-z1.a(uip-icmp6.o)
                0x0000aec8                uip_icmp6_error_output
 .any.text.uip_icmp6_send
                0x0000b034       0x84 contiki-z1.a(uip-icmp6.o)
                0x0000b034                uip_icmp6_send
 .any.text.uip_icmp6_init
                0x0000b0b8       0x12 contiki-z1.a(uip-icmp6.o)
                0x0000b0b8                uip_icmp6_init
 .any.text.na_input
                0x0000b0ca      0x1a0 contiki-z1.a(uip-nd6.o)
 .any.text.ns_input
                0x0000b26a      0x246 contiki-z1.a(uip-nd6.o)
 .any.text.uip_nd6_ns_output
                0x0000b4b0      0x176 contiki-z1.a(uip-nd6.o)
                0x0000b4b0                uip_nd6_ns_output
 .any.text.uip_nd6_init
                0x0000b626       0x12 contiki-z1.a(uip-nd6.o)
                0x0000b626                uip_nd6_init
 .any.text.start_periodic_tcp_timer
                0x0000b638       0x16 contiki-z1.a(tcpip.o)
 .any.text.tcpip_output
                0x0000b64e       0x10 contiki-z1.a(tcpip.o)
                0x0000b64e                tcpip_output
 .any.text.tcpip_set_outputfunc
                0x0000b65e        0x6 contiki-z1.a(tcpip.o)
                0x0000b65e                tcpip_set_outputfunc
 .any.text.udp_new
                0x0000b664       0x1a contiki-z1.a(tcpip.o)
                0x0000b664                udp_new
 .any.text.tcpip_input
                0x0000b67e       0x16 contiki-z1.a(tcpip.o)
                0x0000b67e                tcpip_input
 .any.text.tcpip_ipv6_output
                0x0000b694      0x14e contiki-z1.a(tcpip.o)
                0x0000b694                tcpip_ipv6_output
 .any.text.process_thread_tcpip_process
                0x0000b7e2      0x1ba contiki-z1.a(tcpip.o)
 .any.text.tcpip_uipcall
                0x0000b99c       0x70 contiki-z1.a(tcpip.o)
                0x0000b99c                tcpip_uipcall
 .any.text.uip_debug_ipaddr_print
                0x0000ba0c       0x72 contiki-z1.a(uip-debug.o)
                0x0000ba0c                uip_debug_ipaddr_print
 .any.text.uip_udp_packet_send
                0x0000ba7e       0x2e contiki-z1.a(uip-udp-packet.)
                0x0000ba7e                uip_udp_packet_send
 .any.text.rpl_get_mode
                0x0000baac        0x6 contiki-z1.a(rpl.o)
                0x0000baac                rpl_get_mode
 .any.text.rpl_purge_routes
                0x0000bab2       0x96 contiki-z1.a(rpl.o)
                0x0000bab2                rpl_purge_routes
 .any.text.rpl_remove_routes
                0x0000bb48       0x22 contiki-z1.a(rpl.o)
                0x0000bb48                rpl_remove_routes
 .any.text.rpl_remove_routes_by_nexthop
                0x0000bb6a       0x3e contiki-z1.a(rpl.o)
                0x0000bb6a                rpl_remove_routes_by_nexthop
 .any.text.rpl_add_route
                0x0000bba8       0x48 contiki-z1.a(rpl.o)
                0x0000bba8                rpl_add_route
 .any.text.rpl_link_neighbor_callback
                0x0000bbf0       0x74 contiki-z1.a(rpl.o)
                0x0000bbf0                rpl_link_neighbor_callback
 .any.text.rpl_ipv6_neighbor_callback
                0x0000bc64       0x1e contiki-z1.a(rpl.o)
                0x0000bc64                rpl_ipv6_neighbor_callback
 .any.text.rpl_init
                0x0000bc82       0x4a contiki-z1.a(rpl.o)
                0x0000bc82                rpl_init
 .any.text.lollipop_greater_than
                0x0000bccc       0x3c contiki-z1.a(rpl-dag.o)
 .any.text.find_parent_any_dag_any_instance
                0x0000bd08       0x14 contiki-z1.a(rpl-dag.o)
 .any.text.rpl_set_preferred_parent
                0x0000bd1c       0x2c contiki-z1.a(rpl-dag.o)
 .any.text.set_ip_from_prefix
                0x0000bd48       0x30 contiki-z1.a(rpl-dag.o)
 .any.text.check_prefix
                0x0000bd78       0x70 contiki-z1.a(rpl-dag.o)
 .any.text.rpl_get_nbr
                0x0000bde8       0x1e contiki-z1.a(rpl-dag.o)
                0x0000bde8                rpl_get_nbr
 .any.text.rpl_dag_init
                0x0000be06        0xe contiki-z1.a(rpl-dag.o)
                0x0000be06                rpl_dag_init
 .any.text.rpl_get_parent
                0x0000be14        0xc contiki-z1.a(rpl-dag.o)
                0x0000be14                rpl_get_parent
 .any.text.rpl_get_parent_ipaddr
                0x0000be20       0x10 contiki-z1.a(rpl-dag.o)
                0x0000be20                rpl_get_parent_ipaddr
 .any.text.rpl_set_prefix
                0x0000be30       0x74 contiki-z1.a(rpl-dag.o)
                0x0000be30                rpl_set_prefix
 .any.text.rpl_set_default_route
                0x0000bea4       0x60 contiki-z1.a(rpl-dag.o)
                0x0000bea4                rpl_set_default_route
 .any.text.rpl_alloc_instance
                0x0000bf04       0x34 contiki-z1.a(rpl-dag.o)
                0x0000bf04                rpl_alloc_instance
 .any.text.rpl_add_parent
                0x0000bf38       0x4e contiki-z1.a(rpl-dag.o)
                0x0000bf38                rpl_add_parent
 .any.text.rpl_find_parent
                0x0000bf86       0x1c contiki-z1.a(rpl-dag.o)
                0x0000bf86                rpl_find_parent
 .any.text.rpl_find_parent_any_dag
                0x0000bfa2       0x24 contiki-z1.a(rpl-dag.o)
                0x0000bfa2                rpl_find_parent_any_dag
 .any.text.rpl_select_parent
                0x0000bfc6       0x76 contiki-z1.a(rpl-dag.o)
                0x0000bfc6                rpl_select_parent
 .any.text.rpl_select_dag
                0x0000c03c      0x196 contiki-z1.a(rpl-dag.o)
                0x0000c03c                rpl_select_dag
 .any.text.rpl_nullify_parent
                0x0000c1d2       0x50 contiki-z1.a(rpl-dag.o)
                0x0000c1d2                rpl_nullify_parent
 .any.text.rpl_remove_parent
                0x0000c222       0x16 contiki-z1.a(rpl-dag.o)
                0x0000c222                rpl_remove_parent
 .any.text.nbr_callback
                0x0000c238        0x6 contiki-z1.a(rpl-dag.o)
 .any.text.remove_parents.constprop.5
                0x0000c23e       0x2e contiki-z1.a(rpl-dag.o)
 .any.text.rpl_move_parent
                0x0000c26c       0x52 contiki-z1.a(rpl-dag.o)
                0x0000c26c                rpl_move_parent
 .any.text.rpl_get_any_dag
                0x0000c2be       0x16 contiki-z1.a(rpl-dag.o)
                0x0000c2be                rpl_get_any_dag
 .any.text.rpl_get_instance
                0x0000c2d4       0x16 contiki-z1.a(rpl-dag.o)
                0x0000c2d4                rpl_get_instance
 .any.text.rpl_alloc_dag
                0x0000c2ea       0x60 contiki-z1.a(rpl-dag.o)
                0x0000c2ea                rpl_alloc_dag
 .any.text.rpl_repair_root
                0x0000c34a       0x4c contiki-z1.a(rpl-dag.o)
                0x0000c34a                rpl_repair_root
 .any.text.rpl_find_of
                0x0000c396       0x10 contiki-z1.a(rpl-dag.o)
                0x0000c396                rpl_find_of
 .any.text.rpl_join_instance
                0x0000c3a6      0x128 contiki-z1.a(rpl-dag.o)
                0x0000c3a6                rpl_join_instance
 .any.text.rpl_local_repair
                0x0000c4ce       0x68 contiki-z1.a(rpl-dag.o)
                0x0000c4ce                rpl_local_repair
 .any.text.rpl_process_parent_event
                0x0000c536       0x6c contiki-z1.a(rpl-dag.o)
                0x0000c536                rpl_process_parent_event
 .any.text.rpl_recalculate_ranks
                0x0000c5a2       0x46 contiki-z1.a(rpl-dag.o)
                0x0000c5a2                rpl_recalculate_ranks
 .any.text.rpl_add_dag
                0x0000c5e8      0x102 contiki-z1.a(rpl-dag.o)
                0x0000c5e8                rpl_add_dag
 .any.text.rpl_process_dio
                0x0000c6ea      0x2e0 contiki-z1.a(rpl-dag.o)
                0x0000c6ea                rpl_process_dio
 .any.text.rpl_lock_parent
                0x0000c9ca        0xc contiki-z1.a(rpl-dag.o)
                0x0000c9ca                rpl_lock_parent
 .any.text.rpl_verify_header
                0x0000c9d6       0xae contiki-z1.a(rpl-ext-header.)
                0x0000c9d6                rpl_verify_header
 .any.text.rpl_update_header_empty
                0x0000ca84      0x12a contiki-z1.a(rpl-ext-header.)
                0x0000ca84                rpl_update_header_empty
 .any.text.rpl_update_header_final
                0x0000cbae       0x90 contiki-z1.a(rpl-ext-header.)
                0x0000cbae                rpl_update_header_final
 .any.text.rpl_invert_header
                0x0000cc3e       0x74 contiki-z1.a(rpl-ext-header.)
                0x0000cc3e                rpl_invert_header
 .any.text.rpl_insert_header
                0x0000ccb2       0x12 contiki-z1.a(rpl-ext-header.)
                0x0000ccb2                rpl_insert_header
 .any.text.get32
                0x0000ccc4       0x3e contiki-z1.a(rpl-icmp6.o)
 .any.text.set32
                0x0000cd02       0x2a contiki-z1.a(rpl-icmp6.o)
 .any.text.get16
                0x0000cd2c        0xe contiki-z1.a(rpl-icmp6.o)
 .any.text.set16
                0x0000cd3a       0x10 contiki-z1.a(rpl-icmp6.o)
 .any.text.dao_ack_input
                0x0000cd4a        0x6 contiki-z1.a(rpl-icmp6.o)
 .any.text.dio_input
                0x0000cd50      0x2b0 contiki-z1.a(rpl-icmp6.o)
 .any.text.dis_output
                0x0000d000       0x50 contiki-z1.a(rpl-icmp6.o)
                0x0000d000                dis_output
 .any.text.dio_output
                0x0000d050      0x242 contiki-z1.a(rpl-icmp6.o)
                0x0000d050                dio_output
 .any.text.dis_input
                0x0000d292       0x28 contiki-z1.a(rpl-icmp6.o)
 .any.text.dao_output_target
                0x0000d2ba       0xd0 contiki-z1.a(rpl-icmp6.o)
                0x0000d2ba                dao_output_target
 .any.text.dao_output
                0x0000d38a       0x68 contiki-z1.a(rpl-icmp6.o)
                0x0000d38a                dao_output
 .any.text.dao_ack_output
                0x0000d3f2       0x32 contiki-z1.a(rpl-icmp6.o)
                0x0000d3f2                dao_ack_output
 .any.text.dao_input
                0x0000d424      0x288 contiki-z1.a(rpl-icmp6.o)
 .any.text.rpl_icmp6_register_handlers
                0x0000d6ac       0x22 contiki-z1.a(rpl-icmp6.o)
                0x0000d6ac                rpl_icmp6_register_handlers
 .any.text.reset
                0x0000d6ce        0x2 contiki-z1.a(rpl-mrhof.o)
 .any.text.update_metric_container
                0x0000d6d0        0x6 contiki-z1.a(rpl-mrhof.o)
 .any.text.calculate_rank
                0x0000d6d6       0x3e contiki-z1.a(rpl-mrhof.o)
 .any.text.neighbor_link_callback
                0x0000d714       0x8c contiki-z1.a(rpl-mrhof.o)
 .any.text.best_dag
                0x0000d7a0       0x2e contiki-z1.a(rpl-mrhof.o)
 .any.text.best_parent
                0x0000d7ce       0x68 contiki-z1.a(rpl-mrhof.o)
 .any.text.new_dio_interval
                0x0000d836       0x8a contiki-z1.a(rpl-timers.o)
 .any.text.set_dao_lifetime_timer
                0x0000d8c0       0x66 contiki-z1.a(rpl-timers.o)
 .any.text.handle_periodic_timer
                0x0000d926       0x2e contiki-z1.a(rpl-timers.o)
 .any.text.schedule_dao
                0x0000d954       0x72 contiki-z1.a(rpl-timers.o)
 .any.text.handle_dio_timer
                0x0000d9c6       0x88 contiki-z1.a(rpl-timers.o)
 .any.text.handle_dao_timer
                0x0000da4e       0x64 contiki-z1.a(rpl-timers.o)
 .any.text.rpl_reset_periodic_timer
                0x0000dab2       0x54 contiki-z1.a(rpl-timers.o)
                0x0000dab2                rpl_reset_periodic_timer
 .any.text.rpl_reset_dio_timer
                0x0000db06       0x18 contiki-z1.a(rpl-timers.o)
                0x0000db06                rpl_reset_dio_timer
 .any.text.rpl_schedule_dao
                0x0000db1e        0xc contiki-z1.a(rpl-timers.o)
                0x0000db1e                rpl_schedule_dao
 .any.text.rpl_schedule_probing
                0x0000db2a       0x34 contiki-z1.a(rpl-timers.o)
                0x0000db2a                rpl_schedule_probing
 .any.text.handle_probing_timer
                0x0000db5e      0x112 contiki-z1.a(rpl-timers.o)
 .any.text.linkaddr_copy
                0x0000dc70        0x8 contiki-z1.a(linkaddr.o)
                0x0000dc70                linkaddr_copy
 .any.text.linkaddr_cmp
                0x0000dc78       0x12 contiki-z1.a(linkaddr.o)
                0x0000dc78                linkaddr_cmp
 .any.text.linkaddr_set_node_addr
                0x0000dc8a        0xc contiki-z1.a(linkaddr.o)
                0x0000dc8a                linkaddr_set_node_addr
 .any.text.item_from_index
                0x0000dc96       0x2a contiki-z1.a(nbr-table.o)
 .any.text.index_from_key
                0x0000dcc0       0x26 contiki-z1.a(nbr-table.o)
 .any.text.index_from_item
                0x0000dce6       0x1e contiki-z1.a(nbr-table.o)
 .any.text.nbr_set_bit
                0x0000dd04       0x50 contiki-z1.a(nbr-table.o)
 .any.text.index_from_lladdr
                0x0000dd54       0x3e contiki-z1.a(nbr-table.o)
 .any.text.nbr_get_bit.constprop.0
                0x0000dd92       0x2c contiki-z1.a(nbr-table.o)
 .any.text.nbr_table_register
                0x0000ddbe       0x26 contiki-z1.a(nbr-table.o)
                0x0000ddbe                nbr_table_register
 .any.text.nbr_table_next
                0x0000dde4       0x4c contiki-z1.a(nbr-table.o)
                0x0000dde4                nbr_table_next
 .any.text.nbr_table_head
                0x0000de30       0x36 contiki-z1.a(nbr-table.o)
                0x0000de30                nbr_table_head
 .any.text.nbr_table_add_lladdr
                0x0000de66      0x110 contiki-z1.a(nbr-table.o)
                0x0000de66                nbr_table_add_lladdr
 .any.text.nbr_table_get_from_lladdr
                0x0000df76       0x28 contiki-z1.a(nbr-table.o)
                0x0000df76                nbr_table_get_from_lladdr
 .any.text.nbr_table_remove
                0x0000df9e       0x2a contiki-z1.a(nbr-table.o)
                0x0000df9e                nbr_table_remove
 .any.text.nbr_table_lock
                0x0000dfc8       0x10 contiki-z1.a(nbr-table.o)
                0x0000dfc8                nbr_table_lock
 .any.text.nbr_table_unlock
                0x0000dfd8       0x10 contiki-z1.a(nbr-table.o)
                0x0000dfd8                nbr_table_unlock
 .any.text.nbr_table_get_lladdr
                0x0000dfe8       0x20 contiki-z1.a(nbr-table.o)
                0x0000dfe8                nbr_table_get_lladdr
 .any.text.packetbuf_compact
                0x0000e008       0x2e contiki-z1.a(packetbuf.o)
                0x0000e008                packetbuf_compact
 .any.text.packetbuf_copyto
                0x0000e036       0x46 contiki-z1.a(packetbuf.o)
                0x0000e036                packetbuf_copyto
 .any.text.packetbuf_hdrreduce
                0x0000e07c       0x1a contiki-z1.a(packetbuf.o)
                0x0000e07c                packetbuf_hdrreduce
 .any.text.packetbuf_set_datalen
                0x0000e096        0x6 contiki-z1.a(packetbuf.o)
                0x0000e096                packetbuf_set_datalen
 .any.text.packetbuf_dataptr
                0x0000e09c        0xe contiki-z1.a(packetbuf.o)
                0x0000e09c                packetbuf_dataptr
 .any.text.packetbuf_hdrptr
                0x0000e0aa        0xa contiki-z1.a(packetbuf.o)
                0x0000e0aa                packetbuf_hdrptr
 .any.text.packetbuf_datalen
                0x0000e0b4        0x6 contiki-z1.a(packetbuf.o)
                0x0000e0b4                packetbuf_datalen
 .any.text.packetbuf_hdrlen
                0x0000e0ba       0x10 contiki-z1.a(packetbuf.o)
                0x0000e0ba                packetbuf_hdrlen
 .any.text.packetbuf_totlen
                0x0000e0ca        0xc contiki-z1.a(packetbuf.o)
                0x0000e0ca                packetbuf_totlen
 .any.text.packetbuf_hdralloc
                0x0000e0d6       0x2a contiki-z1.a(packetbuf.o)
                0x0000e0d6                packetbuf_hdralloc
 .any.text.packetbuf_attr_clear
                0x0000e100       0x28 contiki-z1.a(packetbuf.o)
                0x0000e100                packetbuf_attr_clear
 .any.text.packetbuf_clear
                0x0000e128       0x1a contiki-z1.a(packetbuf.o)
                0x0000e128                packetbuf_clear
 .any.text.packetbuf_copyfrom
                0x0000e142       0x2a contiki-z1.a(packetbuf.o)
                0x0000e142                packetbuf_copyfrom
 .any.text.packetbuf_attr_copyto
                0x0000e16c       0x22 contiki-z1.a(packetbuf.o)
                0x0000e16c                packetbuf_attr_copyto
 .any.text.packetbuf_attr_copyfrom
                0x0000e18e       0x24 contiki-z1.a(packetbuf.o)
                0x0000e18e                packetbuf_attr_copyfrom
 .any.text.packetbuf_holds_broadcast
                0x0000e1b2        0xe contiki-z1.a(packetbuf.o)
                0x0000e1b2                packetbuf_holds_broadcast
 .any.text.queuebuf_init
                0x0000e1c0       0x12 contiki-z1.a(queuebuf.o)
                0x0000e1c0                queuebuf_init
 .any.text.queuebuf_numfree
                0x0000e1d2        0xa contiki-z1.a(queuebuf.o)
                0x0000e1d2                queuebuf_numfree
 .any.text.queuebuf_new_from_packetbuf
                0x0000e1dc       0x4e contiki-z1.a(queuebuf.o)
                0x0000e1dc                queuebuf_new_from_packetbuf
 .any.text.queuebuf_free
                0x0000e22a       0x2a contiki-z1.a(queuebuf.o)
                0x0000e22a                queuebuf_free
 .any.text.queuebuf_to_packetbuf
                0x0000e254       0x32 contiki-z1.a(queuebuf.o)
                0x0000e254                queuebuf_to_packetbuf
 .any.text.create_frame.isra.0
                0x0000e286      0x104 contiki-z1.a(framer-802154.o)
 .any.text.create
                0x0000e38a        0x8 contiki-z1.a(framer-802154.o)
 .any.text.hdr_length
                0x0000e392        0x8 contiki-z1.a(framer-802154.o)
 .any.text.parse
                0x0000e39a       0xa2 contiki-z1.a(framer-802154.o)
 .any.text.framer_canonical_create_and_secure
                0x0000e43c       0x20 contiki-z1.a(framer.o)
                0x0000e43c                framer_canonical_create_and_secure
 .any.text.send_packet
                0x0000e45c        0x6 contiki-z1.a(nullmac.o)
 .any.text.packet_input
                0x0000e462        0x6 contiki-z1.a(nullmac.o)
 .any.text.on   0x0000e468        0x6 contiki-z1.a(nullmac.o)
 .any.text.off  0x0000e46e        0x6 contiki-z1.a(nullmac.o)
 .any.text.channel_check_interval
                0x0000e474        0x4 contiki-z1.a(nullmac.o)
 .any.text.init
                0x0000e478        0x2 contiki-z1.a(nullmac.o)
 .any.text.on   0x0000e47a        0x6 contiki-z1.a(nullrdc.o)
 .any.text.channel_check_interval
                0x0000e480        0x4 contiki-z1.a(nullrdc.o)
 .any.text.init
                0x0000e484        0x6 contiki-z1.a(nullrdc.o)
 .any.text.off  0x0000e48a       0x10 contiki-z1.a(nullrdc.o)
 .any.text.packet_input
                0x0000e49a       0x28 contiki-z1.a(nullrdc.o)
 .any.text.send_one_packet
                0x0000e4c2       0x62 contiki-z1.a(nullrdc.o)
 .any.text.send_list
                0x0000e524       0x28 contiki-z1.a(nullrdc.o)
 .any.text.send_packet
                0x0000e54c        0x6 contiki-z1.a(nullrdc.o)
 .any.text.bootstrap
                0x0000e552        0x4 contiki-z1.a(nullsec.o)
 .any.text.send
                0x0000e556        0xa contiki-z1.a(nullsec.o)
 .any.text.on_frame_created
                0x0000e560        0x4 contiki-z1.a(nullsec.o)
 .any.text.input
                0x0000e564        0x6 contiki-z1.a(nullsec.o)
 .any.text.get_overhead
                0x0000e56a        0x4 contiki-z1.a(nullsec.o)
 .any.text.i2c_receiveinit
                0x0000e56e       0x36 contiki-z1.a(i2cmaster.o)
                0x0000e56e                i2c_receiveinit
 .any.text.i2c_transmitinit
                0x0000e5a4       0x30 contiki-z1.a(i2cmaster.o)
                0x0000e5a4                i2c_transmitinit
 .any.text.i2c_receive_n
                0x0000e5d4       0x3e contiki-z1.a(i2cmaster.o)
                0x0000e5d4                i2c_receive_n
 .any.text.i2c_busy
                0x0000e612        0xa contiki-z1.a(i2cmaster.o)
                0x0000e612                i2c_busy
 .any.text.i2c_enable
                0x0000e61c       0x22 contiki-z1.a(i2cmaster.o)
                0x0000e61c                i2c_enable
 .any.text.i2c_transmit_n
                0x0000e63e       0x14 contiki-z1.a(i2cmaster.o)
                0x0000e63e                i2c_transmit_n
 .any.text.stimer_set
                0x0000e652       0x1c contiki-z1.a(stimer.o)
                0x0000e652                stimer_set
 .any.text.stimer_expired
                0x0000e66e       0x30 contiki-z1.a(stimer.o)
                0x0000e66e                stimer_expired
 .any.text.field_len
                0x0000e69e       0x8c contiki-z1.a(frame802154.o)
 .any.text.frame802154_hdrlen
                0x0000e72a       0x2e contiki-z1.a(frame802154.o)
                0x0000e72a                frame802154_hdrlen
 .any.text.frame802154_create
                0x0000e758      0x112 contiki-z1.a(frame802154.o)
                0x0000e758                frame802154_create
 .any.text.frame802154_parse
                0x0000e86a      0x16c contiki-z1.a(frame802154.o)
                0x0000e86a                frame802154_parse
 .any.text.mac_call_sent_callback
                0x0000e9d6       0x14 contiki-z1.a(mac.o)
                0x0000e9d6                mac_call_sent_callback

.rodata         0x0000e9ec      0x585
                0x0000e9ec                . = ALIGN (0x2)
 *(.rodata .rodata.* .gnu.linkonce.r.*)
 .rodata.process_thread_server
                0x0000e9ec       0x17 etag-resource.co
 .rodata.res_event_post_handler
                0x0000ea03        0x6 etag-resource.co
 .rodata.res_event_get_handler
                0x0000ea09       0x58 etag-resource.co
 *fill*         0x0000ea61        0x1 00
 .rodata.autostart_processes
                0x0000ea62        0x4 etag-resource.co
                0x0000ea62                autostart_processes
 .rodata        0x0000ea66       0x2a etag-resource.co
 .rodata        0x0000ea90      0x115 obj_z1/contiki-z1-main.o
 .rodata.coap_serialize_message
                0x0000eba5       0x2f contiki-z1.a(er-coap.o)
 .rodata.coap_parse_message
                0x0000ebd4       0x5a contiki-z1.a(er-coap.o)
 .rodata        0x0000ec2e        0x1 contiki-z1.a(er-coap.o)
 .rodata.process_thread_coap_engine
                0x0000ec2f       0x52 contiki-z1.a(er-coap-engine.)
 .rodata        0x0000ec81       0x14 contiki-z1.a(er-coap-engine.)
 *fill*         0x0000ec95        0x1 00
 .rodata.coap_rest_implementation
                0x0000ec96       0xb6 contiki-z1.a(er-coap-engine.)
                0x0000ec96                coap_rest_implementation
 .rodata.coap_observe_handler
                0x0000ed4c       0x11 contiki-z1.a(er-coap-observe)
 .rodata.well_known_core_get_handler
                0x0000ed5d       0x13 contiki-z1.a(er-coap-res-wel)
 .rodata        0x0000ed70        0x6 contiki-z1.a(er-coap-res-wel)
 .rodata        0x0000ed76        0xc contiki-z1.a(rest-engine.o)
 *fill*         0x0000ed82        0x2 00
 .rodata.get_value
                0x0000ed84       0x38 contiki-z1.a(cc2420.o)
 .rodata.cc2420_driver
                0x0000edbc       0x38 contiki-z1.a(cc2420.o)
                0x0000edbc                cc2420_driver
 .rodata        0x0000edf4        0xe contiki-z1.a(cc2420.o)
 .rodata.output_power
                0x0000ee02       0x10 contiki-z1.a(cc2420.o)
 .rodata        0x0000ee12        0x8 contiki-z1.a(sensors.o)
 .rodata        0x0000ee1a        0x7 contiki-z1.a(button-sensor.o)
 *fill*         0x0000ee21        0x1 00
 .rodata.button_sensor
                0x0000ee22        0xe contiki-z1.a(button-sensor.o)
                0x0000ee22                button_sensor
 .rodata        0x0000ee30       0x16 contiki-z1.a(adxl345.o)
 .rodata        0x0000ee46        0xf contiki-z1.a(ctimer.o)
 .rodata        0x0000ee55        0xc contiki-z1.a(etimer.o)
 .rodata        0x0000ee61        0xb contiki-z1.a(sicslowpan.o)
 .rodata.sicslowpan_driver
                0x0000ee6c        0xa contiki-z1.a(sicslowpan.o)
                0x0000ee6c                sicslowpan_driver
 .rodata.llprefix
                0x0000ee76        0x2 contiki-z1.a(sicslowpan.o)
                0x0000ee76                llprefix
 .rodata.unc_mxconf
                0x0000ee78        0x4 contiki-z1.a(sicslowpan.o)
                0x0000ee78                unc_mxconf
 .rodata.unc_ctxconf
                0x0000ee7c        0x4 contiki-z1.a(sicslowpan.o)
                0x0000ee7c                unc_ctxconf
 .rodata.unc_llconf
                0x0000ee80        0x4 contiki-z1.a(sicslowpan.o)
                0x0000ee80                unc_llconf
 .rodata.ttl_values
                0x0000ee84        0x4 contiki-z1.a(sicslowpan.o)
 .rodata.uip_process
                0x0000ee88       0x40 contiki-z1.a(uip6.o)
 .rodata        0x0000eec8        0xd contiki-z1.a(tcpip.o)
 .rodata.uip_debug_ipaddr_print
                0x0000eed5       0x15 contiki-z1.a(uip-debug.o)
 .rodata.linkaddr_null
                0x0000eeea        0x8 contiki-z1.a(linkaddr.o)
                0x0000eeea                linkaddr_null
 .rodata.framer_802154
                0x0000eef2       0x10 contiki-z1.a(framer-802154.o)
                0x0000eef2                framer_802154
 .rodata        0x0000ef02        0x8 contiki-z1.a(nullmac.o)
 .rodata.nullmac_driver
                0x0000ef0a       0x1a contiki-z1.a(nullmac.o)
                0x0000ef0a                nullmac_driver
 .rodata        0x0000ef24        0x8 contiki-z1.a(nullrdc.o)
 .rodata.nullrdc_driver
                0x0000ef2c       0x1e contiki-z1.a(nullrdc.o)
                0x0000ef2c                nullrdc_driver
 .rodata        0x0000ef4a        0x8 contiki-z1.a(nullsec.o)
 .rodata.nullsec_driver
                0x0000ef52       0x16 contiki-z1.a(nullsec.o)
                0x0000ef52                nullsec_driver
 .rodata.CSWTCH.5
                0x0000ef68        0x2 contiki-z1.a(frame802154.o)
 .rodata.vuprintf
                0x0000ef6a        0x7 /usr/local/msp430/bin/../lib/gcc/msp430/4.7.0/../../../../msp430/lib/mcpu-430x/mmpy-16/msr20/mc20/libc.a(vuprintf.o)
 *(.near.rodata .near.rodata.*)
                0x0000ef72                . = ALIGN (0x2)
                0x0000ef72                _etext = .

.data           0x00001100      0x188 load address 0x0000ef72
                0x00001100                . = ALIGN (0x2)
                0x00001100                __data_start = .
 *(.data .data.* .gnu.linkonce.d.*)
 .data.server   0x00001100        0xc etag-resource.co
                0x00001100                server
 .data.resource_example
                0x0000110c       0x1c etag-resource.co
                0x0000110c                resource_example
 .data.value    0x00001128        0x2 etag-resource.co
 .data.sensors  0x0000112a        0x4 obj_z1/contiki-z1-main.o
                0x0000112a                sensors
 .data.coap_error_message
                0x0000112e        0x2 contiki-z1.a(er-coap.o)
                0x0000112e                coap_error_message
 .data.coap_engine
                0x00001130        0xc contiki-z1.a(er-coap-engine.)
                0x00001130                coap_engine
 .data.transactions_memb
                0x0000113c        0x8 contiki-z1.a(er-coap-transac)
 .data.observers_memb
                0x00001144        0x8 contiki-z1.a(er-coap-observe)
 .data.res_well_known_core
                0x0000114c       0x1c contiki-z1.a(er-coap-res-wel)
                0x0000114c                res_well_known_core
 .data.rest_engine_process
                0x00001168        0xc contiki-z1.a(rest-engine.o)
                0x00001168                rest_engine_process
 .data.cur_break
                0x00001174        0x2 contiki-z1.a(msp430.o)
 .data.cc2420_process
                0x00001176        0xc contiki-z1.a(cc2420.o)
                0x00001176                cc2420_process
 .data.sensors_process
                0x00001182        0xc contiki-z1.a(sensors.o)
                0x00001182                sensors_process
 .data.accmeter_process
                0x0000118e        0xc contiki-z1.a(adxl345.o)
                0x0000118e                accmeter_process
 .data.adxl345_default_settings
                0x0000119a       0x16 contiki-z1.a(adxl345.o)
 .data.ctimer_process
                0x000011b0        0xc contiki-z1.a(ctimer.o)
                0x000011b0                ctimer_process
 .data.etimer_process
                0x000011bc        0xc contiki-z1.a(etimer.o)
                0x000011bc                etimer_process
 .data.ds6_neighbors
                0x000011c8        0x2 contiki-z1.a(uip-ds6-nbr.o)
                0x000011c8                ds6_neighbors
 .data.ds6_neighbors_struct
                0x000011ca        0xa contiki-z1.a(uip-ds6-nbr.o)
 .data.routememb
                0x000011d4        0x8 contiki-z1.a(uip-ds6-route.o)
 .data.defaultroutermemb
                0x000011dc        0x8 contiki-z1.a(uip-ds6-route.o)
 .data.nbr_routes_struct
                0x000011e4        0xa contiki-z1.a(uip-ds6-route.o)
 .data.neighborroutememb
                0x000011ee        0x8 contiki-z1.a(uip-ds6-route.o)
 .data.echo_request_handler
                0x000011f6        0x8 contiki-z1.a(uip-icmp6.o)
 .data.echo_reply_handler
                0x000011fe        0x8 contiki-z1.a(uip-icmp6.o)
 .data.ns_input_handler
                0x00001206        0x8 contiki-z1.a(uip-nd6.o)
 .data.na_input_handler
                0x0000120e        0x8 contiki-z1.a(uip-nd6.o)
 .data.tcpip_process
                0x00001216        0xc contiki-z1.a(tcpip.o)
                0x00001216                tcpip_process
 .data.rpl_parents
                0x00001222        0x2 contiki-z1.a(rpl-dag.o)
                0x00001222                rpl_parents
 .data.rpl_parents_struct
                0x00001224        0xa contiki-z1.a(rpl-dag.o)
 .data.dao_sequence
                0x0000122e        0x1 contiki-z1.a(rpl-icmp6.o)
 *fill*         0x0000122f        0x1 00
 .data.dis_handler
                0x00001230        0x8 contiki-z1.a(rpl-icmp6.o)
 .data.dio_handler
                0x00001238        0x8 contiki-z1.a(rpl-icmp6.o)
 .data.dao_handler
                0x00001240        0x8 contiki-z1.a(rpl-icmp6.o)
 .data.dao_ack_handler
                0x00001248        0x8 contiki-z1.a(rpl-icmp6.o)
 .data.rpl_mrhof
                0x00001250       0x1a contiki-z1.a(rpl-mrhof.o)
                0x00001250                rpl_mrhof
 .data.neighbor_addr_mem
                0x0000126a        0x8 contiki-z1.a(nbr-table.o)
 .data.buframmem
                0x00001272        0x8 contiki-z1.a(queuebuf.o)
 .data.bufmem   0x0000127a        0x8 contiki-z1.a(queuebuf.o)
 .data.prescale_lsb
                0x00001282        0x1 contiki-z1.a(i2cmaster.o)
                0x00001282                prescale_lsb
 *fill*         0x00001283        0x1 00
 .data.next     0x00001284        0x4 /usr/local/msp430/bin/../lib/gcc/msp430/4.7.0/../../../../msp430/lib/mcpu-430x/mmpy-16/msr20/mc20/libc.a(rand.o)
 *(.near.data .near.data.*)
                0x00001288                . = ALIGN (0x2)
                0x00001288                _edata = .
                0x0000ef72                __data_load_start = LOADADDR (.data)
                0x00000188                __data_size = SIZEOF (.data)

.bss            0x00001288     0x1510 load address 0x0000f0fa
                0x00001288                __bss_start = .
 *(.bss .bss.*)